70.197.136.241 - - [06/Jun/2016:20:08:16 -0400] "POST /admin/shop/subcategory/add/ HTTP/1.1" 302 657 "http://campusthrift.ansario.com/admin/shop/subcategory/add/" "Mozilla/5.0 (Macintosh; Intel Mac OS X 10_11_4) AppleWebKit/537.36 (KHTML, like Gecko) Chrome/48.0.2564.116 Safari/537.36"
70.197.136.241 - - [06/Jun/2016:20:08:16 -0400] "GET /admin/shop/subcategory/add/ HTTP/1.1" 200 2334 "http://campusthrift.ansario.com/admin/shop/subcategory/add/" "Mozilla/5.0 (Macintosh; Intel Mac OS X 10_11_4) AppleWebKit/537.36 (KHTML, like Gecko) Chrome/48.0.2564.116 Safari/537.36"
70.197.136.241 - - [06/Jun/2016:20:08:16 -0400] "GET /admin/jsi18n/ HTTP/1.1" 200 3473 "http://campusthrift.ansario.com/admin/shop/subcategory/add/" "Mozilla/5.0 (Macintosh; Intel Mac OS X 10_11_4) AppleWebKit/537.36 (KHTML, like Gecko) Chrome/48.0.2564.116 Safari/537.36"
70.197.136.241 - - [06/Jun/2016:20:08:26 -0400] "POST /admin/shop/subcategory/add/ HTTP/1.1" 302 660 "http://campusthrift.ansario.com/admin/shop/subcategory/add/" "Mozilla/5.0 (Macintosh; Intel Mac OS X 10_11_4) AppleWebKit/537.36 (KHTML, like Gecko) Chrome/48.0.2564.116 Safari/537.36"
70.197.136.241 - - [06/Jun/2016:20:08:26 -0400] "GET /admin/shop/subcategory/add/ HTTP/1.1" 200 2340 "http://campusthrift.ansario.com/admin/shop/subcategory/add/" "Mozilla/5.0 (Macintosh; Intel Mac OS X 10_11_4) AppleWebKit/537.36 (KHTML, like Gecko) Chrome/48.0.2564.116 Safari/537.36"
70.197.136.241 - - [06/Jun/2016:20:08:26 -0400] "GET /admin/jsi18n/ HTTP/1.1" 200 3473 "http://campusthrift.ansario.com/admin/shop/subcategory/add/" "Mozilla/5.0 (Macintosh; Intel Mac OS X 10_11_4) AppleWebKit/537.36 (KHTML, like Gecko) Chrome/48.0.2564.116 Safari/537.36"
70.197.136.241 - - [06/Jun/2016:20:08:33 -0400] "POST /admin/shop/subcategory/add/ HTTP/1.1" 302 660 "http://campusthrift.ansario.com/admin/shop/subcategory/add/" "Mozilla/5.0 (Macintosh; Intel Mac OS X 10_11_4) AppleWebKit/537.36 (KHTML, like Gecko) Chrome/48.0.2564.116 Safari/537.36"
70.197.136.241 - - [06/Jun/2016:20:08:33 -0400] "GET /admin/shop/subcategory/add/ HTTP/1.1" 200 2340 "http://campusthrift.ansario.com/admin/shop/subcategory/add/" "Mozilla/5.0 (Macintosh; Intel Mac OS X 10_11_4) AppleWebKit/537.36 (KHTML, like Gecko) Chrome/48.0.2564.116 Safari/537.36"
70.197.136.241 - - [06/Jun/2016:20:08:34 -0400] "GET /admin/jsi18n/ HTTP/1.1" 200 3473 "http://campusthrift.ansario.com/admin/shop/subcategory/add/" "Mozilla/5.0 (Macintosh; Intel Mac OS X 10_11_4) AppleWebKit/537.36 (KHTML, like Gecko) Chrome/48.0.2564.116 Safari/537.36"
70.197.136.241 - - [06/Jun/2016:20:08:48 -0400] "POST /admin/shop/subcategory/add/ HTTP/1.1" 302 662 "http://campusthrift.ansario.com/admin/shop/subcategory/add/" "Mozilla/5.0 (Macintosh; Intel Mac OS X 10_11_4) AppleWebKit/537.36 (KHTML, like Gecko) Chrome/48.0.2564.116 Safari/537.36"
70.197.136.241 - - [06/Jun/2016:20:08:48 -0400] "GET /admin/shop/subcategory/add/ HTTP/1.1" 200 2338 "http://campusthrift.ansario.com/admin/shop/subcategory/add/" "Mozilla/5.0 (Macintosh; Intel Mac OS X 10_11_4) AppleWebKit/537.36 (KHTML, like Gecko) Chrome/48.0.2564.116 Safari/537.36"
70.197.136.241 - - [06/Jun/2016:20:08:48 -0400] "GET /admin/jsi18n/ HTTP/1.1" 200 3473 "http://campusthrift.ansario.com/admin/shop/subcategory/add/" "Mozilla/5.0 (Macintosh; Intel Mac OS X 10_11_4) AppleWebKit/537.36 (KHTML, like Gecko) Chrome/48.0.2564.116 Safari/537.36"
70.197.136.241 - - [06/Jun/2016:20:08:55 -0400] "POST /admin/shop/subcategory/add/ HTTP/1.1" 302 655 "http://campusthrift.ansario.com/admin/shop/subcategory/add/" "Mozilla/5.0 (Macintosh; Intel Mac OS X 10_11_4) AppleWebKit/537.36 (KHTML, like Gecko) Chrome/48.0.2564.116 Safari/537.36"
70.197.136.241 - - [06/Jun/2016:20:08:55 -0400] "GET /admin/shop/subcategory/add/ HTTP/1.1" 200 2331 "http://campusthrift.ansario.com/admin/shop/subcategory/add/" "Mozilla/5.0 (Macintosh; Intel Mac OS X 10_11_4) AppleWebKit/537.36 (KHTML, like Gecko) Chrome/48.0.2564.116 Safari/537.36"
70.197.136.241 - - [06/Jun/2016:20:08:55 -0400] "GET /admin/jsi18n/ HTTP/1.1" 200 3473 "http://campusthrift.ansario.com/admin/shop/subcategory/add/" "Mozilla/5.0 (Macintosh; Intel Mac OS X 10_11_4) AppleWebKit/537.36 (KHTML, like Gecko) Chrome/48.0.2564.116 Safari/537.36"
70.197.136.241 - - [06/Jun/2016:20:09:11 -0400] "POST /admin/shop/subcategory/add/ HTTP/1.1" 302 665 "http://campusthrift.ansario.com/admin/shop/subcategory/add/" "Mozilla/5.0 (Macintosh; Intel Mac OS X 10_11_4) AppleWebKit/537.36 (KHTML, like Gecko) Chrome/48.0.2564.116 Safari/537.36"
70.197.136.241 - - [06/Jun/2016:20:09:11 -0400] "GET /admin/shop/subcategory/add/ HTTP/1.1" 200 2343 "http://campusthrift.ansario.com/admin/shop/subcategory/add/" "Mozilla/5.0 (Macintosh; Intel Mac OS X 10_11_4) AppleWebKit/537.36 (KHTML, like Gecko) Chrome/48.0.2564.116 Safari/537.36"
70.197.136.241 - - [06/Jun/2016:20:09:11 -0400] "GET /static/admin/css/base.css HTTP/1.1" 200 4024 "http://campusthrift.ansario.com/admin/shop/subcategory/add/" "Mozilla/5.0 (Macintosh; Intel Mac OS X 10_11_4) AppleWebKit/537.36 (KHTML, like Gecko) Chrome/48.0.2564.116 Safari/537.36"
70.197.136.241 - - [06/Jun/2016:20:09:11 -0400] "GET /static/admin/css/forms.css HTTP/1.1" 200 2339 "http://campusthrift.ansario.com/admin/shop/subcategory/add/" "Mozilla/5.0 (Macintosh; Intel Mac OS X 10_11_4) AppleWebKit/537.36 (KHTML, like Gecko) Chrome/48.0.2564.116 Safari/537.36"
70.197.136.241 - - [06/Jun/2016:20:09:11 -0400] "GET /static/admin/js/core.js HTTP/1.1" 200 2514 "http://campusthrift.ansario.com/admin/shop/subcategory/add/" "Mozilla/5.0 (Macintosh; Intel Mac OS X 10_11_4) AppleWebKit/537.36 (KHTML, like Gecko) Chrome/48.0.2564.116 Safari/537.36"
70.197.136.241 - - [06/Jun/2016:20:09:11 -0400] "GET /static/admin/js/jquery.init.js HTTP/1.1" 200 589 "http://campusthrift.ansario.com/admin/shop/subcategory/add/" "Mozilla/5.0 (Macintosh; Intel Mac OS X 10_11_4) AppleWebKit/537.36 (KHTML, like Gecko) Chrome/48.0.2564.116 Safari/537.36"
70.197.136.241 - - [06/Jun/2016:20:09:11 -0400] "GET /static/admin/js/vendor/jquery/jquery.min.js HTTP/1.1" 200 29885 "http://campusthrift.ansario.com/admin/shop/subcategory/add/" "Mozilla/5.0 (Macintosh; Intel Mac OS X 10_11_4) AppleWebKit/537.36 (KHTML, like Gecko) Chrome/48.0.2564.116 Safari/537.36"
70.197.136.241 - - [06/Jun/2016:20:09:11 -0400] "GET /admin/jsi18n/ HTTP/1.1" 200 3474 "http://campusthrift.ansario.com/admin/shop/subcategory/add/" "Mozilla/5.0 (Macintosh; Intel Mac OS X 10_11_4) AppleWebKit/537.36 (KHTML, like Gecko) Chrome/48.0.2564.116 Safari/537.36"
70.197.136.241 - - [06/Jun/2016:20:09:11 -0400] "GET /static/admin/js/admin/RelatedObjectLookups.js HTTP/1.1" 200 2236 "http://campusthrift.ansario.com/admin/shop/subcategory/add/" "Mozilla/5.0 (Macintosh; Intel Mac OS X 10_11_4) AppleWebKit/537.36 (KHTML, like Gecko) Chrome/48.0.2564.116 Safari/537.36"
70.197.136.241 - - [06/Jun/2016:20:09:11 -0400] "GET /static/admin/css/fonts.css HTTP/1.1" 200 485 "http://campusthrift.ansario.com/admin/shop/subcategory/add/" "Mozilla/5.0 (Macintosh; Intel Mac OS X 10_11_4) AppleWebKit/537.36 (KHTML, like Gecko) Chrome/48.0.2564.116 Safari/537.36"
70.197.136.241 - - [06/Jun/2016:20:09:11 -0400] "GET /static/admin/css/widgets.css HTTP/1.1" 200 2566 "http://campusthrift.ansario.com/admin/shop/subcategory/add/" "Mozilla/5.0 (Macintosh; Intel Mac OS X 10_11_4) AppleWebKit/537.36 (KHTML, like Gecko) Chrome/48.0.2564.116 Safari/537.36"
70.197.136.241 - - [06/Jun/2016:20:09:11 -0400] "GET /static/admin/js/actions.min.js HTTP/1.1" 200 1420 "http://campusthrift.ansario.com/admin/shop/subcategory/add/" "Mozilla/5.0 (Macintosh; Intel Mac OS X 10_11_4) AppleWebKit/537.36 (KHTML, like Gecko) Chrome/48.0.2564.116 Safari/537.36"
70.197.136.241 - - [06/Jun/2016:20:09:11 -0400] "GET /static/admin/js/urlify.js HTTP/1.1" 200 2933 "http://campusthrift.ansario.com/admin/shop/subcategory/add/" "Mozilla/5.0 (Macintosh; Intel Mac OS X 10_11_4) AppleWebKit/537.36 (KHTML, like Gecko) Chrome/48.0.2564.116 Safari/537.36"
70.197.136.241 - - [06/Jun/2016:20:09:11 -0400] "GET /static/admin/js/prepopulate.min.js HTTP/1.1" 200 591 "http://campusthrift.ansario.com/admin/shop/subcategory/add/" "Mozilla/5.0 (Macintosh; Intel Mac OS X 10_11_4) AppleWebKit/537.36 (KHTML, like Gecko) Chrome/48.0.2564.116 Safari/537.36"
70.197.136.241 - - [06/Jun/2016:20:09:11 -0400] "GET /static/admin/js/vendor/xregexp/xregexp.min.js HTTP/1.1" 200 23834 "http://campusthrift.ansario.com/admin/shop/subcategory/add/" "Mozilla/5.0 (Macintosh; Intel Mac OS X 10_11_4) AppleWebKit/537.36 (KHTML, like Gecko) Chrome/48.0.2564.116 Safari/537.36"
70.197.136.241 - - [06/Jun/2016:20:09:12 -0400] "GET /static/admin/img/icon-changelink.svg HTTP/1.1" 304 179 "http://campusthrift.ansario.com/admin/shop/subcategory/add/" "Mozilla/5.0 (Macintosh; Intel Mac OS X 10_11_4) AppleWebKit/537.36 (KHTML, like Gecko) Chrome/48.0.2564.116 Safari/537.36"
70.197.136.241 - - [06/Jun/2016:20:09:12 -0400] "GET /static/admin/img/icon-addlink.svg HTTP/1.1" 304 179 "http://campusthrift.ansario.com/admin/shop/subcategory/add/" "Mozilla/5.0 (Macintosh; Intel Mac OS X 10_11_4) AppleWebKit/537.36 (KHTML, like Gecko) Chrome/48.0.2564.116 Safari/537.36"
70.197.136.241 - - [06/Jun/2016:20:09:12 -0400] "GET /static/admin/fonts/Roboto-Light-webfont.woff HTTP/1.1" 304 181 "http://campusthrift.ansario.com/admin/shop/subcategory/add/" "Mozilla/5.0 (Macintosh; Intel Mac OS X 10_11_4) AppleWebKit/537.36 (KHTML, like Gecko) Chrome/48.0.2564.116 Safari/537.36"
70.197.136.241 - - [06/Jun/2016:20:09:12 -0400] "GET /static/admin/fonts/Roboto-Bold-webfont.woff HTTP/1.1" 304 181 "http://campusthrift.ansario.com/admin/shop/subcategory/add/" "Mozilla/5.0 (Macintosh; Intel Mac OS X 10_11_4) AppleWebKit/537.36 (KHTML, like Gecko) Chrome/48.0.2564.116 Safari/537.36"
70.197.136.241 - - [06/Jun/2016:20:09:12 -0400] "GET /static/admin/fonts/Roboto-Regular-webfont.woff HTTP/1.1" 304 181 "http://campusthrift.ansario.com/admin/shop/subcategory/add/" "Mozilla/5.0 (Macintosh; Intel Mac OS X 10_11_4) AppleWebKit/537.36 (KHTML, like Gecko) Chrome/48.0.2564.116 Safari/537.36"
::1 - - [06/Jun/2016:20:09:19 -0400] "OPTIONS * HTTP/1.0" 200 125 "-" "Apache/2.4.7 (Ubuntu) PHP/5.5.9-1ubuntu4.14 OpenSSL/1.0.1f mod_wsgi/3.4 Python/2.7.6 (internal dummy connection)"
70.197.136.241 - - [06/Jun/2016:20:09:25 -0400] "POST /admin/shop/subcategory/add/ HTTP/1.1" 302 662 "http://campusthrift.ansario.com/admin/shop/subcategory/add/" "Mozilla/5.0 (Macintosh; Intel Mac OS X 10_11_4) AppleWebKit/537.36 (KHTML, like Gecko) Chrome/48.0.2564.116 Safari/537.36"
70.197.136.241 - - [06/Jun/2016:20:09:25 -0400] "GET /admin/shop/subcategory/add/ HTTP/1.1" 200 2338 "http://campusthrift.ansario.com/admin/shop/subcategory/add/" "Mozilla/5.0 (Macintosh; Intel Mac OS X 10_11_4) AppleWebKit/537.36 (KHTML, like Gecko) Chrome/48.0.2564.116 Safari/537.36"
70.197.136.241 - - [06/Jun/2016:20:09:26 -0400] "GET /admin/jsi18n/ HTTP/1.1" 200 3473 "http://campusthrift.ansario.com/admin/shop/subcategory/add/" "Mozilla/5.0 (Macintosh; Intel Mac OS X 10_11_4) AppleWebKit/537.36 (KHTML, like Gecko) Chrome/48.0.2564.116 Safari/537.36"
70.197.136.241 - - [06/Jun/2016:20:09:31 -0400] "POST /admin/shop/subcategory/add/ HTTP/1.1" 302 652 "http://campusthrift.ansario.com/admin/shop/subcategory/add/" "Mozilla/5.0 (Macintosh; Intel Mac OS X 10_11_4) AppleWebKit/537.36 (KHTML, like Gecko) Chrome/48.0.2564.116 Safari/537.36"
70.197.136.241 - - [06/Jun/2016:20:09:31 -0400] "GET /admin/shop/subcategory/17/change/ HTTP/1.1" 200 2374 "http://campusthrift.ansario.com/admin/shop/subcategory/add/" "Mozilla/5.0 (Macintosh; Intel Mac OS X 10_11_4) AppleWebKit/537.36 (KHTML, like Gecko) Chrome/48.0.2564.116 Safari/537.36"
70.197.136.241 - - [06/Jun/2016:20:09:32 -0400] "GET /admin/jsi18n/ HTTP/1.1" 200 3473 "http://campusthrift.ansario.com/admin/shop/subcategory/17/change/" "Mozilla/5.0 (Macintosh; Intel Mac OS X 10_11_4) AppleWebKit/537.36 (KHTML, like Gecko) Chrome/48.0.2564.116 Safari/537.36"
70.197.136.241 - - [06/Jun/2016:20:09:33 -0400] "POST /admin/shop/subcategory/17/change/ HTTP/1.1" 302 657 "http://campusthrift.ansario.com/admin/shop/subcategory/17/change/" "Mozilla/5.0 (Macintosh; Intel Mac OS X 10_11_4) AppleWebKit/537.36 (KHTML, like Gecko) Chrome/48.0.2564.116 Safari/537.36"
70.197.136.241 - - [06/Jun/2016:20:09:34 -0400] "GET /admin/shop/subcategory/add/ HTTP/1.1" 200 2331 "http://campusthrift.ansario.com/admin/shop/subcategory/17/change/" "Mozilla/5.0 (Macintosh; Intel Mac OS X 10_11_4) AppleWebKit/537.36 (KHTML, like Gecko) Chrome/48.0.2564.116 Safari/537.36"
70.197.136.241 - - [06/Jun/2016:20:09:34 -0400] "GET /admin/jsi18n/ HTTP/1.1" 200 3473 "http://campusthrift.ansario.com/admin/shop/subcategory/add/" "Mozilla/5.0 (Macintosh; Intel Mac OS X 10_11_4) AppleWebKit/537.36 (KHTML, like Gecko) Chrome/48.0.2564.116 Safari/537.36"
70.197.136.241 - - [06/Jun/2016:20:09:43 -0400] "POST /admin/shop/subcategory/add/ HTTP/1.1" 302 664 "http://campusthrift.ansario.com/admin/shop/subcategory/add/" "Mozilla/5.0 (Macintosh; Intel Mac OS X 10_11_4) AppleWebKit/537.36 (KHTML, like Gecko) Chrome/48.0.2564.116 Safari/537.36"
70.197.136.241 - - [06/Jun/2016:20:09:43 -0400] "GET /admin/shop/subcategory/add/ HTTP/1.1" 200 2340 "http://campusthrift.ansario.com/admin/shop/subcategory/add/" "Mozilla/5.0 (Macintosh; Intel Mac OS X 10_11_4) AppleWebKit/537.36 (KHTML, like Gecko) Chrome/48.0.2564.116 Safari/537.36"
70.197.136.241 - - [06/Jun/2016:20:09:43 -0400] "GET /admin/jsi18n/ HTTP/1.1" 200 3473 "http://campusthrift.ansario.com/admin/shop/subcategory/add/" "Mozilla/5.0 (Macintosh; Intel Mac OS X 10_11_4) AppleWebKit/537.36 (KHTML, like Gecko) Chrome/48.0.2564.116 Safari/537.36"
70.197.136.241 - - [06/Jun/2016:20:09:43 -0400] "GET /static/admin/img/icon-yes.svg HTTP/1.1" 304 179 "http://campusthrift.ansario.com/admin/shop/subcategory/add/" "Mozilla/5.0 (Macintosh; Intel Mac OS X 10_11_4) AppleWebKit/537.36 (KHTML, like Gecko) Chrome/48.0.2564.116 Safari/537.36"
70.197.136.241 - - [06/Jun/2016:20:09:50 -0400] "POST /admin/shop/subcategory/add/ HTTP/1.1" 302 666 "http://campusthrift.ansario.com/admin/shop/subcategory/add/" "Mozilla/5.0 (Macintosh; Intel Mac OS X 10_11_4) AppleWebKit/537.36 (KHTML, like Gecko) Chrome/48.0.2564.116 Safari/537.36"
70.197.136.241 - - [06/Jun/2016:20:09:50 -0400] "GET /admin/shop/subcategory/add/ HTTP/1.1" 200 2341 "http://campusthrift.ansario.com/admin/shop/subcategory/add/" "Mozilla/5.0 (Macintosh; Intel Mac OS X 10_11_4) AppleWebKit/537.36 (KHTML, like Gecko) Chrome/48.0.2564.116 Safari/537.36"
70.197.136.241 - - [06/Jun/2016:20:09:50 -0400] "GET /admin/jsi18n/ HTTP/1.1" 200 3473 "http://campusthrift.ansario.com/admin/shop/subcategory/add/" "Mozilla/5.0 (Macintosh; Intel Mac OS X 10_11_4) AppleWebKit/537.36 (KHTML, like Gecko) Chrome/48.0.2564.116 Safari/537.36"
70.197.136.241 - - [06/Jun/2016:20:10:15 -0400] "POST /admin/shop/subcategory/add/ HTTP/1.1" 302 667 "http://campusthrift.ansario.com/admin/shop/subcategory/add/" "Mozilla/5.0 (Macintosh; Intel Mac OS X 10_11_4) AppleWebKit/537.36 (KHTML, like Gecko) Chrome/48.0.2564.116 Safari/537.36"
70.197.136.241 - - [06/Jun/2016:20:10:15 -0400] "GET /admin/shop/subcategory/add/ HTTP/1.1" 200 2345 "http://campusthrift.ansario.com/admin/shop/subcategory/add/" "Mozilla/5.0 (Macintosh; Intel Mac OS X 10_11_4) AppleWebKit/537.36 (KHTML, like Gecko) Chrome/48.0.2564.116 Safari/537.36"
70.197.136.241 - - [06/Jun/2016:20:10:15 -0400] "GET /admin/jsi18n/ HTTP/1.1" 200 3473 "http://campusthrift.ansario.com/admin/shop/subcategory/add/" "Mozilla/5.0 (Macintosh; Intel Mac OS X 10_11_4) AppleWebKit/537.36 (KHTML, like Gecko) Chrome/48.0.2564.116 Safari/537.36"
70.197.136.241 - - [06/Jun/2016:20:10:20 -0400] "POST /admin/shop/subcategory/add/ HTTP/1.1" 302 653 "http://campusthrift.ansario.com/admin/shop/subcategory/add/" "Mozilla/5.0 (Macintosh; Intel Mac OS X 10_11_4) AppleWebKit/537.36 (KHTML, like Gecko) Chrome/48.0.2564.116 Safari/537.36"
70.197.136.241 - - [06/Jun/2016:20:10:20 -0400] "GET /admin/shop/subcategory/add/ HTTP/1.1" 200 2327 "http://campusthrift.ansario.com/admin/shop/subcategory/add/" "Mozilla/5.0 (Macintosh; Intel Mac OS X 10_11_4) AppleWebKit/537.36 (KHTML, like Gecko) Chrome/48.0.2564.116 Safari/537.36"
70.197.136.241 - - [06/Jun/2016:20:10:21 -0400] "GET /admin/jsi18n/ HTTP/1.1" 200 3473 "http://campusthrift.ansario.com/admin/shop/subcategory/add/" "Mozilla/5.0 (Macintosh; Intel Mac OS X 10_11_4) AppleWebKit/537.36 (KHTML, like Gecko) Chrome/48.0.2564.116 Safari/537.36"
70.197.136.241 - - [06/Jun/2016:20:10:29 -0400] "POST /admin/shop/subcategory/add/ HTTP/1.1" 302 660 "http://campusthrift.ansario.com/admin/shop/subcategory/add/" "Mozilla/5.0 (Macintosh; Intel Mac OS X 10_11_4) AppleWebKit/537.36 (KHTML, like Gecko) Chrome/48.0.2564.116 Safari/537.36"
70.197.136.241 - - [06/Jun/2016:20:10:29 -0400] "GET /admin/shop/subcategory/add/ HTTP/1.1" 200 2339 "http://campusthrift.ansario.com/admin/shop/subcategory/add/" "Mozilla/5.0 (Macintosh; Intel Mac OS X 10_11_4) AppleWebKit/537.36 (KHTML, like Gecko) Chrome/48.0.2564.116 Safari/537.36"
70.197.136.241 - - [06/Jun/2016:20:10:29 -0400] "GET /admin/jsi18n/ HTTP/1.1" 200 3473 "http://campusthrift.ansario.com/admin/shop/subcategory/add/" "Mozilla/5.0 (Macintosh; Intel Mac OS X 10_11_4) AppleWebKit/537.36 (KHTML, like Gecko) Chrome/48.0.2564.116 Safari/537.36"
70.197.136.241 - - [06/Jun/2016:20:10:36 -0400] "POST /admin/shop/subcategory/add/ HTTP/1.1" 302 662 "http://campusthrift.ansario.com/admin/shop/subcategory/add/" "Mozilla/5.0 (Macintosh; Intel Mac OS X 10_11_4) AppleWebKit/537.36 (KHTML, like Gecko) Chrome/48.0.2564.116 Safari/537.36"
70.197.136.241 - - [06/Jun/2016:20:10:36 -0400] "GET /admin/shop/subcategory/add/ HTTP/1.1" 200 2336 "http://campusthrift.ansario.com/admin/shop/subcategory/add/" "Mozilla/5.0 (Macintosh; Intel Mac OS X 10_11_4) AppleWebKit/537.36 (KHTML, like Gecko) Chrome/48.0.2564.116 Safari/537.36"
70.197.136.241 - - [06/Jun/2016:20:10:36 -0400] "GET /admin/jsi18n/ HTTP/1.1" 200 3473 "http://campusthrift.ansario.com/admin/shop/subcategory/add/" "Mozilla/5.0 (Macintosh; Intel Mac OS X 10_11_4) AppleWebKit/537.36 (KHTML, like Gecko) Chrome/48.0.2564.116 Safari/537.36"
70.197.136.241 - - [06/Jun/2016:20:10:51 -0400] "POST /admin/shop/subcategory/add/ HTTP/1.1" 302 657 "http://campusthrift.ansario.com/admin/shop/subcategory/add/" "Mozilla/5.0 (Macintosh; Intel Mac OS X 10_11_4) AppleWebKit/537.36 (KHTML, like Gecko) Chrome/48.0.2564.116 Safari/537.36"
70.197.136.241 - - [06/Jun/2016:20:10:51 -0400] "GET /admin/shop/subcategory/add/ HTTP/1.1" 200 2331 "http://campusthrift.ansario.com/admin/shop/subcategory/add/" "Mozilla/5.0 (Macintosh; Intel Mac OS X 10_11_4) AppleWebKit/537.36 (KHTML, like Gecko) Chrome/48.0.2564.116 Safari/537.36"
70.197.136.241 - - [06/Jun/2016:20:10:52 -0400] "GET /admin/jsi18n/ HTTP/1.1" 200 3473 "http://campusthrift.ansario.com/admin/shop/subcategory/add/" "Mozilla/5.0 (Macintosh; Intel Mac OS X 10_11_4) AppleWebKit/537.36 (KHTML, like Gecko) Chrome/48.0.2564.116 Safari/537.36"
70.197.136.241 - - [06/Jun/2016:20:11:01 -0400] "POST /admin/shop/subcategory/add/ HTTP/1.1" 302 657 "http://campusthrift.ansario.com/admin/shop/subcategory/add/" "Mozilla/5.0 (Macintosh; Intel Mac OS X 10_11_4) AppleWebKit/537.36 (KHTML, like Gecko) Chrome/48.0.2564.116 Safari/537.36"
70.197.136.241 - - [06/Jun/2016:20:11:01 -0400] "GET /admin/shop/subcategory/add/ HTTP/1.1" 200 2332 "http://campusthrift.ansario.com/admin/shop/subcategory/add/" "Mozilla/5.0 (Macintosh; Intel Mac OS X 10_11_4) AppleWebKit/537.36 (KHTML, like Gecko) Chrome/48.0.2564.116 Safari/537.36"
70.197.136.241 - - [06/Jun/2016:20:11:01 -0400] "GET /static/admin/css/base.css HTTP/1.1" 200 4024 "http://campusthrift.ansario.com/admin/shop/subcategory/add/" "Mozilla/5.0 (Macintosh; Intel Mac OS X 10_11_4) AppleWebKit/537.36 (KHTML, like Gecko) Chrome/48.0.2564.116 Safari/537.36"
70.197.136.241 - - [06/Jun/2016:20:11:01 -0400] "GET /static/admin/css/forms.css HTTP/1.1" 200 2339 "http://campusthrift.ansario.com/admin/shop/subcategory/add/" "Mozilla/5.0 (Macintosh; Intel Mac OS X 10_11_4) AppleWebKit/537.36 (KHTML, like Gecko) Chrome/48.0.2564.116 Safari/537.36"
70.197.136.241 - - [06/Jun/2016:20:11:01 -0400] "GET /static/admin/js/admin/RelatedObjectLookups.js HTTP/1.1" 200 2236 "http://campusthrift.ansario.com/admin/shop/subcategory/add/" "Mozilla/5.0 (Macintosh; Intel Mac OS X 10_11_4) AppleWebKit/537.36 (KHTML, like Gecko) Chrome/48.0.2564.116 Safari/537.36"
70.197.136.241 - - [06/Jun/2016:20:11:01 -0400] "GET /static/admin/js/jquery.init.js HTTP/1.1" 200 589 "http://campusthrift.ansario.com/admin/shop/subcategory/add/" "Mozilla/5.0 (Macintosh; Intel Mac OS X 10_11_4) AppleWebKit/537.36 (KHTML, like Gecko) Chrome/48.0.2564.116 Safari/537.36"
70.197.136.241 - - [06/Jun/2016:20:11:01 -0400] "GET /static/admin/js/core.js HTTP/1.1" 200 2514 "http://campusthrift.ansario.com/admin/shop/subcategory/add/" "Mozilla/5.0 (Macintosh; Intel Mac OS X 10_11_4) AppleWebKit/537.36 (KHTML, like Gecko) Chrome/48.0.2564.116 Safari/537.36"
70.197.136.241 - - [06/Jun/2016:20:11:01 -0400] "GET /static/admin/js/vendor/jquery/jquery.min.js HTTP/1.1" 200 29885 "http://campusthrift.ansario.com/admin/shop/subcategory/add/" "Mozilla/5.0 (Macintosh; Intel Mac OS X 10_11_4) AppleWebKit/537.36 (KHTML, like Gecko) Chrome/48.0.2564.116 Safari/537.36"
70.197.136.241 - - [06/Jun/2016:20:11:01 -0400] "GET /admin/jsi18n/ HTTP/1.1" 200 3474 "http://campusthrift.ansario.com/admin/shop/subcategory/add/" "Mozilla/5.0 (Macintosh; Intel Mac OS X 10_11_4) AppleWebKit/537.36 (KHTML, like Gecko) Chrome/48.0.2564.116 Safari/537.36"
70.197.136.241 - - [06/Jun/2016:20:11:01 -0400] "GET /static/admin/css/fonts.css HTTP/1.1" 200 485 "http://campusthrift.ansario.com/admin/shop/subcategory/add/" "Mozilla/5.0 (Macintosh; Intel Mac OS X 10_11_4) AppleWebKit/537.36 (KHTML, like Gecko) Chrome/48.0.2564.116 Safari/537.36"
70.197.136.241 - - [06/Jun/2016:20:11:01 -0400] "GET /static/admin/css/widgets.css HTTP/1.1" 200 2566 "http://campusthrift.ansario.com/admin/shop/subcategory/add/" "Mozilla/5.0 (Macintosh; Intel Mac OS X 10_11_4) AppleWebKit/537.36 (KHTML, like Gecko) Chrome/48.0.2564.116 Safari/537.36"
70.197.136.241 - - [06/Jun/2016:20:11:01 -0400] "GET /static/admin/js/actions.min.js HTTP/1.1" 200 1420 "http://campusthrift.ansario.com/admin/shop/subcategory/add/" "Mozilla/5.0 (Macintosh; Intel Mac OS X 10_11_4) AppleWebKit/537.36 (KHTML, like Gecko) Chrome/48.0.2564.116 Safari/537.36"
70.197.136.241 - - [06/Jun/2016:20:11:01 -0400] "GET /static/admin/js/urlify.js HTTP/1.1" 200 2933 "http://campusthrift.ansario.com/admin/shop/subcategory/add/" "Mozilla/5.0 (Macintosh; Intel Mac OS X 10_11_4) AppleWebKit/537.36 (KHTML, like Gecko) Chrome/48.0.2564.116 Safari/537.36"
70.197.136.241 - - [06/Jun/2016:20:11:01 -0400] "GET /static/admin/js/prepopulate.min.js HTTP/1.1" 200 591 "http://campusthrift.ansario.com/admin/shop/subcategory/add/" "Mozilla/5.0 (Macintosh; Intel Mac OS X 10_11_4) AppleWebKit/537.36 (KHTML, like Gecko) Chrome/48.0.2564.116 Safari/537.36"
70.197.136.241 - - [06/Jun/2016:20:11:01 -0400] "GET /static/admin/js/vendor/xregexp/xregexp.min.js HTTP/1.1" 200 23834 "http://campusthrift.ansario.com/admin/shop/subcategory/add/" "Mozilla/5.0 (Macintosh; Intel Mac OS X 10_11_4) AppleWebKit/537.36 (KHTML, like Gecko) Chrome/48.0.2564.116 Safari/537.36"
70.197.136.241 - - [06/Jun/2016:20:11:02 -0400] "GET /static/admin/img/icon-addlink.svg HTTP/1.1" 304 179 "http://campusthrift.ansario.com/admin/shop/subcategory/add/" "Mozilla/5.0 (Macintosh; Intel Mac OS X 10_11_4) AppleWebKit/537.36 (KHTML, like Gecko) Chrome/48.0.2564.116 Safari/537.36"
70.197.136.241 - - [06/Jun/2016:20:11:02 -0400] "GET /static/admin/img/icon-changelink.svg HTTP/1.1" 304 179 "http://campusthrift.ansario.com/admin/shop/subcategory/add/" "Mozilla/5.0 (Macintosh; Intel Mac OS X 10_11_4) AppleWebKit/537.36 (KHTML, like Gecko) Chrome/48.0.2564.116 Safari/537.36"
70.197.136.241 - - [06/Jun/2016:20:11:02 -0400] "GET /static/admin/fonts/Roboto-Light-webfont.woff HTTP/1.1" 304 181 "http://campusthrift.ansario.com/admin/shop/subcategory/add/" "Mozilla/5.0 (Macintosh; Intel Mac OS X 10_11_4) AppleWebKit/537.36 (KHTML, like Gecko) Chrome/48.0.2564.116 Safari/537.36"
70.197.136.241 - - [06/Jun/2016:20:11:02 -0400] "GET /static/admin/fonts/Roboto-Bold-webfont.woff HTTP/1.1" 304 181 "http://campusthrift.ansario.com/admin/shop/subcategory/add/" "Mozilla/5.0 (Macintosh; Intel Mac OS X 10_11_4) AppleWebKit/537.36 (KHTML, like Gecko) Chrome/48.0.2564.116 Safari/537.36"
70.197.136.241 - - [06/Jun/2016:20:11:02 -0400] "GET /static/admin/fonts/Roboto-Regular-webfont.woff HTTP/1.1" 304 181 "http://campusthrift.ansario.com/admin/shop/subcategory/add/" "Mozilla/5.0 (Macintosh; Intel Mac OS X 10_11_4) AppleWebKit/537.36 (KHTML, like Gecko) Chrome/48.0.2564.116 Safari/537.36"
70.197.136.241 - - [06/Jun/2016:20:11:04 -0400] "GET /admin/shop/subcategory/ HTTP/1.1" 200 2377 "http://campusthrift.ansario.com/admin/shop/subcategory/add/" "Mozilla/5.0 (Macintosh; Intel Mac OS X 10_11_4) AppleWebKit/537.36 (KHTML, like Gecko) Chrome/48.0.2564.116 Safari/537.36"
70.197.136.241 - - [06/Jun/2016:20:11:05 -0400] "GET /static/admin/css/changelists.css HTTP/1.1" 200 1820 "http://campusthrift.ansario.com/admin/shop/subcategory/" "Mozilla/5.0 (Macintosh; Intel Mac OS X 10_11_4) AppleWebKit/537.36 (KHTML, like Gecko) Chrome/48.0.2564.116 Safari/537.36"
70.197.136.241 - - [06/Jun/2016:20:11:05 -0400] "GET /admin/jsi18n/ HTTP/1.1" 200 3473 "http://campusthrift.ansario.com/admin/shop/subcategory/" "Mozilla/5.0 (Macintosh; Intel Mac OS X 10_11_4) AppleWebKit/537.36 (KHTML, like Gecko) Chrome/48.0.2564.116 Safari/537.36"
70.197.136.241 - - [06/Jun/2016:20:11:05 -0400] "GET /static/admin/img/tooltag-add.svg HTTP/1.1" 304 179 "http://campusthrift.ansario.com/admin/shop/subcategory/" "Mozilla/5.0 (Macintosh; Intel Mac OS X 10_11_4) AppleWebKit/537.36 (KHTML, like Gecko) Chrome/48.0.2564.116 Safari/537.36"
::1 - - [06/Jun/2016:20:11:13 -0400] "OPTIONS * HTTP/1.0" 200 125 "-" "Apache/2.4.7 (Ubuntu) PHP/5.5.9-1ubuntu4.14 OpenSSL/1.0.1f mod_wsgi/3.4 Python/2.7.6 (internal dummy connection)"
70.197.136.241 - - [06/Jun/2016:20:11:18 -0400] "GET / HTTP/1.1" 200 3467 "-" "Mozilla/5.0 (Macintosh; Intel Mac OS X 10_11_4) AppleWebKit/537.36 (KHTML, like Gecko) Chrome/48.0.2564.116 Safari/537.36"
70.197.136.241 - - [06/Jun/2016:20:11:19 -0400] "GET /static/js/jquery-1.12.3.min.js HTTP/1.1" 200 34146 "http://campusthrift.ansario.com/" "Mozilla/5.0 (Macintosh; Intel Mac OS X 10_11_4) AppleWebKit/537.36 (KHTML, like Gecko) Chrome/48.0.2564.116 Safari/537.36"
70.197.136.241 - - [06/Jun/2016:20:11:19 -0400] "GET /static/css/custom_styles.css HTTP/1.1" 200 2808 "http://campusthrift.ansario.com/" "Mozilla/5.0 (Macintosh; Intel Mac OS X 10_11_4) AppleWebKit/537.36 (KHTML, like Gecko) Chrome/48.0.2564.116 Safari/537.36"
70.197.136.241 - - [06/Jun/2016:20:11:19 -0400] "GET /static/js/bootstrap.min.js HTTP/1.1" 200 10116 "http://campusthrift.ansario.com/" "Mozilla/5.0 (Macintosh; Intel Mac OS X 10_11_4) AppleWebKit/537.36 (KHTML, like Gecko) Chrome/48.0.2564.116 Safari/537.36"
70.197.136.241 - - [06/Jun/2016:20:11:19 -0400] "GET /static/css/bootstrap.min.css HTTP/1.1" 200 20090 "http://campusthrift.ansario.com/" "Mozilla/5.0 (Macintosh; Intel Mac OS X 10_11_4) AppleWebKit/537.36 (KHTML, like Gecko) Chrome/48.0.2564.116 Safari/537.36"
70.197.136.241 - - [06/Jun/2016:20:11:19 -0400] "GET /static/js/mason.js HTTP/1.1" 200 3554 "http://campusthrift.ansario.com/" "Mozilla/5.0 (Macintosh; Intel Mac OS X 10_11_4) AppleWebKit/537.36 (KHTML, like Gecko) Chrome/48.0.2564.116 Safari/537.36"
70.197.136.241 - - [06/Jun/2016:20:11:19 -0400] "GET /static/css/magnifier.css HTTP/1.1" 200 583 "http://campusthrift.ansario.com/" "Mozilla/5.0 (Macintosh; Intel Mac OS X 10_11_4) AppleWebKit/537.36 (KHTML, like Gecko) Chrome/48.0.2564.116 Safari/537.36"
70.197.136.241 - - [06/Jun/2016:20:11:19 -0400] "GET /static/js/jquery.imageLens.js HTTP/1.1" 200 1204 "http://campusthrift.ansario.com/" "Mozilla/5.0 (Macintosh; Intel Mac OS X 10_11_4) AppleWebKit/537.36 (KHTML, like Gecko) Chrome/48.0.2564.116 Safari/537.36"
70.197.136.241 - - [06/Jun/2016:20:11:19 -0400] "GET /static/images/campusthrift%20logo.png HTTP/1.1" 304 180 "http://campusthrift.ansario.com/" "Mozilla/5.0 (Macintosh; Intel Mac OS X 10_11_4) AppleWebKit/537.36 (KHTML, like Gecko) Chrome/48.0.2564.116 Safari/537.36"
70.197.136.241 - - [06/Jun/2016:20:11:19 -0400] "GET /static/images/background.png HTTP/1.1" 304 180 "http://campusthrift.ansario.com/static/css/custom_styles.css" "Mozilla/5.0 (Macintosh; Intel Mac OS X 10_11_4) AppleWebKit/537.36 (KHTML, like Gecko) Chrome/48.0.2564.116 Safari/537.36"
70.197.136.241 - - [06/Jun/2016:20:11:19 -0400] "GET /static/images/campus_thrift_header.png HTTP/1.1" 304 182 "http://campusthrift.ansario.com/static/css/custom_styles.css" "Mozilla/5.0 (Macintosh; Intel Mac OS X 10_11_4) AppleWebKit/537.36 (KHTML, like Gecko) Chrome/48.0.2564.116 Safari/537.36"
70.197.136.241 - - [06/Jun/2016:20:11:20 -0400] "GET /shop HTTP/1.1" 301 263 "http://campusthrift.ansario.com/" "Mozilla/5.0 (Macintosh; Intel Mac OS X 10_11_4) AppleWebKit/537.36 (KHTML, like Gecko) Chrome/48.0.2564.116 Safari/537.36"
70.197.136.241 - - [06/Jun/2016:20:11:21 -0400] "GET /shop/ HTTP/1.1" 200 3071 "http://campusthrift.ansario.com/" "Mozilla/5.0 (Macintosh; Intel Mac OS X 10_11_4) AppleWebKit/537.36 (KHTML, like Gecko) Chrome/48.0.2564.116 Safari/537.36"
::1 - - [06/Jun/2016:20:11:28 -0400] "OPTIONS * HTTP/1.0" 200 125 "-" "Apache/2.4.7 (Ubuntu) PHP/5.5.9-1ubuntu4.14 OpenSSL/1.0.1f mod_wsgi/3.4 Python/2.7.6 (internal dummy connection)"
70.197.136.241 - - [06/Jun/2016:20:11:32 -0400] "GET /shop?q=test HTTP/1.1" 301 271 "http://campusthrift.ansario.com/shop/" "Mozilla/5.0 (Macintosh; Intel Mac OS X 10_11_4) AppleWebKit/537.36 (KHTML, like Gecko) Chrome/48.0.2564.116 Safari/537.36"
70.197.136.241 - - [06/Jun/2016:20:11:32 -0400] "GET /shop/?q=test HTTP/1.1" 200 3071 "http://campusthrift.ansario.com/shop/" "Mozilla/5.0 (Macintosh; Intel Mac OS X 10_11_4) AppleWebKit/537.36 (KHTML, like Gecko) Chrome/48.0.2564.116 Safari/537.36"
70.197.136.241 - - [06/Jun/2016:20:11:35 -0400] "GET /shop/category/Accessories/Makeup HTTP/1.1" 301 291 "http://campusthrift.ansario.com/shop/?q=test" "Mozilla/5.0 (Macintosh; Intel Mac OS X 10_11_4) AppleWebKit/537.36 (KHTML, like Gecko) Chrome/48.0.2564.116 Safari/537.36"
70.197.136.241 - - [06/Jun/2016:20:11:35 -0400] "GET /shop/category/Accessories/Makeup/ HTTP/1.1" 200 3071 "http://campusthrift.ansario.com/shop/?q=test" "Mozilla/5.0 (Macintosh; Intel Mac OS X 10_11_4) AppleWebKit/537.36 (KHTML, like Gecko) Chrome/48.0.2564.116 Safari/537.36"
70.197.136.241 - - [06/Jun/2016:20:12:02 -0400] "GET /shop/new HTTP/1.1" 200 4822 "http://campusthrift.ansario.com/shop/category/Accessories/Makeup/" "Mozilla/5.0 (Macintosh; Intel Mac OS X 10_11_4) AppleWebKit/537.36 (KHTML, like Gecko) Chrome/48.0.2564.116 Safari/537.36"
191.6.135.118 - - [06/Jun/2016:20:14:08 -0400] "GET / HTTP/1.1" 200 11730 "-" "curl/7.17.1 (mips-unknown-linux-gnu) libcurl/7.17.1 OpenSSL/0.9.8i zlib/1.2.3"
70.197.136.241 - - [06/Jun/2016:20:14:21 -0400] "GET /getdetails?cnt=+Apartment+ HTTP/1.1" 301 286 "http://campusthrift.ansario.com/shop/new" "Mozilla/5.0 (Macintosh; Intel Mac OS X 10_11_4) AppleWebKit/537.36 (KHTML, like Gecko) Chrome/48.0.2564.116 Safari/537.36"
70.197.136.241 - - [06/Jun/2016:20:14:21 -0400] "GET /getdetails/?cnt=+Apartment+ HTTP/1.1" 200 360 "http://campusthrift.ansario.com/shop/new" "Mozilla/5.0 (Macintosh; Intel Mac OS X 10_11_4) AppleWebKit/537.36 (KHTML, like Gecko) Chrome/48.0.2564.116 Safari/537.36"
70.197.136.241 - - [06/Jun/2016:20:14:37 -0400] "POST /shop/new HTTP/1.1" 500 259 "http://campusthrift.ansario.com/shop/new" "Mozilla/5.0 (Macintosh; Intel Mac OS X 10_11_4) AppleWebKit/537.36 (KHTML, like Gecko) Chrome/48.0.2564.116 Safari/537.36"
67.229.225.53 - - [06/Jun/2016:20:14:55 -0400] "GET /learn-java-lesson-5-strings/ HTTP/1.1" 200 2853 "http://ansario.com/" "Mozilla/5.0 (X11; Linux x86_64) AppleWebKit/537.36 (KHTML, like Gecko) Chrome/39.0.2171.99 Safari/537.36"
70.197.136.241 - - [06/Jun/2016:20:15:35 -0400] "POST /shop/new HTTP/1.1" 500 259 "http://campusthrift.ansario.com/shop/new" "Mozilla/5.0 (Macintosh; Intel Mac OS X 10_11_4) AppleWebKit/537.36 (KHTML, like Gecko) Chrome/48.0.2564.116 Safari/537.36"
70.197.136.241 - - [06/Jun/2016:20:15:56 -0400] "POST /shop/new HTTP/1.1" 500 259 "http://campusthrift.ansario.com/shop/new" "Mozilla/5.0 (Macintosh; Intel Mac OS X 10_11_4) AppleWebKit/537.36 (KHTML, like Gecko) Chrome/48.0.2564.116 Safari/537.36"
70.197.136.241 - - [06/Jun/2016:20:16:24 -0400] "GET /shop/new HTTP/1.1" 200 4822 "-" "Mozilla/5.0 (Macintosh; Intel Mac OS X 10_11_4) AppleWebKit/537.36 (KHTML, like Gecko) Chrome/48.0.2564.116 Safari/537.36"
70.197.136.241 - - [06/Jun/2016:20:16:24 -0400] "GET /static/js/jquery-1.12.3.min.js HTTP/1.1" 200 34146 "http://campusthrift.ansario.com/shop/new" "Mozilla/5.0 (Macintosh; Intel Mac OS X 10_11_4) AppleWebKit/537.36 (KHTML, like Gecko) Chrome/48.0.2564.116 Safari/537.36"
70.197.136.241 - - [06/Jun/2016:20:16:24 -0400] "GET /static/js/bootstrap.min.js HTTP/1.1" 200 10116 "http://campusthrift.ansario.com/shop/new" "Mozilla/5.0 (Macintosh; Intel Mac OS X 10_11_4) AppleWebKit/537.36 (KHTML, like Gecko) Chrome/48.0.2564.116 Safari/537.36"
70.197.136.241 - - [06/Jun/2016:20:16:24 -0400] "GET /static/css/magnifier.css HTTP/1.1" 200 583 "http://campusthrift.ansario.com/shop/new" "Mozilla/5.0 (Macintosh; Intel Mac OS X 10_11_4) AppleWebKit/537.36 (KHTML, like Gecko) Chrome/48.0.2564.116 Safari/537.36"
70.197.136.241 - - [06/Jun/2016:20:16:24 -0400] "GET /static/js/jquery.imageLens.js HTTP/1.1" 200 1204 "http://campusthrift.ansario.com/shop/new" "Mozilla/5.0 (Macintosh; Intel Mac OS X 10_11_4) AppleWebKit/537.36 (KHTML, like Gecko) Chrome/48.0.2564.116 Safari/537.36"
70.197.136.241 - - [06/Jun/2016:20:16:24 -0400] "GET /static/css/custom_styles.css HTTP/1.1" 200 2808 "http://campusthrift.ansario.com/shop/new" "Mozilla/5.0 (Macintosh; Intel Mac OS X 10_11_4) AppleWebKit/537.36 (KHTML, like Gecko) Chrome/48.0.2564.116 Safari/537.36"
70.197.136.241 - - [06/Jun/2016:20:16:24 -0400] "GET /static/css/bootstrap.min.css HTTP/1.1" 200 20090 "http://campusthrift.ansario.com/shop/new" "Mozilla/5.0 (Macintosh; Intel Mac OS X 10_11_4) AppleWebKit/537.36 (KHTML, like Gecko) Chrome/48.0.2564.116 Safari/537.36"
70.197.136.241 - - [06/Jun/2016:20:16:24 -0400] "GET /static/images/campusthrift%20logo.png HTTP/1.1" 304 180 "http://campusthrift.ansario.com/shop/new" "Mozilla/5.0 (Macintosh; Intel Mac OS X 10_11_4) AppleWebKit/537.36 (KHTML, like Gecko) Chrome/48.0.2564.116 Safari/537.36"
70.197.136.241 - - [06/Jun/2016:20:16:25 -0400] "GET /static/images/background.png HTTP/1.1" 304 180 "http://campusthrift.ansario.com/shop/new" "Mozilla/5.0 (Macintosh; Intel Mac OS X 10_11_4) AppleWebKit/537.36 (KHTML, like Gecko) Chrome/48.0.2564.116 Safari/537.36"
70.197.136.241 - - [06/Jun/2016:20:16:27 -0400] "GET /static/css/bootstrap.min.css.map HTTP/1.1" 404 534 "-" "Mozilla/5.0 (Macintosh; Intel Mac OS X 10_11_4) AppleWebKit/537.36 (KHTML, like Gecko) Chrome/48.0.2564.116 Safari/537.36"
70.197.136.241 - - [06/Jun/2016:20:16:29 -0400] "GET /shop/ HTTP/1.1" 200 3071 "http://campusthrift.ansario.com/shop/new" "Mozilla/5.0 (Macintosh; Intel Mac OS X 10_11_4) AppleWebKit/537.36 (KHTML, like Gecko) Chrome/48.0.2564.116 Safari/537.36"
70.197.136.241 - - [06/Jun/2016:20:16:30 -0400] "GET /static/css/bootstrap.min.css.map HTTP/1.1" 404 534 "-" "Mozilla/5.0 (Macintosh; Intel Mac OS X 10_11_4) AppleWebKit/537.36 (KHTML, like Gecko) Chrome/48.0.2564.116 Safari/537.36"
::1 - - [06/Jun/2016:20:16:30 -0400] "OPTIONS * HTTP/1.0" 200 125 "-" "Apache/2.4.7 (Ubuntu) PHP/5.5.9-1ubuntu4.14 OpenSSL/1.0.1f mod_wsgi/3.4 Python/2.7.6 (internal dummy connection)"
70.197.136.241 - - [06/Jun/2016:20:16:31 -0400] "GET /shop/category/Apartment/Living%20Room HTTP/1.1" 301 296 "http://campusthrift.ansario.com/shop/" "Mozilla/5.0 (Macintosh; Intel Mac OS X 10_11_4) AppleWebKit/537.36 (KHTML, like Gecko) Chrome/48.0.2564.116 Safari/537.36"
70.197.136.241 - - [06/Jun/2016:20:16:31 -0400] "GET /shop/category/Apartment/Living%20Room/ HTTP/1.1" 200 3071 "http://campusthrift.ansario.com/shop/" "Mozilla/5.0 (Macintosh; Intel Mac OS X 10_11_4) AppleWebKit/537.36 (KHTML, like Gecko) Chrome/48.0.2564.116 Safari/537.36"
::1 - - [06/Jun/2016:20:16:31 -0400] "OPTIONS * HTTP/1.0" 200 125 "-" "Apache/2.4.7 (Ubuntu) PHP/5.5.9-1ubuntu4.14 OpenSSL/1.0.1f mod_wsgi/3.4 Python/2.7.6 (internal dummy connection)"
70.197.136.241 - - [06/Jun/2016:20:16:32 -0400] "GET /static/css/bootstrap.min.css.map HTTP/1.1" 404 534 "-" "Mozilla/5.0 (Macintosh; Intel Mac OS X 10_11_4) AppleWebKit/537.36 (KHTML, like Gecko) Chrome/48.0.2564.116 Safari/537.36"
70.197.136.241 - - [06/Jun/2016:20:16:37 -0400] "GET / HTTP/1.1" 200 3681 "http://campusthrift.ansario.com/shop/category/Apartment/Living%20Room/" "Mozilla/5.0 (Macintosh; Intel Mac OS X 10_11_4) AppleWebKit/537.36 (KHTML, like Gecko) Chrome/48.0.2564.116 Safari/537.36"
70.197.136.241 - - [06/Jun/2016:20:16:37 -0400] "GET /static/js/mason.js HTTP/1.1" 200 3554 "http://campusthrift.ansario.com/" "Mozilla/5.0 (Macintosh; Intel Mac OS X 10_11_4) AppleWebKit/537.36 (KHTML, like Gecko) Chrome/48.0.2564.116 Safari/537.36"
70.197.136.241 - - [06/Jun/2016:20:16:37 -0400] "GET /media/uploads/oreos.jpg HTTP/1.1" 200 47563 "http://campusthrift.ansario.com/" "Mozilla/5.0 (Macintosh; Intel Mac OS X 10_11_4) AppleWebKit/537.36 (KHTML, like Gecko) Chrome/48.0.2564.116 Safari/537.36"
70.197.136.241 - - [06/Jun/2016:20:16:37 -0400] "GET /media/uploads/oreos_vyytUX2.jpg HTTP/1.1" 200 47562 "http://campusthrift.ansario.com/" "Mozilla/5.0 (Macintosh; Intel Mac OS X 10_11_4) AppleWebKit/537.36 (KHTML, like Gecko) Chrome/48.0.2564.116 Safari/537.36"
70.197.136.241 - - [06/Jun/2016:20:16:38 -0400] "GET /media/uploads/oreos_RnSazoI.jpg HTTP/1.1" 200 47563 "http://campusthrift.ansario.com/" "Mozilla/5.0 (Macintosh; Intel Mac OS X 10_11_4) AppleWebKit/537.36 (KHTML, like Gecko) Chrome/48.0.2564.116 Safari/537.36"
70.197.136.241 - - [06/Jun/2016:20:16:38 -0400] "GET /static/css/bootstrap.min.css.map HTTP/1.1" 404 534 "-" "Mozilla/5.0 (Macintosh; Intel Mac OS X 10_11_4) AppleWebKit/537.36 (KHTML, like Gecko) Chrome/48.0.2564.116 Safari/537.36"
70.197.136.241 - - [06/Jun/2016:20:16:38 -0400] "GET /static/images/campus_thrift_header.png HTTP/1.1" 304 182 "http://campusthrift.ansario.com/static/css/custom_styles.css" "Mozilla/5.0 (Macintosh; Intel Mac OS X 10_11_4) AppleWebKit/537.36 (KHTML, like Gecko) Chrome/48.0.2564.116 Safari/537.36"
70.197.136.241 - - [06/Jun/2016:20:16:38 -0400] "GET /shop/ HTTP/1.1" 200 3071 "http://campusthrift.ansario.com/" "Mozilla/5.0 (Macintosh; Intel Mac OS X 10_11_4) AppleWebKit/537.36 (KHTML, like Gecko) Chrome/48.0.2564.116 Safari/537.36"
70.197.136.241 - - [06/Jun/2016:20:16:39 -0400] "GET /static/css/bootstrap.min.css.map HTTP/1.1" 404 534 "-" "Mozilla/5.0 (Macintosh; Intel Mac OS X 10_11_4) AppleWebKit/537.36 (KHTML, like Gecko) Chrome/48.0.2564.116 Safari/537.36"
70.197.136.241 - - [06/Jun/2016:20:16:42 -0400] "GET /shop/category/Apartment/Kitchen HTTP/1.1" 301 290 "http://campusthrift.ansario.com/shop/" "Mozilla/5.0 (Macintosh; Intel Mac OS X 10_11_4) AppleWebKit/537.36 (KHTML, like Gecko) Chrome/48.0.2564.116 Safari/537.36"
70.197.136.241 - - [06/Jun/2016:20:16:42 -0400] "GET /shop/category/Apartment/Kitchen/ HTTP/1.1" 200 3071 "http://campusthrift.ansario.com/shop/" "Mozilla/5.0 (Macintosh; Intel Mac OS X 10_11_4) AppleWebKit/537.36 (KHTML, like Gecko) Chrome/48.0.2564.116 Safari/537.36"
70.197.136.241 - - [06/Jun/2016:20:16:43 -0400] "GET /static/css/bootstrap.min.css.map HTTP/1.1" 404 534 "-" "Mozilla/5.0 (Macintosh; Intel Mac OS X 10_11_4) AppleWebKit/537.36 (KHTML, like Gecko) Chrome/48.0.2564.116 Safari/537.36"
70.197.136.241 - - [06/Jun/2016:20:16:46 -0400] "GET /shop/new HTTP/1.1" 200 4821 "http://campusthrift.ansario.com/shop/category/Apartment/Kitchen/" "Mozilla/5.0 (Macintosh; Intel Mac OS X 10_11_4) AppleWebKit/537.36 (KHTML, like Gecko) Chrome/48.0.2564.116 Safari/537.36"
70.197.136.241 - - [06/Jun/2016:20:16:47 -0400] "GET /static/css/bootstrap.min.css.map HTTP/1.1" 404 534 "-" "Mozilla/5.0 (Macintosh; Intel Mac OS X 10_11_4) AppleWebKit/537.36 (KHTML, like Gecko) Chrome/48.0.2564.116 Safari/537.36"
::1 - - [06/Jun/2016:20:16:47 -0400] "OPTIONS * HTTP/1.0" 200 125 "-" "Apache/2.4.7 (Ubuntu) PHP/5.5.9-1ubuntu4.14 OpenSSL/1.0.1f mod_wsgi/3.4 Python/2.7.6 (internal dummy connection)"
188.72.127.38 - - [06/Jun/2016:20:17:27 -0400] "GET /pillow-talk/ HTTP/1.0" 200 2816 "http://ansario.com/" "Mozilla/5.0 (X11; Linux i686; rv:17.0) Gecko/20100101 Firefox/17.0"
70.197.136.241 - - [06/Jun/2016:20:17:30 -0400] "GET /getdetails/?cnt=+Apartment+ HTTP/1.1" 200 361 "http://campusthrift.ansario.com/shop/new" "Mozilla/5.0 (Macintosh; Intel Mac OS X 10_11_4) AppleWebKit/537.36 (KHTML, like Gecko) Chrome/48.0.2564.116 Safari/537.36"
70.197.136.241 - - [06/Jun/2016:20:17:41 -0400] "GET /static/css/bootstrap.min.css.map HTTP/1.1" 404 535 "-" "Mozilla/5.0 (Macintosh; Intel Mac OS X 10_11_4) AppleWebKit/537.36 (KHTML, like Gecko) Chrome/48.0.2564.116 Safari/537.36"
191.6.135.26 - - [06/Jun/2016:20:17:51 -0400] "GET / HTTP/1.1" 200 13585 "-" "curl/7.17.1 (mips-unknown-linux-gnu) libcurl/7.17.1 OpenSSL/0.9.8i zlib/1.2.3"
70.197.136.241 - - [06/Jun/2016:20:18:01 -0400] "POST /shop/new HTTP/1.1" 500 259 "http://campusthrift.ansario.com/shop/new" "Mozilla/5.0 (Macintosh; Intel Mac OS X 10_11_4) AppleWebKit/537.36 (KHTML, like Gecko) Chrome/48.0.2564.116 Safari/537.36"
70.197.136.241 - - [06/Jun/2016:20:18:50 -0400] "POST /shop/new HTTP/1.1" 500 79754 "http://campusthrift.ansario.com/shop/new" "Mozilla/5.0 (Macintosh; Intel Mac OS X 10_11_4) AppleWebKit/537.36 (KHTML, like Gecko) Chrome/48.0.2564.116 Safari/537.36"
185.78.132.74 - - [06/Jun/2016:20:18:53 -0400] "GET /project-tweet-able-christmas-tree/ HTTP/1.1" 404 4383 "http://ansario.com/" "Mozilla/5.0 (X11; Linux x86_64) AppleWebKit/537.36 (KHTML, like Gecko) Chrome/39.0.2171.99 Safari/537.36"
185.78.132.74 - - [06/Jun/2016:20:18:53 -0400] "GET / HTTP/1.1" 200 3715 "http://ansario.com" "Mozilla/5.0 (X11; Linux x86_64) AppleWebKit/537.36 (KHTML, like Gecko) Chrome/39.0.2171.99 Safari/537.36"
185.78.132.74 - - [06/Jun/2016:20:18:53 -0400] "GET /shop/view/5 HTTP/1.1" 301 270 "http://ansario.com" "Mozilla/5.0 (X11; Linux x86_64) AppleWebKit/537.36 (KHTML, like Gecko) Chrome/39.0.2171.99 Safari/537.36"
185.78.132.74 - - [06/Jun/2016:20:18:53 -0400] "GET /shop/view/5/ HTTP/1.1" 500 65602 "http://ansario.com" "Mozilla/5.0 (X11; Linux x86_64) AppleWebKit/537.36 (KHTML, like Gecko) Chrome/39.0.2171.99 Safari/537.36"
70.197.136.241 - - [06/Jun/2016:20:19:50 -0400] "GET / HTTP/1.1" 200 3524 "-" "Mozilla/5.0 (Macintosh; Intel Mac OS X 10_11_4) AppleWebKit/537.36 (KHTML, like Gecko) Chrome/48.0.2564.116 Safari/537.36"
70.197.136.241 - - [06/Jun/2016:20:19:51 -0400] "GET /static/css/custom_styles.css HTTP/1.1" 200 2808 "http://campusthrift.ansario.com/" "Mozilla/5.0 (Macintosh; Intel Mac OS X 10_11_4) AppleWebKit/537.36 (KHTML, like Gecko) Chrome/48.0.2564.116 Safari/537.36"
70.197.136.241 - - [06/Jun/2016:20:19:51 -0400] "GET /static/css/magnifier.css HTTP/1.1" 200 583 "http://campusthrift.ansario.com/" "Mozilla/5.0 (Macintosh; Intel Mac OS X 10_11_4) AppleWebKit/537.36 (KHTML, like Gecko) Chrome/48.0.2564.116 Safari/537.36"
70.197.136.241 - - [06/Jun/2016:20:19:51 -0400] "GET /static/js/bootstrap.min.js HTTP/1.1" 200 10116 "http://campusthrift.ansario.com/" "Mozilla/5.0 (Macintosh; Intel Mac OS X 10_11_4) AppleWebKit/537.36 (KHTML, like Gecko) Chrome/48.0.2564.116 Safari/537.36"
70.197.136.241 - - [06/Jun/2016:20:19:51 -0400] "GET /static/js/jquery.imageLens.js HTTP/1.1" 200 1204 "http://campusthrift.ansario.com/" "Mozilla/5.0 (Macintosh; Intel Mac OS X 10_11_4) AppleWebKit/537.36 (KHTML, like Gecko) Chrome/48.0.2564.116 Safari/537.36"
70.197.136.241 - - [06/Jun/2016:20:19:51 -0400] "GET /static/js/jquery-1.12.3.min.js HTTP/1.1" 200 34146 "http://campusthrift.ansario.com/" "Mozilla/5.0 (Macintosh; Intel Mac OS X 10_11_4) AppleWebKit/537.36 (KHTML, like Gecko) Chrome/48.0.2564.116 Safari/537.36"
70.197.136.241 - - [06/Jun/2016:20:19:51 -0400] "GET /static/css/bootstrap.min.css HTTP/1.1" 200 20090 "http://campusthrift.ansario.com/" "Mozilla/5.0 (Macintosh; Intel Mac OS X 10_11_4) AppleWebKit/537.36 (KHTML, like Gecko) Chrome/48.0.2564.116 Safari/537.36"
70.197.136.241 - - [06/Jun/2016:20:19:51 -0400] "GET /static/js/mason.js HTTP/1.1" 200 3554 "http://campusthrift.ansario.com/" "Mozilla/5.0 (Macintosh; Intel Mac OS X 10_11_4) AppleWebKit/537.36 (KHTML, like Gecko) Chrome/48.0.2564.116 Safari/537.36"
70.197.136.241 - - [06/Jun/2016:20:19:51 -0400] "GET /static/images/campusthrift%20logo.png HTTP/1.1" 304 180 "http://campusthrift.ansario.com/" "Mozilla/5.0 (Macintosh; Intel Mac OS X 10_11_4) AppleWebKit/537.36 (KHTML, like Gecko) Chrome/48.0.2564.116 Safari/537.36"
70.197.136.241 - - [06/Jun/2016:20:19:51 -0400] "GET /static/css/bootstrap.min.css.map HTTP/1.1" 404 534 "-" "Mozilla/5.0 (Macintosh; Intel Mac OS X 10_11_4) AppleWebKit/537.36 (KHTML, like Gecko) Chrome/48.0.2564.116 Safari/537.36"
70.197.136.241 - - [06/Jun/2016:20:19:51 -0400] "GET /static/images/background.png HTTP/1.1" 304 180 "http://campusthrift.ansario.com/" "Mozilla/5.0 (Macintosh; Intel Mac OS X 10_11_4) AppleWebKit/537.36 (KHTML, like Gecko) Chrome/48.0.2564.116 Safari/537.36"
70.197.136.241 - - [06/Jun/2016:20:19:51 -0400] "GET /static/images/campus_thrift_header.png HTTP/1.1" 304 182 "http://campusthrift.ansario.com/static/css/custom_styles.css" "Mozilla/5.0 (Macintosh; Intel Mac OS X 10_11_4) AppleWebKit/537.36 (KHTML, like Gecko) Chrome/48.0.2564.116 Safari/537.36"
70.197.136.241 - - [06/Jun/2016:20:19:53 -0400] "GET /register HTTP/1.1" 200 5489 "http://campusthrift.ansario.com/" "Mozilla/5.0 (Macintosh; Intel Mac OS X 10_11_4) AppleWebKit/537.36 (KHTML, like Gecko) Chrome/48.0.2564.116 Safari/537.36"
70.197.136.241 - - [06/Jun/2016:20:19:54 -0400] "GET /static/js/card.js HTTP/1.1" 200 14911 "http://campusthrift.ansario.com/register" "Mozilla/5.0 (Macintosh; Intel Mac OS X 10_11_4) AppleWebKit/537.36 (KHTML, like Gecko) Chrome/48.0.2564.116 Safari/537.36"
::1 - - [06/Jun/2016:20:19:58 -0400] "OPTIONS * HTTP/1.0" 200 125 "-" "Apache/2.4.7 (Ubuntu) PHP/5.5.9-1ubuntu4.14 OpenSSL/1.0.1f mod_wsgi/3.4 Python/2.7.6 (internal dummy connection)"
::1 - - [06/Jun/2016:20:20:01 -0400] "OPTIONS * HTTP/1.0" 200 125 "-" "Apache/2.4.7 (Ubuntu) PHP/5.5.9-1ubuntu4.14 OpenSSL/1.0.1f mod_wsgi/3.4 Python/2.7.6 (internal dummy connection)"
70.197.136.241 - - [06/Jun/2016:20:20:24 -0400] "POST /register HTTP/1.1" 302 252 "http://campusthrift.ansario.com/register" "Mozilla/5.0 (Macintosh; Intel Mac OS X 10_11_4) AppleWebKit/537.36 (KHTML, like Gecko) Chrome/48.0.2564.116 Safari/537.36"
70.197.136.241 - - [06/Jun/2016:20:20:30 -0400] "GET /login HTTP/1.1" 200 3275 "http://campusthrift.ansario.com/register" "Mozilla/5.0 (Macintosh; Intel Mac OS X 10_11_4) AppleWebKit/537.36 (KHTML, like Gecko) Chrome/48.0.2564.116 Safari/537.36"
70.197.136.241 - - [06/Jun/2016:20:20:37 -0400] "POST /login HTTP/1.1" 200 3365 "http://campusthrift.ansario.com/login" "Mozilla/5.0 (Macintosh; Intel Mac OS X 10_11_4) AppleWebKit/537.36 (KHTML, like Gecko) Chrome/48.0.2564.116 Safari/537.36"
99.27.151.36 - - [06/Jun/2016:20:21:02 -0400] "GET /learn-java-lesson-6-logical-operators-ifthenelse-statements/ HTTP/1.1" 200 2853 "http://ansario.com/" "Mozilla/5.0 (X11; Linux i686; rv:17.0) Gecko/20100101 Firefox/17.0"
70.197.136.241 - - [06/Jun/2016:20:21:19 -0400] "GET /activate/GEOTR9HQL8RACMNX8WQSAY6WUWE78X HTTP/1.1" 302 247 "-" "Mozilla/5.0 (Macintosh; Intel Mac OS X 10_11_4) AppleWebKit/537.36 (KHTML, like Gecko) Chrome/48.0.2564.116 Safari/537.36"
70.197.136.241 - - [06/Jun/2016:20:21:20 -0400] "GET / HTTP/1.1" 200 3448 "-" "Mozilla/5.0 (Macintosh; Intel Mac OS X 10_11_4) AppleWebKit/537.36 (KHTML, like Gecko) Chrome/48.0.2564.116 Safari/537.36"
70.197.136.241 - - [06/Jun/2016:20:21:22 -0400] "GET /login HTTP/1.1" 200 3275 "http://campusthrift.ansario.com/" "Mozilla/5.0 (Macintosh; Intel Mac OS X 10_11_4) AppleWebKit/537.36 (KHTML, like Gecko) Chrome/48.0.2564.116 Safari/537.36"
70.197.136.241 - - [06/Jun/2016:20:21:28 -0400] "POST /login HTTP/1.1" 302 512 "http://campusthrift.ansario.com/login" "Mozilla/5.0 (Macintosh; Intel Mac OS X 10_11_4) AppleWebKit/537.36 (KHTML, like Gecko) Chrome/48.0.2564.116 Safari/537.36"
70.197.136.241 - - [06/Jun/2016:20:21:29 -0400] "GET / HTTP/1.1" 200 3466 "http://campusthrift.ansario.com/login" "Mozilla/5.0 (Macintosh; Intel Mac OS X 10_11_4) AppleWebKit/537.36 (KHTML, like Gecko) Chrome/48.0.2564.116 Safari/537.36"
70.197.136.241 - - [06/Jun/2016:20:21:35 -0400] "GET /shop/new HTTP/1.1" 200 4755 "http://campusthrift.ansario.com/" "Mozilla/5.0 (Macintosh; Intel Mac OS X 10_11_4) AppleWebKit/537.36 (KHTML, like Gecko) Chrome/48.0.2564.116 Safari/537.36"
164.132.161.18 - - [06/Jun/2016:20:21:53 -0400] "GET /learn-java-lesson-5-strings/index.php?&js=na HTTP/1.1" 200 2797 "-" "Mozilla/5.0 (compatible; AhrefsBot/5.1; +http://ahrefs.com/robot/)"
70.197.136.241 - - [06/Jun/2016:20:24:19 -0400] "GET /admin HTTP/1.1" 301 265 "-" "Mozilla/5.0 (Macintosh; Intel Mac OS X 10_11_4) AppleWebKit/537.36 (KHTML, like Gecko) Chrome/48.0.2564.116 Safari/537.36"
70.197.136.241 - - [06/Jun/2016:20:24:19 -0400] "GET /admin/ HTTP/1.1" 200 1381 "-" "Mozilla/5.0 (Macintosh; Intel Mac OS X 10_11_4) AppleWebKit/537.36 (KHTML, like Gecko) Chrome/48.0.2564.116 Safari/537.36"
