[Sun Jun 12 21:31:11.332161 2016] [ssl:info] [pid 9040:tid 140544063821568] [client 99.43.164.146:57587] AH01964: Connection to child 5 established (server campusthrift.com:443)
[Sun Jun 12 21:31:27.748762 2016] [ssl:info] [pid 9041:tid 140544156763904] [client 99.43.164.146:57588] AH01964: Connection to child 66 established (server campusthrift.com:443)
[Sun Jun 12 21:31:53.389647 2016] [ssl:info] [pid 9041:tid 140544005072640] [client 99.43.164.146:57589] AH01964: Connection to child 76 established (server campusthrift.com:443)
[Sun Jun 12 21:32:25.260483 2016] [ssl:info] [pid 9040:tid 140543946323712] [client 99.43.164.146:57590] AH01964: Connection to child 19 established (server campusthrift.com:443)
[Sun Jun 12 21:32:32.075103 2016] [ssl:info] [pid 9041:tid 140544013465344] [client 99.43.164.146:57591] AH01964: Connection to child 75 established (server campusthrift.com:443)
[Sun Jun 12 21:32:46.873261 2016] [ssl:info] [pid 9040:tid 140543912752896] [client 99.43.164.146:57592] AH01964: Connection to child 23 established (server campusthrift.com:443)
[Sun Jun 12 21:33:13.454155 2016] [ssl:info] [pid 9041:tid 140544030250752] [client 99.43.164.146:57595] AH01964: Connection to child 73 established (server campusthrift.com:443)
[Sun Jun 12 21:33:20.377473 2016] [ssl:info] [pid 9040:tid 140544165156608] [client 99.43.164.146:57596] AH01964: Connection to child 1 established (server campusthrift.com:443)
[Sun Jun 12 21:33:44.698246 2016] [ssl:info] [pid 9041:tid 140543988287232] [client 99.43.164.146:57599] AH01964: Connection to child 78 established (server campusthrift.com:443)
[Sun Jun 12 21:33:44.699628 2016] [ssl:info] [pid 9041:tid 140543946323712] [client 99.43.164.146:57598] AH01964: Connection to child 83 established (server campusthrift.com:443)
[Sun Jun 12 21:33:44.700598 2016] [ssl:info] [pid 9041:tid 140543912752896] [client 99.43.164.146:57601] AH01964: Connection to child 87 established (server campusthrift.com:443)
[Sun Jun 12 21:33:44.701740 2016] [ssl:info] [pid 9041:tid 140543921145600] [client 99.43.164.146:57600] AH01964: Connection to child 86 established (server campusthrift.com:443)
[Sun Jun 12 21:33:45.377015 2016] [core:info] [pid 9041:tid 140544156763904] [client 99.43.164.146:57599] AH00128: File does not exist: /var/www/campusthrift.com/static/images/img-sprite.png, referer: https://campusthrift.com/static/css/style.css
[Sun Jun 12 21:33:49.312514 2016] [core:info] [pid 9041:tid 140544005072640] [client 99.43.164.146:57599] AH00128: File does not exist: /var/www/campusthrift.com/static/images/img-sprite.png, referer: https://campusthrift.com/static/css/style.css
[Sun Jun 12 21:34:20.367200 2016] [ssl:info] [pid 9040:tid 140544030250752] [client 99.43.164.146:57603] AH01964: Connection to child 9 established (server campusthrift.com:443)
[Mon Jun 13 01:34:20.518949 2016] [:error] [pid 9039:tid 140544148371200] 
[Mon Jun 13 01:34:20.519101 2016] [:error] [pid 9039:tid 140544148371200]  Clothing 
[Sun Jun 12 21:34:34.064801 2016] [ssl:info] [pid 9040:tid 140544173549312] [client 99.43.164.146:57604] AH01964: Connection to child 0 established (server campusthrift.com:443)
[Mon Jun 13 01:34:34.392280 2016] [:error] [pid 9039:tid 140544165156608] <tr><td colspan="2"><ul class="errorlist nonfield"><li>(Hidden field rotation) This field is required.</li></ul></td></tr>
[Mon Jun 13 01:34:34.392365 2016] [:error] [pid 9039:tid 140544165156608] <tr><th><label for="id_image">Image:</label></th><td><ul class="errorlist"><li>This field is required.</li></ul><input id="id_image" name="image" type="file" /><input id="id_rotation" name="rotation" type="hidden" /></td></tr>
[Sun Jun 12 21:34:35.030730 2016] [core:info] [pid 9040:tid 140543971501824] [client 99.43.164.146:57604] AH00128: File does not exist: /var/www/campusthrift.com/static/images/img-sprite.png, referer: https://campusthrift.com/static/css/style.css
[Sun Jun 12 21:34:38.925486 2016] [ssl:info] [pid 9041:tid 140544038643456] [client 99.43.164.146:57605] AH01964: Connection to child 72 established (server campusthrift.com:443)
[Sun Jun 12 21:34:39.006375 2016] [ssl:info] [pid 9041:tid 140544047036160] [client 99.43.164.146:57606] AH01964: Connection to child 71 established (server campusthrift.com:443)
[Sun Jun 12 21:34:39.078168 2016] [core:info] [pid 9041:tid 140544047036160] [client 99.43.164.146:57606] AH00128: File does not exist: /var/www/campusthrift.com/static/images/img-sprite.png, referer: https://campusthrift.com/static/css/style.css
[Sun Jun 12 21:39:52.103389 2016] [ssl:info] [pid 9040:tid 140544005072640] [client 74.110.162.236:62721] AH01964: Connection to child 12 established (server campusthrift.com:443)
[Sun Jun 12 21:39:52.106378 2016] [ssl:info] [pid 9041:tid 140544013465344] [client 74.110.162.236:62724] AH01964: Connection to child 75 established (server campusthrift.com:443)
[Sun Jun 12 21:39:52.108851 2016] [ssl:info] [pid 9041:tid 140543996679936] [client 74.110.162.236:62722] AH01964: Connection to child 77 established (server campusthrift.com:443)
[Sun Jun 12 21:39:52.111177 2016] [ssl:info] [pid 9040:tid 140544063821568] [client 74.110.162.236:62719] AH01964: Connection to child 5 established (server campusthrift.com:443)
[Sun Jun 12 21:39:52.113300 2016] [ssl:info] [pid 9041:tid 140544165156608] [client 74.110.162.236:62720] AH01964: Connection to child 65 established (server campusthrift.com:443)
[Sun Jun 12 21:39:52.115506 2016] [ssl:info] [pid 9040:tid 140544021858048] [client 74.110.162.236:62723] AH01964: Connection to child 10 established (server campusthrift.com:443)
[Sun Jun 12 21:39:53.083434 2016] [core:info] [pid 9041:tid 140543921145600] [client 74.110.162.236:62720] AH00128: File does not exist: /var/www/campusthrift.com/static/images/img-sprite.png, referer: https://campusthrift.com/static/css/style.css
[Sun Jun 12 21:39:55.893746 2016] [core:info] [pid 9040:tid 140543929538304] [client 74.110.162.236:62719] AH00128: File does not exist: /var/www/campusthrift.com/static/images/img-sprite.png, referer: https://campusthrift.com/static/css/style.css
[Sun Jun 12 21:39:58.368578 2016] [core:info] [pid 9040:tid 140544165156608] [client 74.110.162.236:62719] AH00128: File does not exist: /var/www/campusthrift.com/static/images/img-sprite.png, referer: https://campusthrift.com/static/css/style.css
[Sun Jun 12 21:40:00.545106 2016] [core:info] [pid 9040:tid 140544156763904] [client 74.110.162.236:62719] AH00128: File does not exist: /var/www/campusthrift.com/static/images/img-sprite.png, referer: https://campusthrift.com/static/css/style.css
[Sun Jun 12 21:40:04.670768 2016] [core:info] [pid 9040:tid 140544055428864] [client 74.110.162.236:62719] AH00128: File does not exist: /var/www/campusthrift.com/static/images/img-sprite.png, referer: https://campusthrift.com/static/css/style.css
[Sun Jun 12 21:40:07.558087 2016] [core:info] [pid 9040:tid 140543979894528] [client 74.110.162.236:62719] AH00128: File does not exist: /var/www/campusthrift.com/static/images/close_1.png, referer: https://campusthrift.com/static/css/style.css
[Sun Jun 12 21:40:07.570620 2016] [ssl:info] [pid 9041:tid 140543937931008] [client 74.110.162.236:62728] AH01964: Connection to child 84 established (server campusthrift.com:443)
[Sun Jun 12 21:40:07.575424 2016] [core:info] [pid 9040:tid 140544038643456] [client 74.110.162.236:62719] AH00128: File does not exist: /var/www/campusthrift.com/static/images/img-sprite.png, referer: https://campusthrift.com/static/css/style.css
[Sun Jun 12 21:40:10.542307 2016] [core:info] [pid 9040:tid 140543996679936] [client 74.110.162.236:62719] AH00128: File does not exist: /var/www/campusthrift.com/static/images/img-sprite.png, referer: https://campusthrift.com/static/css/style.css
[Sun Jun 12 21:40:27.486515 2016] [ssl:info] [pid 9040:tid 140544005072640] [client 74.110.162.236:62731] AH01964: Connection to child 12 established (server campusthrift.com:443)
[Mon Jun 13 01:40:27.515133 2016] [:error] [pid 9039:tid 140544165156608] <QueryDict: {u'city': [u'Cameron'], u'first_name': [u'Omar'], u'last_name': [u'Ansari'], u'zip': [u'29030'], u'1_ship_method': [u'1'], u'state': [u'SC'], u'address': [u'8250 Old State Rd'], u'csrfmiddlewaretoken': [u'1QtDJrIAStpgRl3XLOiwUeEY7pjdElAL']}>
[Mon Jun 13 01:40:27.515209 2016] [:error] [pid 9039:tid 140544165156608] {u'1': 1}
[Mon Jun 13 01:40:27.515223 2016] [:error] [pid 9039:tid 140544165156608] {u'1': 1}
[Mon Jun 13 01:40:27.526632 2016] [:error] [pid 9039:tid 140544165156608] /usr/local/lib/python2.7/dist-packages/django/db/models/fields/__init__.py:1453: RuntimeWarning: DateTimeField Order.date received a naive datetime (2016-06-13 00:39:28.005493) while time zone support is active.
[Mon Jun 13 01:40:27.526656 2016] [:error] [pid 9039:tid 140544165156608]   RuntimeWarning)
[Mon Jun 13 01:40:27.526661 2016] [:error] [pid 9039:tid 140544165156608] 
[Sun Jun 12 21:40:28.017935 2016] [core:info] [pid 9040:tid 140544063821568] [client 74.110.162.236:62731] AH00128: File does not exist: /var/www/campusthrift.com/static/images/img-sprite.png, referer: https://campusthrift.com/static/css/style.css
[Sun Jun 12 21:40:31.916386 2016] [core:info] [pid 9040:tid 140543937931008] [client 74.110.162.236:62731] AH00128: File does not exist: /var/www/campusthrift.com/static/images/img-sprite.png, referer: https://campusthrift.com/static/css/style.css
[Sun Jun 12 21:40:34.123754 2016] [core:info] [pid 9040:tid 140543912752896] [client 74.110.162.236:62731] AH00128: File does not exist: /var/www/campusthrift.com/static/images/img-sprite.png, referer: https://campusthrift.com/static/css/style.css
[Sun Jun 12 21:40:37.392096 2016] [ssl:info] [pid 9041:tid 140543979894528] [client 99.43.164.146:57611] AH01964: Connection to child 79 established (server campusthrift.com:443)
[Sun Jun 12 21:40:37.394144 2016] [ssl:info] [pid 9040:tid 140543988287232] [client 99.43.164.146:57614] AH01964: Connection to child 14 established (server campusthrift.com:443)
[Sun Jun 12 21:40:37.526956 2016] [core:info] [pid 9040:tid 140544047036160] [client 74.110.162.236:62731] AH00128: File does not exist: /var/www/campusthrift.com/static/images/img-sprite.png, referer: https://campusthrift.com/static/css/style.css
[Sun Jun 12 21:40:38.338310 2016] [ssl:info] [pid 9040:tid 140543904360192] [client 99.43.164.146:57616] AH01964: Connection to child 24 established (server campusthrift.com:443)
[Sun Jun 12 21:40:38.343718 2016] [ssl:info] [pid 9040:tid 140544072214272] [client 99.43.164.146:57615] AH01964: Connection to child 4 established (server campusthrift.com:443)
[Sun Jun 12 21:40:38.345490 2016] [ssl:info] [pid 9041:tid 140543929538304] [client 99.43.164.146:57613] AH01964: Connection to child 85 established (server campusthrift.com:443)
[Sun Jun 12 21:40:38.346693 2016] [ssl:info] [pid 9040:tid 140544156763904] [client 99.43.164.146:57612] AH01964: Connection to child 2 established (server campusthrift.com:443)
[Sun Jun 12 21:40:41.884516 2016] [ssl:info] [pid 9041:tid 140544156763904] [client 54.218.101.9:34605] AH01964: Connection to child 66 established (server campusthrift.com:443)
[Sun Jun 12 21:40:41.961509 2016] [ssl:info] [pid 9041:tid 140544156763904] [client 54.218.101.9:34605] AH02008: SSL library error 1 in handshake (server campusthrift.com:443)
[Sun Jun 12 21:40:41.961702 2016] [ssl:info] [pid 9041:tid 140544156763904] SSL Library Error: error:14094418:SSL routines:SSL3_READ_BYTES:tlsv1 alert unknown ca (SSL alert number 48)
[Sun Jun 12 21:40:41.961731 2016] [ssl:info] [pid 9041:tid 140544156763904] [client 54.218.101.9:34605] AH01998: Connection closed to child 66 with abortive shutdown (server campusthrift.com:443)
[Sun Jun 12 21:40:50.495131 2016] [ssl:info] [pid 9040:tid 140544072214272] (70014)End of file found: [client 99.43.164.146:57615] AH01991: SSL input filter read failed.
[Sun Jun 12 21:40:50.503927 2016] [ssl:info] [pid 9041:tid 140543929538304] (70014)End of file found: [client 99.43.164.146:57613] AH01991: SSL input filter read failed.
[Sun Jun 12 21:40:50.504123 2016] [ssl:info] [pid 9040:tid 140544156763904] (70014)End of file found: [client 99.43.164.146:57612] AH01991: SSL input filter read failed.
[Sun Jun 12 21:40:50.572721 2016] [ssl:info] [pid 9041:tid 140544005072640] [client 99.43.164.146:57620] AH01964: Connection to child 76 established (server campusthrift.com:443)
[Sun Jun 12 21:40:50.582473 2016] [ssl:info] [pid 9041:tid 140544038643456] [client 99.43.164.146:57621] AH01964: Connection to child 72 established (server campusthrift.com:443)
[Sun Jun 12 21:40:50.583919 2016] [ssl:info] [pid 9041:tid 140544047036160] [client 99.43.164.146:57622] AH01964: Connection to child 71 established (server campusthrift.com:443)
[Sun Jun 12 21:40:50.585078 2016] [ssl:info] [pid 9041:tid 140543996679936] [client 99.43.164.146:57623] AH01964: Connection to child 77 established (server campusthrift.com:443)
[Sun Jun 12 21:40:50.586252 2016] [ssl:info] [pid 9041:tid 140544165156608] [client 99.43.164.146:57625] AH01964: Connection to child 65 established (server campusthrift.com:443)
[Sun Jun 12 21:40:50.587307 2016] [ssl:info] [pid 9040:tid 140544055428864] [client 99.43.164.146:57624] AH01964: Connection to child 6 established (server campusthrift.com:443)
[Sun Jun 12 21:41:16.590207 2016] [ssl:info] [pid 9041:tid 140544165156608] (70014)End of file found: [client 99.43.164.146:57625] AH01991: SSL input filter read failed.
[Sun Jun 12 21:41:16.590670 2016] [ssl:info] [pid 9041:tid 140544047036160] (70014)End of file found: [client 99.43.164.146:57622] AH01991: SSL input filter read failed.
[Sun Jun 12 21:41:16.590800 2016] [ssl:info] [pid 9041:tid 140543996679936] (70014)End of file found: [client 99.43.164.146:57623] AH01991: SSL input filter read failed.
[Sun Jun 12 21:41:16.590945 2016] [ssl:info] [pid 9040:tid 140544055428864] (70014)End of file found: [client 99.43.164.146:57624] AH01991: SSL input filter read failed.
[Sun Jun 12 21:41:16.591072 2016] [ssl:info] [pid 9041:tid 140544038643456] (70014)End of file found: [client 99.43.164.146:57621] AH01991: SSL input filter read failed.
[Sun Jun 12 21:41:17.105077 2016] [ssl:info] [pid 9040:tid 140544173549312] [client 99.43.164.146:57628] AH01964: Connection to child 0 established (server campusthrift.com:443)
[Sun Jun 12 21:41:17.106590 2016] [ssl:info] [pid 9040:tid 140543979894528] [client 99.43.164.146:57629] AH01964: Connection to child 15 established (server campusthrift.com:443)
[Sun Jun 12 21:41:17.107965 2016] [ssl:info] [pid 9040:tid 140544038643456] [client 99.43.164.146:57627] AH01964: Connection to child 8 established (server campusthrift.com:443)
[Sun Jun 12 21:41:17.108824 2016] [ssl:info] [pid 9040:tid 140543971501824] [client 99.43.164.146:57631] AH01964: Connection to child 16 established (server campusthrift.com:443)
[Sun Jun 12 21:41:17.109850 2016] [ssl:info] [pid 9040:tid 140544013465344] [client 99.43.164.146:57632] AH01964: Connection to child 11 established (server campusthrift.com:443)
[Sun Jun 12 21:41:17.111274 2016] [ssl:info] [pid 9041:tid 140544021858048] [client 99.43.164.146:57630] AH01964: Connection to child 74 established (server campusthrift.com:443)
[Sun Jun 12 21:41:17.611163 2016] [core:info] [pid 9040:tid 140543996679936] [client 99.43.164.146:57629] AH00128: File does not exist: /var/www/campusthrift.com/static/images/img-sprite.png, referer: https://campusthrift.com/static/css/style.css
[Sun Jun 12 21:42:23.630713 2016] [ssl:info] [pid 9040:tid 140544038643456] (70014)End of file found: [client 99.43.164.146:57627] AH01991: SSL input filter read failed.
[Sun Jun 12 21:42:23.636207 2016] [ssl:info] [pid 9040:tid 140543971501824] (70014)End of file found: [client 99.43.164.146:57631] AH01991: SSL input filter read failed.
[Sun Jun 12 21:42:23.636652 2016] [ssl:info] [pid 9040:tid 140544013465344] (70014)End of file found: [client 99.43.164.146:57632] AH01991: SSL input filter read failed.
[Sun Jun 12 21:42:23.637190 2016] [ssl:info] [pid 9041:tid 140544021858048] (70014)End of file found: [client 99.43.164.146:57630] AH01991: SSL input filter read failed.
[Sun Jun 12 21:42:24.019059 2016] [ssl:info] [pid 9040:tid 140544005072640] [client 216.218.206.66:48447] AH01964: Connection to child 12 established (server campusthrift.com:443)
[Sun Jun 12 21:42:28.886146 2016] [ssl:info] [pid 9040:tid 140544021858048] (104)Connection reset by peer: [client 216.218.206.66:48447] AH01991: SSL input filter read failed.
[Sun Jun 12 21:44:24.357954 2016] [ssl:info] [pid 9040:tid 140544063821568] [client 99.43.164.146:57675] AH01964: Connection to child 5 established (server campusthrift.com:443)
[Sun Jun 12 21:44:25.978744 2016] [core:info] [pid 9040:tid 140543946323712] [client 99.43.164.146:57675] AH00128: File does not exist: /var/www/campusthrift.com/static/images/img-sprite.png, referer: https://campusthrift.com/static/css/style.css
[Sun Jun 12 21:44:33.463182 2016] [ssl:info] [pid 9041:tid 140544072214272] [client 99.43.164.146:57676] AH01964: Connection to child 68 established (server campusthrift.com:443)
[Sun Jun 12 21:44:34.988875 2016] [core:info] [pid 9041:tid 140543946323712] [client 99.43.164.146:57676] AH00128: File does not exist: /var/www/campusthrift.com/static/images/img-sprite.png, referer: https://campusthrift.com/static/css/style.css
[Sun Jun 12 21:45:29.660113 2016] [ssl:info] [pid 9041:tid 140543912752896] [client 74.110.162.236:62828] AH01964: Connection to child 87 established (server campusthrift.com:443)
[Sun Jun 12 21:45:30.154519 2016] [core:info] [pid 9041:tid 140543979894528] [client 74.110.162.236:62828] AH00128: File does not exist: /var/www/campusthrift.com/static/images/img-sprite.png, referer: https://campusthrift.com/static/css/style.css
[Sun Jun 12 21:45:37.425277 2016] [ssl:info] [pid 9040:tid 140543937931008] [client 74.110.162.236:62830] AH01964: Connection to child 20 established (server campusthrift.com:443)
[Sun Jun 12 21:45:37.426674 2016] [ssl:info] [pid 9040:tid 140543921145600] [client 74.110.162.236:62832] AH01964: Connection to child 22 established (server campusthrift.com:443)
[Sun Jun 12 21:45:37.427224 2016] [ssl:info] [pid 9040:tid 140543912752896] [client 74.110.162.236:62831] AH01964: Connection to child 23 established (server campusthrift.com:443)
[Sun Jun 12 21:45:37.428711 2016] [ssl:info] [pid 9040:tid 140543929538304] [client 74.110.162.236:62834] AH01964: Connection to child 21 established (server campusthrift.com:443)
[Sun Jun 12 21:45:37.429160 2016] [ssl:info] [pid 9040:tid 140544165156608] [client 74.110.162.236:62829] AH01964: Connection to child 1 established (server campusthrift.com:443)
[Sun Jun 12 21:45:37.430307 2016] [ssl:info] [pid 9040:tid 140544047036160] [client 74.110.162.236:62833] AH01964: Connection to child 7 established (server campusthrift.com:443)
[Mon Jun 13 01:45:43.529699 2016] [:error] [pid 9039:tid 140544165156608] Internal Server Error: /buyer_confirm/pkv3z4iabt1/
[Mon Jun 13 01:45:43.529789 2016] [:error] [pid 9039:tid 140544165156608] Traceback (most recent call last):
[Mon Jun 13 01:45:43.529799 2016] [:error] [pid 9039:tid 140544165156608]   File "/usr/local/lib/python2.7/dist-packages/django/core/handlers/base.py", line 149, in get_response
[Mon Jun 13 01:45:43.529841 2016] [:error] [pid 9039:tid 140544165156608]     response = self.process_exception_by_middleware(e, request)
[Mon Jun 13 01:45:43.529849 2016] [:error] [pid 9039:tid 140544165156608]   File "/usr/local/lib/python2.7/dist-packages/django/core/handlers/base.py", line 147, in get_response
[Mon Jun 13 01:45:43.529858 2016] [:error] [pid 9039:tid 140544165156608]     response = wrapped_callback(request, *callback_args, **callback_kwargs)
[Mon Jun 13 01:45:43.529866 2016] [:error] [pid 9039:tid 140544165156608]   File "/usr/local/lib/python2.7/dist-packages/django/contrib/auth/decorators.py", line 23, in _wrapped_view
[Mon Jun 13 01:45:43.529874 2016] [:error] [pid 9039:tid 140544165156608]     return view_func(request, *args, **kwargs)
[Mon Jun 13 01:45:43.529881 2016] [:error] [pid 9039:tid 140544165156608]   File "/var/www/campusthrift.com/campusthrift/views.py", line 525, in buyer_confirm
[Mon Jun 13 01:45:43.529889 2016] [:error] [pid 9039:tid 140544165156608]     description = "Transfer for " + order_item.seller.email
[Mon Jun 13 01:45:43.529896 2016] [:error] [pid 9039:tid 140544165156608]   File "/usr/local/lib/python2.7/dist-packages/stripe/resource.py", line 414, in create
[Mon Jun 13 01:45:43.529903 2016] [:error] [pid 9039:tid 140544165156608]     response, api_key = requestor.request('post', url, params, headers)
[Mon Jun 13 01:45:43.529910 2016] [:error] [pid 9039:tid 140544165156608]   File "/usr/local/lib/python2.7/dist-packages/stripe/api_requestor.py", line 138, in request
[Mon Jun 13 01:45:43.529917 2016] [:error] [pid 9039:tid 140544165156608]     resp = self.interpret_response(rbody, rcode, rheaders)
[Mon Jun 13 01:45:43.529924 2016] [:error] [pid 9039:tid 140544165156608]   File "/usr/local/lib/python2.7/dist-packages/stripe/api_requestor.py", line 270, in interpret_response
[Mon Jun 13 01:45:43.529932 2016] [:error] [pid 9039:tid 140544165156608]     self.handle_api_error(rbody, rcode, resp, rheaders)
[Mon Jun 13 01:45:43.529939 2016] [:error] [pid 9039:tid 140544165156608]   File "/usr/local/lib/python2.7/dist-packages/stripe/api_requestor.py", line 157, in handle_api_error
[Mon Jun 13 01:45:43.529946 2016] [:error] [pid 9039:tid 140544165156608]     rbody, rcode, resp, rheaders)
[Mon Jun 13 01:45:43.529954 2016] [:error] [pid 9039:tid 140544165156608] InvalidRequestError: Request req_8d09EJCIppwNPf: Cannot create live transfers; please switch to manual transfers by going to https://dashboard.stripe.com/account/transfers.
[Sun Jun 12 21:45:47.594377 2016] [ssl:info] [pid 9040:tid 140543921145600] (70014)End of file found: [client 74.110.162.236:62832] AH01991: SSL input filter read failed.
[Sun Jun 12 21:45:47.594593 2016] [ssl:info] [pid 9040:tid 140543912752896] (70014)End of file found: [client 74.110.162.236:62831] AH01991: SSL input filter read failed.
[Sun Jun 12 21:45:47.594878 2016] [ssl:info] [pid 9040:tid 140543929538304] (70014)End of file found: [client 74.110.162.236:62834] AH01991: SSL input filter read failed.
[Sun Jun 12 21:45:47.595562 2016] [ssl:info] [pid 9040:tid 140544165156608] (70014)End of file found: [client 74.110.162.236:62829] AH01991: SSL input filter read failed.
[Sun Jun 12 21:45:47.595694 2016] [ssl:info] [pid 9040:tid 140544047036160] (70014)End of file found: [client 74.110.162.236:62833] AH01991: SSL input filter read failed.
[Sun Jun 12 21:47:29.727645 2016] [ssl:info] [pid 9041:tid 140543971501824] [client 216.218.206.66:50367] AH01964: Connection to child 80 established (server campusthrift.com:443)
[Sun Jun 12 21:47:31.644389 2016] [ssl:info] [pid 9041:tid 140543963109120] (104)Connection reset by peer: [client 216.218.206.66:50367] AH01991: SSL input filter read failed.
[Sun Jun 12 21:48:48.925587 2016] [ssl:info] [pid 9040:tid 140543904360192] [client 74.110.162.236:62895] AH01964: Connection to child 24 established (server campusthrift.com:443)
[Sun Jun 12 21:48:48.926472 2016] [ssl:info] [pid 9041:tid 140543904360192] [client 74.110.162.236:62891] AH01964: Connection to child 88 established (server campusthrift.com:443)
[Sun Jun 12 21:48:48.927084 2016] [ssl:info] [pid 9041:tid 140544173549312] [client 74.110.162.236:62896] AH01964: Connection to child 64 established (server campusthrift.com:443)
[Sun Jun 12 21:48:48.927688 2016] [ssl:info] [pid 9041:tid 140544063821568] [client 74.110.162.236:62893] AH01964: Connection to child 69 established (server campusthrift.com:443)
[Sun Jun 12 21:48:48.928088 2016] [ssl:info] [pid 9041:tid 140544156763904] [client 74.110.162.236:62894] AH01964: Connection to child 66 established (server campusthrift.com:443)
[Sun Jun 12 21:48:48.928463 2016] [ssl:info] [pid 9040:tid 140544080606976] [client 74.110.162.236:62892] AH01964: Connection to child 3 established (server campusthrift.com:443)
[Mon Jun 13 01:48:49.992579 2016] [:error] [pid 9039:tid 140544165156608] Internal Server Error: /buyer_confirm/pkv3z4iabt1/
[Mon Jun 13 01:48:49.992621 2016] [:error] [pid 9039:tid 140544165156608] Traceback (most recent call last):
[Mon Jun 13 01:48:49.992625 2016] [:error] [pid 9039:tid 140544165156608]   File "/usr/local/lib/python2.7/dist-packages/django/core/handlers/base.py", line 149, in get_response
[Mon Jun 13 01:48:49.992629 2016] [:error] [pid 9039:tid 140544165156608]     response = self.process_exception_by_middleware(e, request)
[Mon Jun 13 01:48:49.992633 2016] [:error] [pid 9039:tid 140544165156608]   File "/usr/local/lib/python2.7/dist-packages/django/core/handlers/base.py", line 147, in get_response
[Mon Jun 13 01:48:49.992636 2016] [:error] [pid 9039:tid 140544165156608]     response = wrapped_callback(request, *callback_args, **callback_kwargs)
[Mon Jun 13 01:48:49.992640 2016] [:error] [pid 9039:tid 140544165156608]   File "/usr/local/lib/python2.7/dist-packages/django/contrib/auth/decorators.py", line 23, in _wrapped_view
[Mon Jun 13 01:48:49.992643 2016] [:error] [pid 9039:tid 140544165156608]     return view_func(request, *args, **kwargs)
[Mon Jun 13 01:48:49.992647 2016] [:error] [pid 9039:tid 140544165156608]   File "/var/www/campusthrift.com/campusthrift/views.py", line 525, in buyer_confirm
[Mon Jun 13 01:48:49.992650 2016] [:error] [pid 9039:tid 140544165156608]     description = "Transfer for " + order_item.seller.email
[Mon Jun 13 01:48:49.992653 2016] [:error] [pid 9039:tid 140544165156608]   File "/usr/local/lib/python2.7/dist-packages/stripe/resource.py", line 414, in create
[Mon Jun 13 01:48:49.992656 2016] [:error] [pid 9039:tid 140544165156608]     response, api_key = requestor.request('post', url, params, headers)
[Mon Jun 13 01:48:49.992660 2016] [:error] [pid 9039:tid 140544165156608]   File "/usr/local/lib/python2.7/dist-packages/stripe/api_requestor.py", line 138, in request
[Mon Jun 13 01:48:49.992663 2016] [:error] [pid 9039:tid 140544165156608]     resp = self.interpret_response(rbody, rcode, rheaders)
[Mon Jun 13 01:48:49.992666 2016] [:error] [pid 9039:tid 140544165156608]   File "/usr/local/lib/python2.7/dist-packages/stripe/api_requestor.py", line 270, in interpret_response
[Mon Jun 13 01:48:49.992669 2016] [:error] [pid 9039:tid 140544165156608]     self.handle_api_error(rbody, rcode, resp, rheaders)
[Mon Jun 13 01:48:49.992673 2016] [:error] [pid 9039:tid 140544165156608]   File "/usr/local/lib/python2.7/dist-packages/stripe/api_requestor.py", line 157, in handle_api_error
[Mon Jun 13 01:48:49.992676 2016] [:error] [pid 9039:tid 140544165156608]     rbody, rcode, resp, rheaders)
[Mon Jun 13 01:48:49.992679 2016] [:error] [pid 9039:tid 140544165156608] InvalidRequestError: Request req_8d0Cs0cYUoV4fI: Insufficient funds in Stripe account.   You can use the the /v1/balance endpoint to view your Stripe balance (for more details, see stripe.com/docs/api#balance).
[Sun Jun 12 21:49:23.007378 2016] [ssl:info] [pid 9041:tid 140544173549312] (70014)End of file found: [client 74.110.162.236:62896] AH01991: SSL input filter read failed.
[Sun Jun 12 21:49:23.007770 2016] [ssl:info] [pid 9041:tid 140544063821568] (70014)End of file found: [client 74.110.162.236:62893] AH01991: SSL input filter read failed.
[Sun Jun 12 21:49:23.007992 2016] [ssl:info] [pid 9041:tid 140544156763904] (70014)End of file found: [client 74.110.162.236:62894] AH01991: SSL input filter read failed.
[Sun Jun 12 21:49:23.008188 2016] [ssl:info] [pid 9040:tid 140544080606976] (70014)End of file found: [client 74.110.162.236:62892] AH01991: SSL input filter read failed.
[Sun Jun 12 21:49:23.008351 2016] [ssl:info] [pid 9041:tid 140543904360192] (70014)End of file found: [client 74.110.162.236:62891] AH01991: SSL input filter read failed.
[Sun Jun 12 21:49:52.445515 2016] [ssl:info] [pid 9040:tid 140544030250752] [client 216.218.206.66:57026] AH01964: Connection to child 9 established (server campusthrift.com:443)
[Sun Jun 12 21:49:52.446099 2016] [ssl:info] [pid 9040:tid 140544030250752] [client 216.218.206.66:57026] AH02008: SSL library error 1 in handshake (server campusthrift.com:443)
[Sun Jun 12 21:49:52.446287 2016] [ssl:info] [pid 9040:tid 140544030250752] SSL Library Error: error:1408A0C1:SSL routines:SSL3_GET_CLIENT_HELLO:no shared cipher -- Too restrictive SSLCipherSuite or using DSA server certificate?
[Sun Jun 12 21:49:52.446303 2016] [ssl:info] [pid 9040:tid 140544030250752] [client 216.218.206.66:57026] AH01998: Connection closed to child 9 with abortive shutdown (server campusthrift.com:443)
