[Sun Jun 12 21:31:11.332161 2016] [ssl:info] [pid 9040:tid 140544063821568] [client 99.43.164.146:57587] AH01964: Connection to child 5 established (server campusthrift.com:443)
[Sun Jun 12 21:31:27.748762 2016] [ssl:info] [pid 9041:tid 140544156763904] [client 99.43.164.146:57588] AH01964: Connection to child 66 established (server campusthrift.com:443)
[Sun Jun 12 21:31:53.389647 2016] [ssl:info] [pid 9041:tid 140544005072640] [client 99.43.164.146:57589] AH01964: Connection to child 76 established (server campusthrift.com:443)
[Sun Jun 12 21:32:25.260483 2016] [ssl:info] [pid 9040:tid 140543946323712] [client 99.43.164.146:57590] AH01964: Connection to child 19 established (server campusthrift.com:443)
[Sun Jun 12 21:32:32.075103 2016] [ssl:info] [pid 9041:tid 140544013465344] [client 99.43.164.146:57591] AH01964: Connection to child 75 established (server campusthrift.com:443)
[Sun Jun 12 21:32:46.873261 2016] [ssl:info] [pid 9040:tid 140543912752896] [client 99.43.164.146:57592] AH01964: Connection to child 23 established (server campusthrift.com:443)
[Sun Jun 12 21:33:13.454155 2016] [ssl:info] [pid 9041:tid 140544030250752] [client 99.43.164.146:57595] AH01964: Connection to child 73 established (server campusthrift.com:443)
[Sun Jun 12 21:33:20.377473 2016] [ssl:info] [pid 9040:tid 140544165156608] [client 99.43.164.146:57596] AH01964: Connection to child 1 established (server campusthrift.com:443)
[Sun Jun 12 21:33:44.698246 2016] [ssl:info] [pid 9041:tid 140543988287232] [client 99.43.164.146:57599] AH01964: Connection to child 78 established (server campusthrift.com:443)
[Sun Jun 12 21:33:44.699628 2016] [ssl:info] [pid 9041:tid 140543946323712] [client 99.43.164.146:57598] AH01964: Connection to child 83 established (server campusthrift.com:443)
[Sun Jun 12 21:33:44.700598 2016] [ssl:info] [pid 9041:tid 140543912752896] [client 99.43.164.146:57601] AH01964: Connection to child 87 established (server campusthrift.com:443)
[Sun Jun 12 21:33:44.701740 2016] [ssl:info] [pid 9041:tid 140543921145600] [client 99.43.164.146:57600] AH01964: Connection to child 86 established (server campusthrift.com:443)
[Sun Jun 12 21:33:45.377015 2016] [core:info] [pid 9041:tid 140544156763904] [client 99.43.164.146:57599] AH00128: File does not exist: /var/www/campusthrift.com/static/images/img-sprite.png, referer: https://campusthrift.com/static/css/style.css
[Sun Jun 12 21:33:49.312514 2016] [core:info] [pid 9041:tid 140544005072640] [client 99.43.164.146:57599] AH00128: File does not exist: /var/www/campusthrift.com/static/images/img-sprite.png, referer: https://campusthrift.com/static/css/style.css
[Sun Jun 12 21:34:20.367200 2016] [ssl:info] [pid 9040:tid 140544030250752] [client 99.43.164.146:57603] AH01964: Connection to child 9 established (server campusthrift.com:443)
[Mon Jun 13 01:34:20.518949 2016] [:error] [pid 9039:tid 140544148371200] 
[Mon Jun 13 01:34:20.519101 2016] [:error] [pid 9039:tid 140544148371200]  Clothing 
[Sun Jun 12 21:34:34.064801 2016] [ssl:info] [pid 9040:tid 140544173549312] [client 99.43.164.146:57604] AH01964: Connection to child 0 established (server campusthrift.com:443)
[Mon Jun 13 01:34:34.392280 2016] [:error] [pid 9039:tid 140544165156608] <tr><td colspan="2"><ul class="errorlist nonfield"><li>(Hidden field rotation) This field is required.</li></ul></td></tr>
[Mon Jun 13 01:34:34.392365 2016] [:error] [pid 9039:tid 140544165156608] <tr><th><label for="id_image">Image:</label></th><td><ul class="errorlist"><li>This field is required.</li></ul><input id="id_image" name="image" type="file" /><input id="id_rotation" name="rotation" type="hidden" /></td></tr>
[Sun Jun 12 21:34:35.030730 2016] [core:info] [pid 9040:tid 140543971501824] [client 99.43.164.146:57604] AH00128: File does not exist: /var/www/campusthrift.com/static/images/img-sprite.png, referer: https://campusthrift.com/static/css/style.css
[Sun Jun 12 21:34:38.925486 2016] [ssl:info] [pid 9041:tid 140544038643456] [client 99.43.164.146:57605] AH01964: Connection to child 72 established (server campusthrift.com:443)
[Sun Jun 12 21:34:39.006375 2016] [ssl:info] [pid 9041:tid 140544047036160] [client 99.43.164.146:57606] AH01964: Connection to child 71 established (server campusthrift.com:443)
[Sun Jun 12 21:34:39.078168 2016] [core:info] [pid 9041:tid 140544047036160] [client 99.43.164.146:57606] AH00128: File does not exist: /var/www/campusthrift.com/static/images/img-sprite.png, referer: https://campusthrift.com/static/css/style.css
[Sun Jun 12 21:39:52.103389 2016] [ssl:info] [pid 9040:tid 140544005072640] [client 74.110.162.236:62721] AH01964: Connection to child 12 established (server campusthrift.com:443)
[Sun Jun 12 21:39:52.106378 2016] [ssl:info] [pid 9041:tid 140544013465344] [client 74.110.162.236:62724] AH01964: Connection to child 75 established (server campusthrift.com:443)
[Sun Jun 12 21:39:52.108851 2016] [ssl:info] [pid 9041:tid 140543996679936] [client 74.110.162.236:62722] AH01964: Connection to child 77 established (server campusthrift.com:443)
[Sun Jun 12 21:39:52.111177 2016] [ssl:info] [pid 9040:tid 140544063821568] [client 74.110.162.236:62719] AH01964: Connection to child 5 established (server campusthrift.com:443)
[Sun Jun 12 21:39:52.113300 2016] [ssl:info] [pid 9041:tid 140544165156608] [client 74.110.162.236:62720] AH01964: Connection to child 65 established (server campusthrift.com:443)
[Sun Jun 12 21:39:52.115506 2016] [ssl:info] [pid 9040:tid 140544021858048] [client 74.110.162.236:62723] AH01964: Connection to child 10 established (server campusthrift.com:443)
[Sun Jun 12 21:39:53.083434 2016] [core:info] [pid 9041:tid 140543921145600] [client 74.110.162.236:62720] AH00128: File does not exist: /var/www/campusthrift.com/static/images/img-sprite.png, referer: https://campusthrift.com/static/css/style.css
[Sun Jun 12 21:39:55.893746 2016] [core:info] [pid 9040:tid 140543929538304] [client 74.110.162.236:62719] AH00128: File does not exist: /var/www/campusthrift.com/static/images/img-sprite.png, referer: https://campusthrift.com/static/css/style.css
[Sun Jun 12 21:39:58.368578 2016] [core:info] [pid 9040:tid 140544165156608] [client 74.110.162.236:62719] AH00128: File does not exist: /var/www/campusthrift.com/static/images/img-sprite.png, referer: https://campusthrift.com/static/css/style.css
[Sun Jun 12 21:40:00.545106 2016] [core:info] [pid 9040:tid 140544156763904] [client 74.110.162.236:62719] AH00128: File does not exist: /var/www/campusthrift.com/static/images/img-sprite.png, referer: https://campusthrift.com/static/css/style.css
[Sun Jun 12 21:40:04.670768 2016] [core:info] [pid 9040:tid 140544055428864] [client 74.110.162.236:62719] AH00128: File does not exist: /var/www/campusthrift.com/static/images/img-sprite.png, referer: https://campusthrift.com/static/css/style.css
[Sun Jun 12 21:40:07.558087 2016] [core:info] [pid 9040:tid 140543979894528] [client 74.110.162.236:62719] AH00128: File does not exist: /var/www/campusthrift.com/static/images/close_1.png, referer: https://campusthrift.com/static/css/style.css
[Sun Jun 12 21:40:07.570620 2016] [ssl:info] [pid 9041:tid 140543937931008] [client 74.110.162.236:62728] AH01964: Connection to child 84 established (server campusthrift.com:443)
[Sun Jun 12 21:40:07.575424 2016] [core:info] [pid 9040:tid 140544038643456] [client 74.110.162.236:62719] AH00128: File does not exist: /var/www/campusthrift.com/static/images/img-sprite.png, referer: https://campusthrift.com/static/css/style.css
[Sun Jun 12 21:40:10.542307 2016] [core:info] [pid 9040:tid 140543996679936] [client 74.110.162.236:62719] AH00128: File does not exist: /var/www/campusthrift.com/static/images/img-sprite.png, referer: https://campusthrift.com/static/css/style.css
[Sun Jun 12 21:40:27.486515 2016] [ssl:info] [pid 9040:tid 140544005072640] [client 74.110.162.236:62731] AH01964: Connection to child 12 established (server campusthrift.com:443)
[Mon Jun 13 01:40:27.515133 2016] [:error] [pid 9039:tid 140544165156608] <QueryDict: {u'city': [u'Cameron'], u'first_name': [u'Omar'], u'last_name': [u'Ansari'], u'zip': [u'29030'], u'1_ship_method': [u'1'], u'state': [u'SC'], u'address': [u'8250 Old State Rd'], u'csrfmiddlewaretoken': [u'1QtDJrIAStpgRl3XLOiwUeEY7pjdElAL']}>
[Mon Jun 13 01:40:27.515209 2016] [:error] [pid 9039:tid 140544165156608] {u'1': 1}
[Mon Jun 13 01:40:27.515223 2016] [:error] [pid 9039:tid 140544165156608] {u'1': 1}
[Mon Jun 13 01:40:27.526632 2016] [:error] [pid 9039:tid 140544165156608] /usr/local/lib/python2.7/dist-packages/django/db/models/fields/__init__.py:1453: RuntimeWarning: DateTimeField Order.date received a naive datetime (2016-06-13 00:39:28.005493) while time zone support is active.
[Mon Jun 13 01:40:27.526656 2016] [:error] [pid 9039:tid 140544165156608]   RuntimeWarning)
[Mon Jun 13 01:40:27.526661 2016] [:error] [pid 9039:tid 140544165156608] 
[Sun Jun 12 21:40:28.017935 2016] [core:info] [pid 9040:tid 140544063821568] [client 74.110.162.236:62731] AH00128: File does not exist: /var/www/campusthrift.com/static/images/img-sprite.png, referer: https://campusthrift.com/static/css/style.css
[Sun Jun 12 21:40:31.916386 2016] [core:info] [pid 9040:tid 140543937931008] [client 74.110.162.236:62731] AH00128: File does not exist: /var/www/campusthrift.com/static/images/img-sprite.png, referer: https://campusthrift.com/static/css/style.css
[Sun Jun 12 21:40:34.123754 2016] [core:info] [pid 9040:tid 140543912752896] [client 74.110.162.236:62731] AH00128: File does not exist: /var/www/campusthrift.com/static/images/img-sprite.png, referer: https://campusthrift.com/static/css/style.css
[Sun Jun 12 21:40:37.392096 2016] [ssl:info] [pid 9041:tid 140543979894528] [client 99.43.164.146:57611] AH01964: Connection to child 79 established (server campusthrift.com:443)
[Sun Jun 12 21:40:37.394144 2016] [ssl:info] [pid 9040:tid 140543988287232] [client 99.43.164.146:57614] AH01964: Connection to child 14 established (server campusthrift.com:443)
[Sun Jun 12 21:40:37.526956 2016] [core:info] [pid 9040:tid 140544047036160] [client 74.110.162.236:62731] AH00128: File does not exist: /var/www/campusthrift.com/static/images/img-sprite.png, referer: https://campusthrift.com/static/css/style.css
[Sun Jun 12 21:40:38.338310 2016] [ssl:info] [pid 9040:tid 140543904360192] [client 99.43.164.146:57616] AH01964: Connection to child 24 established (server campusthrift.com:443)
[Sun Jun 12 21:40:38.343718 2016] [ssl:info] [pid 9040:tid 140544072214272] [client 99.43.164.146:57615] AH01964: Connection to child 4 established (server campusthrift.com:443)
[Sun Jun 12 21:40:38.345490 2016] [ssl:info] [pid 9041:tid 140543929538304] [client 99.43.164.146:57613] AH01964: Connection to child 85 established (server campusthrift.com:443)
[Sun Jun 12 21:40:38.346693 2016] [ssl:info] [pid 9040:tid 140544156763904] [client 99.43.164.146:57612] AH01964: Connection to child 2 established (server campusthrift.com:443)
[Sun Jun 12 21:40:41.884516 2016] [ssl:info] [pid 9041:tid 140544156763904] [client 54.218.101.9:34605] AH01964: Connection to child 66 established (server campusthrift.com:443)
[Sun Jun 12 21:40:41.961509 2016] [ssl:info] [pid 9041:tid 140544156763904] [client 54.218.101.9:34605] AH02008: SSL library error 1 in handshake (server campusthrift.com:443)
[Sun Jun 12 21:40:41.961702 2016] [ssl:info] [pid 9041:tid 140544156763904] SSL Library Error: error:14094418:SSL routines:SSL3_READ_BYTES:tlsv1 alert unknown ca (SSL alert number 48)
[Sun Jun 12 21:40:41.961731 2016] [ssl:info] [pid 9041:tid 140544156763904] [client 54.218.101.9:34605] AH01998: Connection closed to child 66 with abortive shutdown (server campusthrift.com:443)
[Sun Jun 12 21:40:50.495131 2016] [ssl:info] [pid 9040:tid 140544072214272] (70014)End of file found: [client 99.43.164.146:57615] AH01991: SSL input filter read failed.
[Sun Jun 12 21:40:50.503927 2016] [ssl:info] [pid 9041:tid 140543929538304] (70014)End of file found: [client 99.43.164.146:57613] AH01991: SSL input filter read failed.
[Sun Jun 12 21:40:50.504123 2016] [ssl:info] [pid 9040:tid 140544156763904] (70014)End of file found: [client 99.43.164.146:57612] AH01991: SSL input filter read failed.
[Sun Jun 12 21:40:50.572721 2016] [ssl:info] [pid 9041:tid 140544005072640] [client 99.43.164.146:57620] AH01964: Connection to child 76 established (server campusthrift.com:443)
[Sun Jun 12 21:40:50.582473 2016] [ssl:info] [pid 9041:tid 140544038643456] [client 99.43.164.146:57621] AH01964: Connection to child 72 established (server campusthrift.com:443)
[Sun Jun 12 21:40:50.583919 2016] [ssl:info] [pid 9041:tid 140544047036160] [client 99.43.164.146:57622] AH01964: Connection to child 71 established (server campusthrift.com:443)
[Sun Jun 12 21:40:50.585078 2016] [ssl:info] [pid 9041:tid 140543996679936] [client 99.43.164.146:57623] AH01964: Connection to child 77 established (server campusthrift.com:443)
[Sun Jun 12 21:40:50.586252 2016] [ssl:info] [pid 9041:tid 140544165156608] [client 99.43.164.146:57625] AH01964: Connection to child 65 established (server campusthrift.com:443)
[Sun Jun 12 21:40:50.587307 2016] [ssl:info] [pid 9040:tid 140544055428864] [client 99.43.164.146:57624] AH01964: Connection to child 6 established (server campusthrift.com:443)
[Sun Jun 12 21:41:16.590207 2016] [ssl:info] [pid 9041:tid 140544165156608] (70014)End of file found: [client 99.43.164.146:57625] AH01991: SSL input filter read failed.
[Sun Jun 12 21:41:16.590670 2016] [ssl:info] [pid 9041:tid 140544047036160] (70014)End of file found: [client 99.43.164.146:57622] AH01991: SSL input filter read failed.
[Sun Jun 12 21:41:16.590800 2016] [ssl:info] [pid 9041:tid 140543996679936] (70014)End of file found: [client 99.43.164.146:57623] AH01991: SSL input filter read failed.
[Sun Jun 12 21:41:16.590945 2016] [ssl:info] [pid 9040:tid 140544055428864] (70014)End of file found: [client 99.43.164.146:57624] AH01991: SSL input filter read failed.
[Sun Jun 12 21:41:16.591072 2016] [ssl:info] [pid 9041:tid 140544038643456] (70014)End of file found: [client 99.43.164.146:57621] AH01991: SSL input filter read failed.
[Sun Jun 12 21:41:17.105077 2016] [ssl:info] [pid 9040:tid 140544173549312] [client 99.43.164.146:57628] AH01964: Connection to child 0 established (server campusthrift.com:443)
[Sun Jun 12 21:41:17.106590 2016] [ssl:info] [pid 9040:tid 140543979894528] [client 99.43.164.146:57629] AH01964: Connection to child 15 established (server campusthrift.com:443)
[Sun Jun 12 21:41:17.107965 2016] [ssl:info] [pid 9040:tid 140544038643456] [client 99.43.164.146:57627] AH01964: Connection to child 8 established (server campusthrift.com:443)
[Sun Jun 12 21:41:17.108824 2016] [ssl:info] [pid 9040:tid 140543971501824] [client 99.43.164.146:57631] AH01964: Connection to child 16 established (server campusthrift.com:443)
[Sun Jun 12 21:41:17.109850 2016] [ssl:info] [pid 9040:tid 140544013465344] [client 99.43.164.146:57632] AH01964: Connection to child 11 established (server campusthrift.com:443)
[Sun Jun 12 21:41:17.111274 2016] [ssl:info] [pid 9041:tid 140544021858048] [client 99.43.164.146:57630] AH01964: Connection to child 74 established (server campusthrift.com:443)
[Sun Jun 12 21:41:17.611163 2016] [core:info] [pid 9040:tid 140543996679936] [client 99.43.164.146:57629] AH00128: File does not exist: /var/www/campusthrift.com/static/images/img-sprite.png, referer: https://campusthrift.com/static/css/style.css
[Sun Jun 12 21:42:23.630713 2016] [ssl:info] [pid 9040:tid 140544038643456] (70014)End of file found: [client 99.43.164.146:57627] AH01991: SSL input filter read failed.
[Sun Jun 12 21:42:23.636207 2016] [ssl:info] [pid 9040:tid 140543971501824] (70014)End of file found: [client 99.43.164.146:57631] AH01991: SSL input filter read failed.
[Sun Jun 12 21:42:23.636652 2016] [ssl:info] [pid 9040:tid 140544013465344] (70014)End of file found: [client 99.43.164.146:57632] AH01991: SSL input filter read failed.
[Sun Jun 12 21:42:23.637190 2016] [ssl:info] [pid 9041:tid 140544021858048] (70014)End of file found: [client 99.43.164.146:57630] AH01991: SSL input filter read failed.
[Sun Jun 12 21:42:24.019059 2016] [ssl:info] [pid 9040:tid 140544005072640] [client 216.218.206.66:48447] AH01964: Connection to child 12 established (server campusthrift.com:443)
[Sun Jun 12 21:42:28.886146 2016] [ssl:info] [pid 9040:tid 140544021858048] (104)Connection reset by peer: [client 216.218.206.66:48447] AH01991: SSL input filter read failed.
[Sun Jun 12 21:44:24.357954 2016] [ssl:info] [pid 9040:tid 140544063821568] [client 99.43.164.146:57675] AH01964: Connection to child 5 established (server campusthrift.com:443)
[Sun Jun 12 21:44:25.978744 2016] [core:info] [pid 9040:tid 140543946323712] [client 99.43.164.146:57675] AH00128: File does not exist: /var/www/campusthrift.com/static/images/img-sprite.png, referer: https://campusthrift.com/static/css/style.css
[Sun Jun 12 21:44:33.463182 2016] [ssl:info] [pid 9041:tid 140544072214272] [client 99.43.164.146:57676] AH01964: Connection to child 68 established (server campusthrift.com:443)
[Sun Jun 12 21:44:34.988875 2016] [core:info] [pid 9041:tid 140543946323712] [client 99.43.164.146:57676] AH00128: File does not exist: /var/www/campusthrift.com/static/images/img-sprite.png, referer: https://campusthrift.com/static/css/style.css
[Sun Jun 12 21:45:29.660113 2016] [ssl:info] [pid 9041:tid 140543912752896] [client 74.110.162.236:62828] AH01964: Connection to child 87 established (server campusthrift.com:443)
[Sun Jun 12 21:45:30.154519 2016] [core:info] [pid 9041:tid 140543979894528] [client 74.110.162.236:62828] AH00128: File does not exist: /var/www/campusthrift.com/static/images/img-sprite.png, referer: https://campusthrift.com/static/css/style.css
[Sun Jun 12 21:45:37.425277 2016] [ssl:info] [pid 9040:tid 140543937931008] [client 74.110.162.236:62830] AH01964: Connection to child 20 established (server campusthrift.com:443)
[Sun Jun 12 21:45:37.426674 2016] [ssl:info] [pid 9040:tid 140543921145600] [client 74.110.162.236:62832] AH01964: Connection to child 22 established (server campusthrift.com:443)
[Sun Jun 12 21:45:37.427224 2016] [ssl:info] [pid 9040:tid 140543912752896] [client 74.110.162.236:62831] AH01964: Connection to child 23 established (server campusthrift.com:443)
[Sun Jun 12 21:45:37.428711 2016] [ssl:info] [pid 9040:tid 140543929538304] [client 74.110.162.236:62834] AH01964: Connection to child 21 established (server campusthrift.com:443)
[Sun Jun 12 21:45:37.429160 2016] [ssl:info] [pid 9040:tid 140544165156608] [client 74.110.162.236:62829] AH01964: Connection to child 1 established (server campusthrift.com:443)
[Sun Jun 12 21:45:37.430307 2016] [ssl:info] [pid 9040:tid 140544047036160] [client 74.110.162.236:62833] AH01964: Connection to child 7 established (server campusthrift.com:443)
[Mon Jun 13 01:45:43.529699 2016] [:error] [pid 9039:tid 140544165156608] Internal Server Error: /buyer_confirm/pkv3z4iabt1/
[Mon Jun 13 01:45:43.529789 2016] [:error] [pid 9039:tid 140544165156608] Traceback (most recent call last):
[Mon Jun 13 01:45:43.529799 2016] [:error] [pid 9039:tid 140544165156608]   File "/usr/local/lib/python2.7/dist-packages/django/core/handlers/base.py", line 149, in get_response
[Mon Jun 13 01:45:43.529841 2016] [:error] [pid 9039:tid 140544165156608]     response = self.process_exception_by_middleware(e, request)
[Mon Jun 13 01:45:43.529849 2016] [:error] [pid 9039:tid 140544165156608]   File "/usr/local/lib/python2.7/dist-packages/django/core/handlers/base.py", line 147, in get_response
[Mon Jun 13 01:45:43.529858 2016] [:error] [pid 9039:tid 140544165156608]     response = wrapped_callback(request, *callback_args, **callback_kwargs)
[Mon Jun 13 01:45:43.529866 2016] [:error] [pid 9039:tid 140544165156608]   File "/usr/local/lib/python2.7/dist-packages/django/contrib/auth/decorators.py", line 23, in _wrapped_view
[Mon Jun 13 01:45:43.529874 2016] [:error] [pid 9039:tid 140544165156608]     return view_func(request, *args, **kwargs)
[Mon Jun 13 01:45:43.529881 2016] [:error] [pid 9039:tid 140544165156608]   File "/var/www/campusthrift.com/campusthrift/views.py", line 525, in buyer_confirm
[Mon Jun 13 01:45:43.529889 2016] [:error] [pid 9039:tid 140544165156608]     description = "Transfer for " + order_item.seller.email
[Mon Jun 13 01:45:43.529896 2016] [:error] [pid 9039:tid 140544165156608]   File "/usr/local/lib/python2.7/dist-packages/stripe/resource.py", line 414, in create
[Mon Jun 13 01:45:43.529903 2016] [:error] [pid 9039:tid 140544165156608]     response, api_key = requestor.request('post', url, params, headers)
[Mon Jun 13 01:45:43.529910 2016] [:error] [pid 9039:tid 140544165156608]   File "/usr/local/lib/python2.7/dist-packages/stripe/api_requestor.py", line 138, in request
[Mon Jun 13 01:45:43.529917 2016] [:error] [pid 9039:tid 140544165156608]     resp = self.interpret_response(rbody, rcode, rheaders)
[Mon Jun 13 01:45:43.529924 2016] [:error] [pid 9039:tid 140544165156608]   File "/usr/local/lib/python2.7/dist-packages/stripe/api_requestor.py", line 270, in interpret_response
[Mon Jun 13 01:45:43.529932 2016] [:error] [pid 9039:tid 140544165156608]     self.handle_api_error(rbody, rcode, resp, rheaders)
[Mon Jun 13 01:45:43.529939 2016] [:error] [pid 9039:tid 140544165156608]   File "/usr/local/lib/python2.7/dist-packages/stripe/api_requestor.py", line 157, in handle_api_error
[Mon Jun 13 01:45:43.529946 2016] [:error] [pid 9039:tid 140544165156608]     rbody, rcode, resp, rheaders)
[Mon Jun 13 01:45:43.529954 2016] [:error] [pid 9039:tid 140544165156608] InvalidRequestError: Request req_8d09EJCIppwNPf: Cannot create live transfers; please switch to manual transfers by going to https://dashboard.stripe.com/account/transfers.
[Sun Jun 12 21:45:47.594377 2016] [ssl:info] [pid 9040:tid 140543921145600] (70014)End of file found: [client 74.110.162.236:62832] AH01991: SSL input filter read failed.
[Sun Jun 12 21:45:47.594593 2016] [ssl:info] [pid 9040:tid 140543912752896] (70014)End of file found: [client 74.110.162.236:62831] AH01991: SSL input filter read failed.
[Sun Jun 12 21:45:47.594878 2016] [ssl:info] [pid 9040:tid 140543929538304] (70014)End of file found: [client 74.110.162.236:62834] AH01991: SSL input filter read failed.
[Sun Jun 12 21:45:47.595562 2016] [ssl:info] [pid 9040:tid 140544165156608] (70014)End of file found: [client 74.110.162.236:62829] AH01991: SSL input filter read failed.
[Sun Jun 12 21:45:47.595694 2016] [ssl:info] [pid 9040:tid 140544047036160] (70014)End of file found: [client 74.110.162.236:62833] AH01991: SSL input filter read failed.
[Sun Jun 12 21:47:29.727645 2016] [ssl:info] [pid 9041:tid 140543971501824] [client 216.218.206.66:50367] AH01964: Connection to child 80 established (server campusthrift.com:443)
[Sun Jun 12 21:47:31.644389 2016] [ssl:info] [pid 9041:tid 140543963109120] (104)Connection reset by peer: [client 216.218.206.66:50367] AH01991: SSL input filter read failed.
[Sun Jun 12 21:48:48.925587 2016] [ssl:info] [pid 9040:tid 140543904360192] [client 74.110.162.236:62895] AH01964: Connection to child 24 established (server campusthrift.com:443)
[Sun Jun 12 21:48:48.926472 2016] [ssl:info] [pid 9041:tid 140543904360192] [client 74.110.162.236:62891] AH01964: Connection to child 88 established (server campusthrift.com:443)
[Sun Jun 12 21:48:48.927084 2016] [ssl:info] [pid 9041:tid 140544173549312] [client 74.110.162.236:62896] AH01964: Connection to child 64 established (server campusthrift.com:443)
[Sun Jun 12 21:48:48.927688 2016] [ssl:info] [pid 9041:tid 140544063821568] [client 74.110.162.236:62893] AH01964: Connection to child 69 established (server campusthrift.com:443)
[Sun Jun 12 21:48:48.928088 2016] [ssl:info] [pid 9041:tid 140544156763904] [client 74.110.162.236:62894] AH01964: Connection to child 66 established (server campusthrift.com:443)
[Sun Jun 12 21:48:48.928463 2016] [ssl:info] [pid 9040:tid 140544080606976] [client 74.110.162.236:62892] AH01964: Connection to child 3 established (server campusthrift.com:443)
[Mon Jun 13 01:48:49.992579 2016] [:error] [pid 9039:tid 140544165156608] Internal Server Error: /buyer_confirm/pkv3z4iabt1/
[Mon Jun 13 01:48:49.992621 2016] [:error] [pid 9039:tid 140544165156608] Traceback (most recent call last):
[Mon Jun 13 01:48:49.992625 2016] [:error] [pid 9039:tid 140544165156608]   File "/usr/local/lib/python2.7/dist-packages/django/core/handlers/base.py", line 149, in get_response
[Mon Jun 13 01:48:49.992629 2016] [:error] [pid 9039:tid 140544165156608]     response = self.process_exception_by_middleware(e, request)
[Mon Jun 13 01:48:49.992633 2016] [:error] [pid 9039:tid 140544165156608]   File "/usr/local/lib/python2.7/dist-packages/django/core/handlers/base.py", line 147, in get_response
[Mon Jun 13 01:48:49.992636 2016] [:error] [pid 9039:tid 140544165156608]     response = wrapped_callback(request, *callback_args, **callback_kwargs)
[Mon Jun 13 01:48:49.992640 2016] [:error] [pid 9039:tid 140544165156608]   File "/usr/local/lib/python2.7/dist-packages/django/contrib/auth/decorators.py", line 23, in _wrapped_view
[Mon Jun 13 01:48:49.992643 2016] [:error] [pid 9039:tid 140544165156608]     return view_func(request, *args, **kwargs)
[Mon Jun 13 01:48:49.992647 2016] [:error] [pid 9039:tid 140544165156608]   File "/var/www/campusthrift.com/campusthrift/views.py", line 525, in buyer_confirm
[Mon Jun 13 01:48:49.992650 2016] [:error] [pid 9039:tid 140544165156608]     description = "Transfer for " + order_item.seller.email
[Mon Jun 13 01:48:49.992653 2016] [:error] [pid 9039:tid 140544165156608]   File "/usr/local/lib/python2.7/dist-packages/stripe/resource.py", line 414, in create
[Mon Jun 13 01:48:49.992656 2016] [:error] [pid 9039:tid 140544165156608]     response, api_key = requestor.request('post', url, params, headers)
[Mon Jun 13 01:48:49.992660 2016] [:error] [pid 9039:tid 140544165156608]   File "/usr/local/lib/python2.7/dist-packages/stripe/api_requestor.py", line 138, in request
[Mon Jun 13 01:48:49.992663 2016] [:error] [pid 9039:tid 140544165156608]     resp = self.interpret_response(rbody, rcode, rheaders)
[Mon Jun 13 01:48:49.992666 2016] [:error] [pid 9039:tid 140544165156608]   File "/usr/local/lib/python2.7/dist-packages/stripe/api_requestor.py", line 270, in interpret_response
[Mon Jun 13 01:48:49.992669 2016] [:error] [pid 9039:tid 140544165156608]     self.handle_api_error(rbody, rcode, resp, rheaders)
[Mon Jun 13 01:48:49.992673 2016] [:error] [pid 9039:tid 140544165156608]   File "/usr/local/lib/python2.7/dist-packages/stripe/api_requestor.py", line 157, in handle_api_error
[Mon Jun 13 01:48:49.992676 2016] [:error] [pid 9039:tid 140544165156608]     rbody, rcode, resp, rheaders)
[Mon Jun 13 01:48:49.992679 2016] [:error] [pid 9039:tid 140544165156608] InvalidRequestError: Request req_8d0Cs0cYUoV4fI: Insufficient funds in Stripe account.   You can use the the /v1/balance endpoint to view your Stripe balance (for more details, see stripe.com/docs/api#balance).
[Sun Jun 12 21:49:23.007378 2016] [ssl:info] [pid 9041:tid 140544173549312] (70014)End of file found: [client 74.110.162.236:62896] AH01991: SSL input filter read failed.
[Sun Jun 12 21:49:23.007770 2016] [ssl:info] [pid 9041:tid 140544063821568] (70014)End of file found: [client 74.110.162.236:62893] AH01991: SSL input filter read failed.
[Sun Jun 12 21:49:23.007992 2016] [ssl:info] [pid 9041:tid 140544156763904] (70014)End of file found: [client 74.110.162.236:62894] AH01991: SSL input filter read failed.
[Sun Jun 12 21:49:23.008188 2016] [ssl:info] [pid 9040:tid 140544080606976] (70014)End of file found: [client 74.110.162.236:62892] AH01991: SSL input filter read failed.
[Sun Jun 12 21:49:23.008351 2016] [ssl:info] [pid 9041:tid 140543904360192] (70014)End of file found: [client 74.110.162.236:62891] AH01991: SSL input filter read failed.
[Sun Jun 12 21:49:52.445515 2016] [ssl:info] [pid 9040:tid 140544030250752] [client 216.218.206.66:57026] AH01964: Connection to child 9 established (server campusthrift.com:443)
[Sun Jun 12 21:49:52.446099 2016] [ssl:info] [pid 9040:tid 140544030250752] [client 216.218.206.66:57026] AH02008: SSL library error 1 in handshake (server campusthrift.com:443)
[Sun Jun 12 21:49:52.446287 2016] [ssl:info] [pid 9040:tid 140544030250752] SSL Library Error: error:1408A0C1:SSL routines:SSL3_GET_CLIENT_HELLO:no shared cipher -- Too restrictive SSLCipherSuite or using DSA server certificate?
[Sun Jun 12 21:49:52.446303 2016] [ssl:info] [pid 9040:tid 140544030250752] [client 216.218.206.66:57026] AH01998: Connection closed to child 9 with abortive shutdown (server campusthrift.com:443)
[Sun Jun 12 22:46:05.324965 2016] [ssl:info] [pid 10543:tid 140244625909632] AH02200: Loading certificate & private key of SSL-aware server 'campusthrift.com:443'
[Sun Jun 12 22:46:05.326468 2016] [ssl:info] [pid 10543:tid 140244625909632] AH01914: Configuring server campusthrift.com:443 for SSL protocol
[Sun Jun 12 22:46:05.349662 2016] [ssl:info] [pid 10544:tid 140244625909632] AH02200: Loading certificate & private key of SSL-aware server 'campusthrift.com:443'
[Sun Jun 12 22:46:05.350529 2016] [ssl:info] [pid 10544:tid 140244625909632] AH01914: Configuring server campusthrift.com:443 for SSL protocol
[Sun Jun 12 22:46:05.429017 2016] [:info] [pid 10547:tid 140244625909632] mod_wsgi (pid=10547): Attach interpreter ''.
[Sun Jun 12 22:46:05.429591 2016] [:info] [pid 10547:tid 140244625909632] mod_wsgi (pid=10547): Adding '/var/www/campusthrift.com' to path.
[Sun Jun 12 22:46:05.438407 2016] [:info] [pid 10547:tid 140244625909632] mod_wsgi (pid=10547): Adding '/usr/local/lib/python2.7/site-packages' to path.
[Sun Jun 12 22:46:37.642874 2016] [ssl:info] [pid 10548:tid 140244414351104] [client 74.110.162.236:64106] AH01964: Connection to child 4 established (server campusthrift.com:443)
[Sun Jun 12 22:46:37.646330 2016] [ssl:info] [pid 10549:tid 140244517553920] [client 74.110.162.236:64104] AH01964: Connection to child 64 established (server campusthrift.com:443)
[Sun Jun 12 22:46:37.650186 2016] [ssl:info] [pid 10549:tid 140244439529216] [client 74.110.162.236:64105] AH01964: Connection to child 65 established (server campusthrift.com:443)
[Sun Jun 12 22:46:38.142000 2016] [ssl:info] [pid 10549:tid 140244414351104] [client 74.110.162.236:64109] AH01964: Connection to child 68 established (server campusthrift.com:443)
[Sun Jun 12 22:46:38.143725 2016] [ssl:info] [pid 10548:tid 140244422743808] [client 74.110.162.236:64111] AH01964: Connection to child 3 established (server campusthrift.com:443)
[Sun Jun 12 22:46:38.144600 2016] [ssl:info] [pid 10548:tid 140244405958400] [client 74.110.162.236:64110] AH01964: Connection to child 5 established (server campusthrift.com:443)
[Sun Jun 12 22:46:38.163144 2016] [:info] [pid 10547:tid 140244509161216] mod_wsgi (pid=10547): Create interpreter 'campusthrift.com|'.
[Sun Jun 12 22:46:38.167924 2016] [:info] [pid 10547:tid 140244509161216] mod_wsgi (pid=10547): Adding '/var/www/campusthrift.com' to path.
[Sun Jun 12 22:46:38.168401 2016] [:info] [pid 10547:tid 140244509161216] mod_wsgi (pid=10547): Adding '/usr/local/lib/python2.7/site-packages' to path.
[Sun Jun 12 22:46:38.169609 2016] [:info] [pid 10547:tid 140244509161216] [remote 74.110.162.236:6207] mod_wsgi (pid=10547, process='campusthrift.com', application='campusthrift.com|'): Loading WSGI script '/var/www/campusthrift.com/campusthrift/wsgi.py'.
[Sun Jun 12 22:46:39.406479 2016] [core:info] [pid 10548:tid 140244431136512] [client 74.110.162.236:64106] AH00128: File does not exist: /var/www/campusthrift.com/static/images/img-sprite.png, referer: https://campusthrift.com/static/css/style.css
[Sun Jun 12 22:46:53.861490 2016] [ssl:info] [pid 10549:tid 140244517553920] (70014)End of file found: [client 74.110.162.236:64104] AH01991: SSL input filter read failed.
[Sun Jun 12 22:46:53.862174 2016] [ssl:info] [pid 10549:tid 140244414351104] (70014)End of file found: [client 74.110.162.236:64109] AH01991: SSL input filter read failed.
[Sun Jun 12 22:46:53.862265 2016] [ssl:info] [pid 10548:tid 140244422743808] (70014)End of file found: [client 74.110.162.236:64111] AH01991: SSL input filter read failed.
[Sun Jun 12 22:46:53.862358 2016] [ssl:info] [pid 10548:tid 140244405958400] (70014)End of file found: [client 74.110.162.236:64110] AH01991: SSL input filter read failed.
[Sun Jun 12 22:50:55.051301 2016] [ssl:info] [pid 10549:tid 140244288460544] [client 74.110.162.236:64205] AH01964: Connection to child 83 established (server campusthrift.com:443)
[Sun Jun 12 22:50:55.424931 2016] [ssl:info] [pid 10548:tid 140244389172992] [client 74.110.162.236:64206] AH01964: Connection to child 7 established (server campusthrift.com:443)
[Sun Jun 12 22:50:55.549010 2016] [core:info] [pid 10549:tid 140244363994880] [client 74.110.162.236:64205] AH00128: File does not exist: /var/www/campusthrift.com/static/images/img-sprite.png, referer: https://campusthrift.com/static/css/style.css
[Sun Jun 12 22:51:10.320562 2016] [ssl:info] [pid 10548:tid 140244389172992] (70014)End of file found: [client 74.110.162.236:64206] AH01991: SSL input filter read failed.
[Sun Jun 12 22:51:10.335342 2016] [ssl:info] [pid 10548:tid 140244380780288] [client 74.110.162.236:64207] AH01964: Connection to child 8 established (server campusthrift.com:443)
[Mon Jun 13 02:51:10.371774 2016] [:error] [pid 10547:tid 140244391663360] 
[Mon Jun 13 02:51:10.371925 2016] [:error] [pid 10547:tid 140244391663360]  Accessories 
[Sun Jun 12 22:51:19.869120 2016] [ssl:info] [pid 10549:tid 140244313638656] [client 74.110.162.236:64208] AH01964: Connection to child 80 established (server campusthrift.com:443)
[Mon Jun 13 02:51:19.900660 2016] [:error] [pid 10547:tid 140244391663360] 
[Mon Jun 13 02:51:19.900817 2016] [:error] [pid 10547:tid 140244391663360]  Shoes 
[Sun Jun 12 22:51:32.784841 2016] [ssl:info] [pid 10549:tid 140244254889728] [client 74.110.162.236:64210] AH01964: Connection to child 87 established (server campusthrift.com:443)
[Mon Jun 13 02:51:32.983613 2016] [:error] [pid 10547:tid 140244509161216] Internal Server Error: /shop/new
[Mon Jun 13 02:51:32.983667 2016] [:error] [pid 10547:tid 140244509161216] Traceback (most recent call last):
[Mon Jun 13 02:51:32.983677 2016] [:error] [pid 10547:tid 140244509161216]   File "/usr/local/lib/python2.7/dist-packages/django/core/handlers/base.py", line 149, in get_response
[Mon Jun 13 02:51:32.983687 2016] [:error] [pid 10547:tid 140244509161216]     response = self.process_exception_by_middleware(e, request)
[Mon Jun 13 02:51:32.983696 2016] [:error] [pid 10547:tid 140244509161216]   File "/usr/local/lib/python2.7/dist-packages/django/core/handlers/base.py", line 147, in get_response
[Mon Jun 13 02:51:32.983706 2016] [:error] [pid 10547:tid 140244509161216]     response = wrapped_callback(request, *callback_args, **callback_kwargs)
[Mon Jun 13 02:51:32.983716 2016] [:error] [pid 10547:tid 140244509161216]   File "/usr/local/lib/python2.7/dist-packages/django/contrib/auth/decorators.py", line 23, in _wrapped_view
[Mon Jun 13 02:51:32.983725 2016] [:error] [pid 10547:tid 140244509161216]     return view_func(request, *args, **kwargs)
[Mon Jun 13 02:51:32.983734 2016] [:error] [pid 10547:tid 140244509161216]   File "/var/www/campusthrift.com/shop/views.py", line 87, in new
[Mon Jun 13 02:51:32.983743 2016] [:error] [pid 10547:tid 140244509161216]     item.save()
[Mon Jun 13 02:51:32.983750 2016] [:error] [pid 10547:tid 140244509161216]   File "/usr/local/lib/python2.7/dist-packages/django/db/models/base.py", line 708, in save
[Mon Jun 13 02:51:32.983774 2016] [:error] [pid 10547:tid 140244509161216]     force_update=force_update, update_fields=update_fields)
[Mon Jun 13 02:51:32.983782 2016] [:error] [pid 10547:tid 140244509161216]   File "/usr/local/lib/python2.7/dist-packages/django/db/models/base.py", line 736, in save_base
[Mon Jun 13 02:51:32.983789 2016] [:error] [pid 10547:tid 140244509161216]     updated = self._save_table(raw, cls, force_insert, force_update, using, update_fields)
[Mon Jun 13 02:51:32.983797 2016] [:error] [pid 10547:tid 140244509161216]   File "/usr/local/lib/python2.7/dist-packages/django/db/models/base.py", line 820, in _save_table
[Mon Jun 13 02:51:32.983804 2016] [:error] [pid 10547:tid 140244509161216]     result = self._do_insert(cls._base_manager, using, fields, update_pk, raw)
[Mon Jun 13 02:51:32.983811 2016] [:error] [pid 10547:tid 140244509161216]   File "/usr/local/lib/python2.7/dist-packages/django/db/models/base.py", line 859, in _do_insert
[Mon Jun 13 02:51:32.983818 2016] [:error] [pid 10547:tid 140244509161216]     using=using, raw=raw)
[Mon Jun 13 02:51:32.983824 2016] [:error] [pid 10547:tid 140244509161216]   File "/usr/local/lib/python2.7/dist-packages/django/db/models/manager.py", line 122, in manager_method
[Mon Jun 13 02:51:32.983831 2016] [:error] [pid 10547:tid 140244509161216]     return getattr(self.get_queryset(), name)(*args, **kwargs)
[Mon Jun 13 02:51:32.983838 2016] [:error] [pid 10547:tid 140244509161216]   File "/usr/local/lib/python2.7/dist-packages/django/db/models/query.py", line 1039, in _insert
[Mon Jun 13 02:51:32.983845 2016] [:error] [pid 10547:tid 140244509161216]     return query.get_compiler(using=using).execute_sql(return_id)
[Mon Jun 13 02:51:32.983852 2016] [:error] [pid 10547:tid 140244509161216]   File "/usr/local/lib/python2.7/dist-packages/django/db/models/sql/compiler.py", line 1060, in execute_sql
[Mon Jun 13 02:51:32.983859 2016] [:error] [pid 10547:tid 140244509161216]     cursor.execute(sql, params)
[Mon Jun 13 02:51:32.983865 2016] [:error] [pid 10547:tid 140244509161216]   File "/usr/local/lib/python2.7/dist-packages/django/db/backends/utils.py", line 79, in execute
[Mon Jun 13 02:51:32.983873 2016] [:error] [pid 10547:tid 140244509161216]     return super(CursorDebugWrapper, self).execute(sql, params)
[Mon Jun 13 02:51:32.983881 2016] [:error] [pid 10547:tid 140244509161216]   File "/usr/local/lib/python2.7/dist-packages/django/db/backends/utils.py", line 64, in execute
[Mon Jun 13 02:51:32.983889 2016] [:error] [pid 10547:tid 140244509161216]     return self.cursor.execute(sql, params)
[Mon Jun 13 02:51:32.983894 2016] [:error] [pid 10547:tid 140244509161216]   File "/usr/local/lib/python2.7/dist-packages/django/db/utils.py", line 95, in __exit__
[Mon Jun 13 02:51:32.983901 2016] [:error] [pid 10547:tid 140244509161216]     six.reraise(dj_exc_type, dj_exc_value, traceback)
[Mon Jun 13 02:51:32.983908 2016] [:error] [pid 10547:tid 140244509161216]   File "/usr/local/lib/python2.7/dist-packages/django/db/backends/utils.py", line 64, in execute
[Mon Jun 13 02:51:32.983916 2016] [:error] [pid 10547:tid 140244509161216]     return self.cursor.execute(sql, params)
[Mon Jun 13 02:51:32.983925 2016] [:error] [pid 10547:tid 140244509161216]   File "/usr/local/lib/python2.7/dist-packages/django/db/backends/sqlite3/base.py", line 323, in execute
[Mon Jun 13 02:51:32.983933 2016] [:error] [pid 10547:tid 140244509161216]     return Database.Cursor.execute(self, query, params)
[Mon Jun 13 02:51:32.983941 2016] [:error] [pid 10547:tid 140244509161216] OperationalError: attempt to write a readonly database
[Sun Jun 12 22:51:52.590889 2016] [ssl:info] [pid 10548:tid 140244439529216] [client 74.110.162.236:64213] AH01964: Connection to child 1 established (server campusthrift.com:443)
[Sun Jun 12 22:51:52.594126 2016] [ssl:info] [pid 10548:tid 140244363994880] [client 74.110.162.236:64215] AH01964: Connection to child 10 established (server campusthrift.com:443)
[Sun Jun 12 22:51:52.596954 2016] [ssl:info] [pid 10548:tid 140244347209472] [client 74.110.162.236:64211] AH01964: Connection to child 12 established (server campusthrift.com:443)
[Sun Jun 12 22:51:52.599495 2016] [ssl:info] [pid 10548:tid 140244338816768] [client 74.110.162.236:64216] AH01964: Connection to child 13 established (server campusthrift.com:443)
[Sun Jun 12 22:51:52.602230 2016] [ssl:info] [pid 10548:tid 140244330424064] [client 74.110.162.236:64214] AH01964: Connection to child 14 established (server campusthrift.com:443)
[Sun Jun 12 22:51:52.604765 2016] [ssl:info] [pid 10549:tid 140244338816768] [client 74.110.162.236:64212] AH01964: Connection to child 77 established (server campusthrift.com:443)
[Mon Jun 13 02:51:52.913134 2016] [:error] [pid 10547:tid 140244391663360] <tr><td colspan="2"><ul class="errorlist nonfield"><li>(Hidden field rotation) This field is required.</li></ul></td></tr>
[Mon Jun 13 02:51:52.913179 2016] [:error] [pid 10547:tid 140244391663360] <tr><th><label for="id_image">Image:</label></th><td><ul class="errorlist"><li>This field is required.</li></ul><input id="id_image" name="image" type="file" /><input id="id_rotation" name="rotation" type="hidden" /></td></tr>
[Sun Jun 12 22:51:53.637825 2016] [core:info] [pid 10548:tid 140244246497024] [client 74.110.162.236:64213] AH00128: File does not exist: /var/www/campusthrift.com/static/images/img-sprite.png, referer: https://campusthrift.com/static/css/style.css
[Sun Jun 12 22:51:56.168671 2016] [core:info] [pid 10548:tid 140244397565696] [client 74.110.162.236:64211] AH00128: File does not exist: /var/www/campusthrift.com/static/images/img-sprite.png, referer: https://campusthrift.com/static/css/style.css
[Sun Jun 12 22:52:01.678542 2016] [ssl:info] [pid 10549:tid 140244330424064] [client 74.110.162.236:64219] AH01964: Connection to child 78 established (server campusthrift.com:443)
[Sun Jun 12 22:52:01.997575 2016] [core:info] [pid 10549:tid 140244355602176] [client 74.110.162.236:64219] AH00128: File does not exist: /var/www/campusthrift.com/static/images/img-sprite.png, referer: https://campusthrift.com/static/css/style.css
[Sun Jun 12 22:52:04.107076 2016] [core:info] [pid 10549:tid 140244389172992] [client 74.110.162.236:64219] AH00128: File does not exist: /var/www/campusthrift.com/static/images/close_1.png, referer: https://campusthrift.com/static/css/style.css
[Sun Jun 12 22:52:04.120659 2016] [core:info] [pid 10549:tid 140244372387584] [client 74.110.162.236:64219] AH00128: File does not exist: /var/www/campusthrift.com/static/images/img-sprite.png, referer: https://campusthrift.com/static/css/style.css
[Sun Jun 12 22:52:04.127067 2016] [ssl:info] [pid 10548:tid 140244431136512] [client 74.110.162.236:64220] AH01964: Connection to child 2 established (server campusthrift.com:443)
[Sun Jun 12 22:52:06.868596 2016] [core:info] [pid 10549:tid 140244431136512] [client 74.110.162.236:64219] AH00128: File does not exist: /var/www/campusthrift.com/static/images/img-sprite.png, referer: https://campusthrift.com/static/css/style.css
[Sun Jun 12 22:52:16.249872 2016] [ssl:info] [pid 10548:tid 140244431136512] (70014)End of file found: [client 74.110.162.236:64220] AH01991: SSL input filter read failed.
[Sun Jun 12 22:52:16.263999 2016] [ssl:info] [pid 10548:tid 140244422743808] [client 74.110.162.236:64221] AH01964: Connection to child 3 established (server campusthrift.com:443)
[Mon Jun 13 02:52:16.283951 2016] [:error] [pid 10547:tid 140244509161216] <QueryDict: {u'2_ship_method': [u'2'], u'city': [u'Cameron'], u'first_name': [u'Omar'], u'last_name': [u'Ansari'], u'zip': [u'29030'], u'state': [u'SC'], u'address': [u'8250 Old State Rd'], u'csrfmiddlewaretoken': [u'1QtDJrIAStpgRl3XLOiwUeEY7pjdElAL']}>
[Mon Jun 13 02:52:16.284006 2016] [:error] [pid 10547:tid 140244509161216] {u'2': 1}
[Mon Jun 13 02:52:16.284018 2016] [:error] [pid 10547:tid 140244509161216] {u'2': 1}
[Mon Jun 13 02:52:16.294327 2016] [:error] [pid 10547:tid 140244509161216] /usr/local/lib/python2.7/dist-packages/django/db/models/fields/__init__.py:1453: RuntimeWarning: DateTimeField Order.date received a naive datetime (2016-06-13 02:46:38.765875) while time zone support is active.
[Mon Jun 13 02:52:16.294380 2016] [:error] [pid 10547:tid 140244509161216]   RuntimeWarning)
[Mon Jun 13 02:52:16.294391 2016] [:error] [pid 10547:tid 140244509161216] 
[Sun Jun 12 22:52:16.606330 2016] [core:info] [pid 10548:tid 140244389172992] [client 74.110.162.236:64221] AH00128: File does not exist: /var/www/campusthrift.com/static/images/img-sprite.png, referer: https://campusthrift.com/static/css/style.css
[Sun Jun 12 22:52:20.747307 2016] [core:info] [pid 10548:tid 140244363994880] [client 74.110.162.236:64221] AH00128: File does not exist: /var/www/campusthrift.com/static/images/img-sprite.png, referer: https://campusthrift.com/static/css/style.css
[Sun Jun 12 22:53:38.566384 2016] [ssl:info] [pid 10549:tid 140244439529216] [client 104.15.81.76:52056] AH01964: Connection to child 65 established (server campusthrift.com:443)
[Sun Jun 12 22:53:39.011938 2016] [ssl:info] [pid 10549:tid 140244517553920] [client 104.15.81.76:52058] AH01964: Connection to child 64 established (server campusthrift.com:443)
[Sun Jun 12 22:53:39.016407 2016] [ssl:info] [pid 10548:tid 140244322031360] [client 104.15.81.76:52057] AH01964: Connection to child 15 established (server campusthrift.com:443)
[Sun Jun 12 22:53:39.019006 2016] [ssl:info] [pid 10549:tid 140244414351104] [client 104.15.81.76:52060] AH01964: Connection to child 68 established (server campusthrift.com:443)
[Sun Jun 12 22:53:39.020549 2016] [ssl:info] [pid 10549:tid 140244288460544] [client 104.15.81.76:52061] AH01964: Connection to child 83 established (server campusthrift.com:443)
[Sun Jun 12 22:53:39.022003 2016] [ssl:info] [pid 10548:tid 140244330424064] [client 104.15.81.76:52059] AH01964: Connection to child 14 established (server campusthrift.com:443)
[Sun Jun 12 22:53:39.815342 2016] [core:info] [pid 10549:tid 140244330424064] [client 104.15.81.76:52058] AH00128: File does not exist: /var/www/campusthrift.com/static/images/img-sprite.png, referer: https://campusthrift.com/static/css/style.css
[Mon Jun 13 02:53:41.841939 2016] [:error] [pid 10547:tid 140244391663360] Not Found: /favicon.ico
[Sun Jun 12 22:54:21.148496 2016] [ssl:info] [pid 10548:tid 140244355602176] [client 74.110.162.236:64252] AH01964: Connection to child 11 established (server campusthrift.com:443)
[Sun Jun 12 22:54:22.514469 2016] [core:info] [pid 10548:tid 140244313638656] [client 74.110.162.236:64252] AH00128: File does not exist: /var/www/campusthrift.com/static/images/img-sprite.png, referer: https://campusthrift.com/static/css/style.css
[Sun Jun 12 22:54:30.345011 2016] [ssl:info] [pid 10548:tid 140244296853248] [client 74.110.162.236:64253] AH01964: Connection to child 18 established (server campusthrift.com:443)
[Mon Jun 13 02:54:31.323719 2016] [:error] [pid 10547:tid 140244509161216] Internal Server Error: /buyer_confirm/vy4h3g3bgy2/
[Mon Jun 13 02:54:31.323764 2016] [:error] [pid 10547:tid 140244509161216] Traceback (most recent call last):
[Mon Jun 13 02:54:31.323769 2016] [:error] [pid 10547:tid 140244509161216]   File "/usr/local/lib/python2.7/dist-packages/django/core/handlers/base.py", line 149, in get_response
[Mon Jun 13 02:54:31.323774 2016] [:error] [pid 10547:tid 140244509161216]     response = self.process_exception_by_middleware(e, request)
[Mon Jun 13 02:54:31.323778 2016] [:error] [pid 10547:tid 140244509161216]   File "/usr/local/lib/python2.7/dist-packages/django/core/handlers/base.py", line 147, in get_response
[Mon Jun 13 02:54:31.323782 2016] [:error] [pid 10547:tid 140244509161216]     response = wrapped_callback(request, *callback_args, **callback_kwargs)
[Mon Jun 13 02:54:31.323786 2016] [:error] [pid 10547:tid 140244509161216]   File "/usr/local/lib/python2.7/dist-packages/django/contrib/auth/decorators.py", line 23, in _wrapped_view
[Mon Jun 13 02:54:31.323790 2016] [:error] [pid 10547:tid 140244509161216]     return view_func(request, *args, **kwargs)
[Mon Jun 13 02:54:31.323794 2016] [:error] [pid 10547:tid 140244509161216]   File "/var/www/campusthrift.com/campusthrift/views.py", line 527, in buyer_confirm
[Mon Jun 13 02:54:31.323798 2016] [:error] [pid 10547:tid 140244509161216]     application_fee = int(float(order_item.order_item_total_price) * 100 * .15)
[Mon Jun 13 02:54:31.323820 2016] [:error] [pid 10547:tid 140244509161216]   File "/usr/local/lib/python2.7/dist-packages/stripe/resource.py", line 414, in create
[Mon Jun 13 02:54:31.323825 2016] [:error] [pid 10547:tid 140244509161216]     response, api_key = requestor.request('post', url, params, headers)
[Mon Jun 13 02:54:31.323828 2016] [:error] [pid 10547:tid 140244509161216]   File "/usr/local/lib/python2.7/dist-packages/stripe/api_requestor.py", line 138, in request
[Mon Jun 13 02:54:31.323832 2016] [:error] [pid 10547:tid 140244509161216]     resp = self.interpret_response(rbody, rcode, rheaders)
[Mon Jun 13 02:54:31.323835 2016] [:error] [pid 10547:tid 140244509161216]   File "/usr/local/lib/python2.7/dist-packages/stripe/api_requestor.py", line 270, in interpret_response
[Mon Jun 13 02:54:31.323839 2016] [:error] [pid 10547:tid 140244509161216]     self.handle_api_error(rbody, rcode, resp, rheaders)
[Mon Jun 13 02:54:31.323842 2016] [:error] [pid 10547:tid 140244509161216]   File "/usr/local/lib/python2.7/dist-packages/stripe/api_requestor.py", line 157, in handle_api_error
[Mon Jun 13 02:54:31.323846 2016] [:error] [pid 10547:tid 140244509161216]     rbody, rcode, resp, rheaders)
[Mon Jun 13 02:54:31.323849 2016] [:error] [pid 10547:tid 140244509161216] InvalidRequestError: Request req_8d1GIqG9RV1jUK: Insufficient funds in Stripe account.   You can use the the /v1/balance endpoint to view your Stripe balance (for more details, see stripe.com/docs/api#balance).
[Mon Jun 13 02:57:05.110353 2016] [:info] [pid 10547:tid 140244625909632] mod_wsgi (pid=10547): Shutdown requested 'campusthrift.com'.
[Mon Jun 13 02:57:05.110774 2016] [:info] [pid 10547:tid 140244625909632] mod_wsgi (pid=10547): Stopping process 'campusthrift.com'.
[Mon Jun 13 02:57:05.110807 2016] [:info] [pid 10547:tid 140244625909632] mod_wsgi (pid=10547): Destroying interpreters.
