[Mon Jun 13 03:14:50.104106 2016] [:error] [pid 11223:tid 140463319484160]     self.handle_api_error(rbody, rcode, resp, rheaders)
[Mon Jun 13 03:14:50.104113 2016] [:error] [pid 11223:tid 140463319484160]   File "/usr/local/lib/python2.7/dist-packages/stripe/api_requestor.py", line 157, in handle_api_error
[Mon Jun 13 03:14:50.104120 2016] [:error] [pid 11223:tid 140463319484160]     rbody, rcode, resp, rheaders)
[Mon Jun 13 03:14:50.104128 2016] [:error] [pid 11223:tid 140463319484160] InvalidRequestError: Request req_8d1aqTBfUpvViD: Transfers using this transaction as a source must not exceed the source amount, which is 100 usd. (There is already a transfer using this source, amounting to 100 usd.)
[Sun Jun 12 23:15:06.312848 2016] [ssl:info] [pid 11224:tid 140463411803904] (70014)End of file found: [client 74.110.162.236:64642] AH01991: SSL input filter read failed.
[Sun Jun 12 23:15:06.313142 2016] [ssl:info] [pid 11225:tid 140463403411200] (70014)End of file found: [client 74.110.162.236:64641] AH01991: SSL input filter read failed.
[Sun Jun 12 23:15:06.313287 2016] [ssl:info] [pid 11225:tid 140463395018496] (70014)End of file found: [client 74.110.162.236:64639] AH01991: SSL input filter read failed.
[Sun Jun 12 23:15:06.313423 2016] [ssl:info] [pid 11224:tid 140463189214976] (70014)End of file found: [client 74.110.162.236:64638] AH01991: SSL input filter read failed.
[Sun Jun 12 23:15:06.313612 2016] [ssl:info] [pid 11224:tid 140463403411200] (70014)End of file found: [client 74.110.162.236:64637] AH01991: SSL input filter read failed.
[Sun Jun 12 23:15:32.913439 2016] [ssl:info] [pid 11225:tid 140463386625792] [client 74.110.162.236:64652] AH01964: Connection to child 67 established (server campusthrift.com:443)
[Sun Jun 12 23:15:32.921065 2016] [ssl:info] [pid 11224:tid 140463155644160] [client 74.110.162.236:64655] AH01964: Connection to child 22 established (server campusthrift.com:443)
[Sun Jun 12 23:15:32.921978 2016] [ssl:info] [pid 11225:tid 140463378233088] [client 74.110.162.236:64654] AH01964: Connection to child 68 established (server campusthrift.com:443)
[Sun Jun 12 23:15:32.922751 2016] [ssl:info] [pid 11224:tid 140463231178496] [client 74.110.162.236:64656] AH01964: Connection to child 13 established (server campusthrift.com:443)
[Sun Jun 12 23:15:32.923280 2016] [ssl:info] [pid 11225:tid 140463369840384] [client 74.110.162.236:64658] AH01964: Connection to child 69 established (server campusthrift.com:443)
[Sun Jun 12 23:15:32.927622 2016] [ssl:info] [pid 11224:tid 140463180822272] [client 74.110.162.236:64657] AH01964: Connection to child 19 established (server campusthrift.com:443)
[Sun Jun 12 23:15:33.511473 2016] [core:info] [pid 11225:tid 140463281534720] [client 74.110.162.236:64658] AH00128: File does not exist: /var/www/campusthrift.com/static/images/img-sprite.png, referer: https://campusthrift.com/static/css/style.css
[Sun Jun 12 23:15:36.272439 2016] [core:info] [pid 11225:tid 140463264749312] [client 74.110.162.236:64658] AH00128: File does not exist: /var/www/campusthrift.com/static/images/img-sprite.png, referer: https://campusthrift.com/static/css/style.css
[Sun Jun 12 23:15:38.132442 2016] [core:info] [pid 11225:tid 140463247963904] [client 74.110.162.236:64658] AH00128: File does not exist: /var/www/campusthrift.com/static/images/img-sprite.png, referer: https://campusthrift.com/static/css/style.css
[Sun Jun 12 23:15:40.656619 2016] [core:info] [pid 11225:tid 140463231178496] [client 74.110.162.236:64658] AH00128: File does not exist: /var/www/campusthrift.com/static/images/img-sprite.png, referer: https://campusthrift.com/static/css/style.css
[Sun Jun 12 23:15:47.023887 2016] [ssl:info] [pid 11224:tid 140463180822272] (70014)End of file found: [client 74.110.162.236:64657] AH01991: SSL input filter read failed.
[Sun Jun 12 23:15:47.041597 2016] [ssl:info] [pid 11224:tid 140463281534720] [client 74.110.162.236:64659] AH01964: Connection to child 7 established (server campusthrift.com:443)
[Sun Jun 12 23:15:51.885120 2016] [core:info] [pid 11224:tid 140463239571200] [client 74.110.162.236:64659] AH00128: File does not exist: /var/www/campusthrift.com/static/images/img-sprite.png, referer: https://campusthrift.com/static/css/style.css
[Sun Jun 12 23:17:39.393824 2016] [ssl:info] [pid 11224:tid 140463164036864] [client 74.110.162.236:64697] AH01964: Connection to child 21 established (server campusthrift.com:443)
[Sun Jun 12 23:17:40.286427 2016] [core:info] [pid 11224:tid 140463273142016] [client 74.110.162.236:64697] AH00128: File does not exist: /var/www/campusthrift.com/static/images/img-sprite.png, referer: https://campusthrift.com/static/css/style.css
[Sun Jun 12 23:17:48.279288 2016] [ssl:info] [pid 11225:tid 140463222785792] [client 74.110.162.236:64701] AH01964: Connection to child 78 established (server campusthrift.com:443)
[Sun Jun 12 23:17:48.280036 2016] [ssl:info] [pid 11225:tid 140463214393088] [client 74.110.162.236:64706] AH01964: Connection to child 79 established (server campusthrift.com:443)
[Sun Jun 12 23:17:48.281988 2016] [ssl:info] [pid 11225:tid 140463206000384] [client 74.110.162.236:64705] AH01964: Connection to child 80 established (server campusthrift.com:443)
[Sun Jun 12 23:17:48.282741 2016] [ssl:info] [pid 11225:tid 140463197607680] [client 74.110.162.236:64704] AH01964: Connection to child 81 established (server campusthrift.com:443)
[Sun Jun 12 23:17:48.283162 2016] [ssl:info] [pid 11225:tid 140463189214976] [client 74.110.162.236:64702] AH01964: Connection to child 82 established (server campusthrift.com:443)
[Sun Jun 12 23:17:48.283739 2016] [ssl:info] [pid 11225:tid 140463180822272] [client 74.110.162.236:64703] AH01964: Connection to child 83 established (server campusthrift.com:443)
[Sun Jun 12 23:17:48.661746 2016] [core:info] [pid 11225:tid 140463164036864] [client 74.110.162.236:64706] AH00128: File does not exist: /var/www/campusthrift.com/static/images/img-sprite.png, referer: https://campusthrift.com/static/css/style.css
[Sun Jun 12 23:18:45.792012 2016] [ssl:info] [pid 11225:tid 140463206000384] (70014)End of file found: [client 74.110.162.236:64705] AH01991: SSL input filter read failed.
[Sun Jun 12 23:18:45.792403 2016] [ssl:info] [pid 11225:tid 140463197607680] (70014)End of file found: [client 74.110.162.236:64704] AH01991: SSL input filter read failed.
[Sun Jun 12 23:18:45.793169 2016] [ssl:info] [pid 11225:tid 140463189214976] (70014)End of file found: [client 74.110.162.236:64702] AH01991: SSL input filter read failed.
[Sun Jun 12 23:18:45.793390 2016] [ssl:info] [pid 11225:tid 140463180822272] (70014)End of file found: [client 74.110.162.236:64703] AH01991: SSL input filter read failed.
[Sun Jun 12 23:18:58.887350 2016] [ssl:info] [pid 11224:tid 140463256356608] [client 74.110.162.236:64720] AH01964: Connection to child 10 established (server campusthrift.com:443)
[Sun Jun 12 23:18:58.889615 2016] [ssl:info] [pid 11225:tid 140463155644160] [client 74.110.162.236:64718] AH01964: Connection to child 86 established (server campusthrift.com:443)
[Sun Jun 12 23:18:58.890777 2016] [ssl:info] [pid 11225:tid 140463147251456] [client 74.110.162.236:64717] AH01964: Connection to child 87 established (server campusthrift.com:443)
[Sun Jun 12 23:18:58.891652 2016] [ssl:info] [pid 11224:tid 140463247963904] [client 74.110.162.236:64719] AH01964: Connection to child 11 established (server campusthrift.com:443)
[Sun Jun 12 23:18:58.892759 2016] [ssl:info] [pid 11225:tid 140463138858752] [client 74.110.162.236:64715] AH01964: Connection to child 88 established (server campusthrift.com:443)
[Sun Jun 12 23:18:58.893629 2016] [ssl:info] [pid 11224:tid 140463197607680] [client 74.110.162.236:64716] AH01964: Connection to child 17 established (server campusthrift.com:443)
[Sun Jun 12 23:18:59.350194 2016] [ssl:info] [pid 11224:tid 140463172429568] (70014)End of file found: [client 74.110.162.236:64720] AH01991: SSL input filter read failed.
[Sun Jun 12 23:18:59.351190 2016] [ssl:info] [pid 11225:tid 140463361447680] (70014)End of file found: [client 74.110.162.236:64715] AH01991: SSL input filter read failed.
[Sun Jun 12 23:18:59.351654 2016] [ssl:info] [pid 11224:tid 140463147251456] (70014)End of file found: [client 74.110.162.236:64716] AH01991: SSL input filter read failed.
[Sun Jun 12 23:18:59.422271 2016] [core:info] [pid 11224:tid 140463411803904] [client 74.110.162.236:64719] AH00128: File does not exist: /var/www/campusthrift.com/static/images/img-sprite.png, referer: https://campusthrift.com/static/css/style.css
[Sun Jun 12 23:18:59.450626 2016] [ssl:info] [pid 11224:tid 140463403411200] [client 74.110.162.236:64724] AH01964: Connection to child 1 established (server campusthrift.com:443)
[Sun Jun 12 23:18:59.451031 2016] [ssl:info] [pid 11224:tid 140463155644160] [client 74.110.162.236:64726] AH01964: Connection to child 22 established (server campusthrift.com:443)
[Sun Jun 12 23:18:59.454903 2016] [ssl:info] [pid 11224:tid 140463231178496] [client 74.110.162.236:64725] AH01964: Connection to child 13 established (server campusthrift.com:443)
[Sun Jun 12 23:19:01.185838 2016] [core:info] [pid 11224:tid 140463369840384] [client 74.110.162.236:64726] AH00128: File does not exist: /var/www/campusthrift.com/static/images/img-sprite.png, referer: https://campusthrift.com/static/css/style.css
[Mon Jun 13 03:19:06.006534 2016] [:info] [pid 11223:tid 140463520159616] mod_wsgi (pid=11223): Shutdown requested 'campusthrift.com'.
[Mon Jun 13 03:19:06.007186 2016] [:info] [pid 11223:tid 140463520159616] mod_wsgi (pid=11223): Stopping process 'campusthrift.com'.
[Mon Jun 13 03:19:06.007254 2016] [:info] [pid 11223:tid 140463520159616] mod_wsgi (pid=11223): Destroying interpreters.
[Mon Jun 13 03:19:06.007350 2016] [:info] [pid 11223:tid 140463520159616] mod_wsgi (pid=11223): Destroy interpreter 'campusthrift.com|'.
[Mon Jun 13 03:19:06.055290 2016] [:info] [pid 11223:tid 140463520159616] mod_wsgi (pid=11223): Cleanup interpreter ''.
[Mon Jun 13 03:19:06.060086 2016] [:info] [pid 11223:tid 140463520159616] mod_wsgi (pid=11223): Terminating Python.
[Mon Jun 13 03:19:06.106602 2016] [:info] [pid 11223:tid 140463520159616] mod_wsgi (pid=11223): Python has shutdown.
[Sun Jun 12 23:19:07.059126 2016] [ssl:info] [pid 11378:tid 140026218583936] AH02200: Loading certificate & private key of SSL-aware server 'campusthrift.com:443'
[Sun Jun 12 23:19:07.059984 2016] [ssl:info] [pid 11378:tid 140026218583936] AH01914: Configuring server campusthrift.com:443 for SSL protocol
[Sun Jun 12 23:19:07.082233 2016] [ssl:info] [pid 11379:tid 140026218583936] AH02200: Loading certificate & private key of SSL-aware server 'campusthrift.com:443'
[Sun Jun 12 23:19:07.082952 2016] [ssl:info] [pid 11379:tid 140026218583936] AH01914: Configuring server campusthrift.com:443 for SSL protocol
[Sun Jun 12 23:19:07.171751 2016] [:info] [pid 11382:tid 140026218583936] mod_wsgi (pid=11382): Attach interpreter ''.
[Sun Jun 12 23:19:07.172108 2016] [:info] [pid 11382:tid 140026218583936] mod_wsgi (pid=11382): Adding '/var/www/campusthrift.com' to path.
[Sun Jun 12 23:19:07.172534 2016] [:info] [pid 11382:tid 140026218583936] mod_wsgi (pid=11382): Adding '/usr/local/lib/python2.7/site-packages' to path.
[Sun Jun 12 23:19:07.847209 2016] [ssl:info] [pid 11383:tid 140025924642560] [client 74.110.162.236:64730] AH01964: Connection to child 14 established (server campusthrift.com:443)
[Sun Jun 12 23:19:07.847509 2016] [ssl:info] [pid 11383:tid 140025941427968] [client 74.110.162.236:64727] AH01964: Connection to child 12 established (server campusthrift.com:443)
[Sun Jun 12 23:19:07.853267 2016] [ssl:info] [pid 11384:tid 140025974998784] [client 74.110.162.236:64728] AH01964: Connection to child 72 established (server campusthrift.com:443)
[Sun Jun 12 23:19:07.854102 2016] [ssl:info] [pid 11384:tid 140025924642560] [client 74.110.162.236:64731] AH01964: Connection to child 78 established (server campusthrift.com:443)
[Sun Jun 12 23:19:07.854683 2016] [ssl:info] [pid 11384:tid 140025882679040] [client 74.110.162.236:64729] AH01964: Connection to child 83 established (server campusthrift.com:443)
[Sun Jun 12 23:19:07.855197 2016] [ssl:info] [pid 11384:tid 140025983391488] [client 74.110.162.236:64732] AH01964: Connection to child 71 established (server campusthrift.com:443)
[Sun Jun 12 23:19:07.940876 2016] [:info] [pid 11382:tid 140026101835520] mod_wsgi (pid=11382): Create interpreter 'campusthrift.com|'.
[Sun Jun 12 23:19:07.941893 2016] [:info] [pid 11382:tid 140026101835520] mod_wsgi (pid=11382): Adding '/var/www/campusthrift.com' to path.
[Sun Jun 12 23:19:07.942101 2016] [:info] [pid 11382:tid 140026101835520] mod_wsgi (pid=11382): Adding '/usr/local/lib/python2.7/site-packages' to path.
[Sun Jun 12 23:19:07.942411 2016] [:info] [pid 11382:tid 140026101835520] [remote 74.110.162.236:357] mod_wsgi (pid=11382, process='campusthrift.com', application='campusthrift.com|'): Loading WSGI script '/var/www/campusthrift.com/campusthrift/wsgi.py'.
[Sun Jun 12 23:19:08.605647 2016] [core:info] [pid 11383:tid 140025974998784] [client 74.110.162.236:64727] AH00128: File does not exist: /var/www/campusthrift.com/static/images/img-sprite.png, referer: https://campusthrift.com/static/css/style.css
[Sun Jun 12 23:19:12.292005 2016] [core:info] [pid 11384:tid 140025949820672] [client 74.110.162.236:64732] AH00128: File does not exist: /var/www/campusthrift.com/static/images/img-sprite.png, referer: https://campusthrift.com/static/css/style.css
[Tue Jun 14 20:17:12.237833 2016] [ssl:info] [pid 21388:tid 140487895226240] AH02200: Loading certificate & private key of SSL-aware server 'campusthrift.com:443'
[Tue Jun 14 20:17:12.239058 2016] [ssl:info] [pid 21388:tid 140487895226240] AH01914: Configuring server campusthrift.com:443 for SSL protocol
[Tue Jun 14 20:17:12.252541 2016] [ssl:info] [pid 21389:tid 140487895226240] AH02200: Loading certificate & private key of SSL-aware server 'campusthrift.com:443'
[Tue Jun 14 20:17:12.252981 2016] [ssl:info] [pid 21389:tid 140487895226240] AH01914: Configuring server campusthrift.com:443 for SSL protocol
[Tue Jun 14 20:17:12.299056 2016] [:info] [pid 21391:tid 140487895226240] mod_wsgi (pid=21391): Attach interpreter ''.
[Tue Jun 14 20:17:12.299301 2016] [:info] [pid 21391:tid 140487895226240] mod_wsgi (pid=21391): Adding '/var/www/campusthrift.com' to path.
[Tue Jun 14 20:17:12.299530 2016] [:info] [pid 21391:tid 140487895226240] mod_wsgi (pid=21391): Adding '/usr/local/lib/python2.7/site-packages' to path.
[Tue Jun 14 20:17:43.139440 2016] [ssl:info] [pid 21394:tid 140487608448768] [client 74.110.162.236:55942] AH01964: Connection to child 77 established (server campusthrift.com:443)
[Tue Jun 14 20:17:43.143421 2016] [ssl:info] [pid 21394:tid 140487600056064] [client 74.110.162.236:55941] AH01964: Connection to child 78 established (server campusthrift.com:443)
[Tue Jun 14 20:17:43.146227 2016] [ssl:info] [pid 21393:tid 140487709161216] [client 74.110.162.236:55944] AH01964: Connection to child 1 established (server campusthrift.com:443)
[Tue Jun 14 20:17:43.149241 2016] [ssl:info] [pid 21394:tid 140487591663360] [client 74.110.162.236:55943] AH01964: Connection to child 79 established (server campusthrift.com:443)
[Tue Jun 14 20:17:43.151470 2016] [ssl:info] [pid 21393:tid 140487700768512] [client 74.110.162.236:55945] AH01964: Connection to child 2 established (server campusthrift.com:443)
[Tue Jun 14 20:17:43.154155 2016] [ssl:info] [pid 21394:tid 140487583270656] [client 74.110.162.236:55946] AH01964: Connection to child 80 established (server campusthrift.com:443)
[Tue Jun 14 20:17:43.558929 2016] [:info] [pid 21391:tid 140487778477824] mod_wsgi (pid=21391): Create interpreter 'campusthrift.com|'.
[Tue Jun 14 20:17:43.561357 2016] [:info] [pid 21391:tid 140487778477824] mod_wsgi (pid=21391): Adding '/var/www/campusthrift.com' to path.
[Tue Jun 14 20:17:43.561824 2016] [:info] [pid 21391:tid 140487778477824] mod_wsgi (pid=21391): Adding '/usr/local/lib/python2.7/site-packages' to path.
[Tue Jun 14 20:17:43.562642 2016] [:info] [pid 21391:tid 140487778477824] [remote 74.110.162.236:5347] mod_wsgi (pid=21391, process='campusthrift.com', application='campusthrift.com|'): Loading WSGI script '/var/www/campusthrift.com/campusthrift/wsgi.py'.
[Tue Jun 14 20:17:44.921067 2016] [core:info] [pid 21394:tid 140487524521728] [client 74.110.162.236:55943] AH00128: File does not exist: /var/www/campusthrift.com/static/images/img-sprite.png, referer: https://campusthrift.com/static/css/style.css
[Wed Jun 15 00:17:48.247104 2016] [:error] [pid 21391:tid 140487660979968] Not Found: /contact.html
[Tue Jun 14 20:17:59.126911 2016] [ssl:info] [pid 21393:tid 140487658804992] [client 74.110.162.236:55953] AH01964: Connection to child 7 established (server campusthrift.com:443)
[Tue Jun 14 20:17:59.127556 2016] [ssl:info] [pid 21393:tid 140487650412288] [client 74.110.162.236:55954] AH01964: Connection to child 8 established (server campusthrift.com:443)
[Tue Jun 14 20:17:59.129499 2016] [ssl:info] [pid 21393:tid 140487642019584] [client 74.110.162.236:55957] AH01964: Connection to child 9 established (server campusthrift.com:443)
[Tue Jun 14 20:17:59.129902 2016] [ssl:info] [pid 21393:tid 140487633626880] [client 74.110.162.236:55958] AH01964: Connection to child 10 established (server campusthrift.com:443)
[Tue Jun 14 20:17:59.130641 2016] [ssl:info] [pid 21393:tid 140487625234176] [client 74.110.162.236:55956] AH01964: Connection to child 11 established (server campusthrift.com:443)
[Tue Jun 14 20:17:59.131920 2016] [ssl:info] [pid 21393:tid 140487616841472] [client 74.110.162.236:55955] AH01964: Connection to child 12 established (server campusthrift.com:443)
[Tue Jun 14 20:17:59.543229 2016] [core:info] [pid 21393:tid 140487600056064] [client 74.110.162.236:55953] AH00128: File does not exist: /var/www/campusthrift.com/static/images/img-sprite.png, referer: https://campusthrift.com/static/css/style.css
[Tue Jun 14 20:18:13.361479 2016] [ssl:info] [pid 21393:tid 140487650412288] (70014)End of file found: [client 74.110.162.236:55954] AH01991: SSL input filter read failed.
[Tue Jun 14 20:18:13.362907 2016] [ssl:info] [pid 21393:tid 140487642019584] (70014)End of file found: [client 74.110.162.236:55957] AH01991: SSL input filter read failed.
[Tue Jun 14 20:18:13.363188 2016] [ssl:info] [pid 21393:tid 140487633626880] (70014)End of file found: [client 74.110.162.236:55958] AH01991: SSL input filter read failed.
[Tue Jun 14 20:18:13.363837 2016] [ssl:info] [pid 21393:tid 140487625234176] (70014)End of file found: [client 74.110.162.236:55956] AH01991: SSL input filter read failed.
[Tue Jun 14 20:18:13.363985 2016] [ssl:info] [pid 21393:tid 140487616841472] (70014)End of file found: [client 74.110.162.236:55955] AH01991: SSL input filter read failed.
[Wed Jun 15 00:19:09.836557 2016] [:info] [pid 21391:tid 140487895226240] mod_wsgi (pid=21391): Shutdown requested 'campusthrift.com'.
[Wed Jun 15 00:19:09.837152 2016] [:info] [pid 21391:tid 140487895226240] mod_wsgi (pid=21391): Stopping process 'campusthrift.com'.
[Wed Jun 15 00:19:09.837232 2016] [:info] [pid 21391:tid 140487895226240] mod_wsgi (pid=21391): Destroying interpreters.
[Wed Jun 15 00:19:09.837387 2016] [:info] [pid 21391:tid 140487895226240] mod_wsgi (pid=21391): Destroy interpreter 'campusthrift.com|'.
[Wed Jun 15 00:19:09.878893 2016] [:info] [pid 21391:tid 140487895226240] mod_wsgi (pid=21391): Cleanup interpreter ''.
[Wed Jun 15 00:19:09.883398 2016] [:info] [pid 21391:tid 140487895226240] mod_wsgi (pid=21391): Terminating Python.
[Wed Jun 15 00:19:09.912390 2016] [:info] [pid 21391:tid 140487895226240] mod_wsgi (pid=21391): Python has shutdown.
[Tue Jun 14 20:19:10.899489 2016] [ssl:info] [pid 21632:tid 140363767515008] AH02200: Loading certificate & private key of SSL-aware server 'campusthrift.com:443'
[Tue Jun 14 20:19:10.900348 2016] [ssl:info] [pid 21632:tid 140363767515008] AH01914: Configuring server campusthrift.com:443 for SSL protocol
[Tue Jun 14 20:19:10.921515 2016] [ssl:info] [pid 21633:tid 140363767515008] AH02200: Loading certificate & private key of SSL-aware server 'campusthrift.com:443'
[Tue Jun 14 20:19:10.923980 2016] [ssl:info] [pid 21633:tid 140363767515008] AH01914: Configuring server campusthrift.com:443 for SSL protocol
[Tue Jun 14 20:19:11.011994 2016] [:info] [pid 21636:tid 140363767515008] mod_wsgi (pid=21636): Attach interpreter ''.
[Tue Jun 14 20:19:11.012504 2016] [:info] [pid 21636:tid 140363767515008] mod_wsgi (pid=21636): Adding '/var/www/campusthrift.com' to path.
[Tue Jun 14 20:19:11.013060 2016] [:info] [pid 21636:tid 140363767515008] mod_wsgi (pid=21636): Adding '/usr/local/lib/python2.7/site-packages' to path.
[Tue Jun 14 20:19:17.539535 2016] [ssl:info] [pid 21638:tid 140363659159296] [client 74.110.162.236:56003] AH01964: Connection to child 64 established (server campusthrift.com:443)
[Tue Jun 14 20:19:17.542309 2016] [ssl:info] [pid 21637:tid 140363650766592] [client 74.110.162.236:56007] AH01964: Connection to child 1 established (server campusthrift.com:443)
[Tue Jun 14 20:19:17.546277 2016] [ssl:info] [pid 21637:tid 140363642373888] [client 74.110.162.236:56005] AH01964: Connection to child 2 established (server campusthrift.com:443)
[Tue Jun 14 20:19:17.550189 2016] [ssl:info] [pid 21638:tid 140363650766592] [client 74.110.162.236:56008] AH01964: Connection to child 65 established (server campusthrift.com:443)
[Tue Jun 14 20:19:17.551133 2016] [ssl:info] [pid 21637:tid 140363633981184] [client 74.110.162.236:56006] AH01964: Connection to child 3 established (server campusthrift.com:443)
[Tue Jun 14 20:19:17.554183 2016] [ssl:info] [pid 21638:tid 140363532584704] [client 74.110.162.236:56004] AH01964: Connection to child 71 established (server campusthrift.com:443)
[Tue Jun 14 20:19:17.617649 2016] [:info] [pid 21636:tid 140363650766592] mod_wsgi (pid=21636): Create interpreter 'campusthrift.com|'.
[Tue Jun 14 20:19:17.619991 2016] [:info] [pid 21636:tid 140363650766592] mod_wsgi (pid=21636): Adding '/var/www/campusthrift.com' to path.
[Tue Jun 14 20:19:17.620381 2016] [:info] [pid 21636:tid 140363650766592] mod_wsgi (pid=21636): Adding '/usr/local/lib/python2.7/site-packages' to path.
[Tue Jun 14 20:19:17.621113 2016] [:info] [pid 21636:tid 140363650766592] [remote 74.110.162.236:32252] mod_wsgi (pid=21636, process='campusthrift.com', application='campusthrift.com|'): Loading WSGI script '/var/www/campusthrift.com/campusthrift/wsgi.py'.
[Tue Jun 14 20:19:18.922931 2016] [core:info] [pid 21638:tid 140363524192000] [client 74.110.162.236:56008] AH00128: File does not exist: /var/www/campusthrift.com/static/images/img-sprite.png, referer: https://campusthrift.com/static/css/style.css
[Tue Jun 14 20:19:21.691412 2016] [core:info] [pid 21638:tid 140363507406592] [client 74.110.162.236:56008] AH00128: File does not exist: /var/www/campusthrift.com/static/images/img-sprite.png, referer: https://campusthrift.com/static/css/style.css
[Tue Jun 14 20:19:28.973892 2016] [ssl:info] [pid 21638:tid 140363659159296] (70014)End of file found: [client 74.110.162.236:56003] AH01991: SSL input filter read failed.
[Tue Jun 14 20:19:28.974615 2016] [ssl:info] [pid 21637:tid 140363633981184] (70014)End of file found: [client 74.110.162.236:56006] AH01991: SSL input filter read failed.
[Tue Jun 14 20:19:28.975463 2016] [ssl:info] [pid 21637:tid 140363650766592] (70014)End of file found: [client 74.110.162.236:56007] AH01991: SSL input filter read failed.
[Tue Jun 14 20:19:28.975992 2016] [ssl:info] [pid 21637:tid 140363642373888] (70014)End of file found: [client 74.110.162.236:56005] AH01991: SSL input filter read failed.
[Tue Jun 14 20:19:28.976215 2016] [ssl:info] [pid 21638:tid 140363532584704] (70014)End of file found: [client 74.110.162.236:56004] AH01991: SSL input filter read failed.
[Tue Jun 14 20:19:32.803427 2016] [ssl:info] [pid 21638:tid 140363490621184] [client 31.13.110.108:27810] AH01964: Connection to child 76 established (server campusthrift.com:443)
[Tue Jun 14 20:19:33.997194 2016] [ssl:info] [pid 21637:tid 140363557762816] [client 31.13.110.109:20406] AH01964: Connection to child 4 established (server campusthrift.com:443)
[Tue Jun 14 20:19:34.088588 2016] [ssl:info] [pid 21637:tid 140363549370112] [client 31.13.110.98:65057] AH01964: Connection to child 5 established (server campusthrift.com:443)
[Tue Jun 14 20:19:35.711815 2016] [ssl:info] [pid 21638:tid 140363440264960] [client 173.252.95.28:48496] AH01964: Connection to child 82 established (server campusthrift.com:443)
[Tue Jun 14 20:19:35.964131 2016] [ssl:info] [pid 21637:tid 140363524192000] [client 173.252.95.25:22610] AH01964: Connection to child 8 established (server campusthrift.com:443)
[Tue Jun 14 20:19:40.440900 2016] [ssl:info] [pid 21638:tid 140363448657664] [client 173.252.90.93:39693] AH01964: Connection to child 81 established (server campusthrift.com:443)
[Tue Jun 14 20:19:40.571954 2016] [ssl:info] [pid 21638:tid 140363642373888] [client 69.63.188.203:51355] AH01964: Connection to child 66 established (server campusthrift.com:443)
[Tue Jun 14 20:19:40.641690 2016] [ssl:info] [pid 21637:tid 140363431872256] [client 173.252.75.113:62379] AH01964: Connection to child 19 established (server campusthrift.com:443)
[Tue Jun 14 20:19:40.663403 2016] [ssl:info] [pid 21637:tid 140363499013888] [client 173.252.79.115:59803] AH01964: Connection to child 11 established (server campusthrift.com:443)
[Tue Jun 14 20:19:40.667070 2016] [ssl:info] [pid 21637:tid 140363440264960] [client 173.252.75.113:62383] AH01964: Connection to child 18 established (server campusthrift.com:443)
[Tue Jun 14 20:19:40.734576 2016] [ssl:info] [pid 21637:tid 140363389908736] [client 173.252.113.113:21814] AH01964: Connection to child 24 established (server campusthrift.com:443)
[Tue Jun 14 20:19:40.815996 2016] [ssl:info] [pid 21638:tid 140363540977408] [client 173.252.79.113:36225] AH01964: Connection to child 70 established (server campusthrift.com:443)
[Tue Jun 14 20:19:40.932463 2016] [ssl:info] [pid 21638:tid 140363499013888] [client 173.252.113.112:34948] AH01964: Connection to child 75 established (server campusthrift.com:443)
[Tue Jun 14 20:19:51.907492 2016] [ssl:info] [pid 21638:tid 140363457050368] [client 173.252.75.119:60690] AH01964: Connection to child 80 established (server campusthrift.com:443)
[Tue Jun 14 20:19:51.929359 2016] [ssl:info] [pid 21638:tid 140363431872256] [client 173.252.75.115:43151] AH01964: Connection to child 83 established (server campusthrift.com:443)
[Tue Jun 14 20:19:51.956459 2016] [ssl:info] [pid 21638:tid 140363423479552] [client 173.252.75.115:43152] AH01964: Connection to child 84 established (server campusthrift.com:443)
[Tue Jun 14 20:19:51.980034 2016] [ssl:info] [pid 21637:tid 140363423479552] [client 173.252.75.117:58089] AH01964: Connection to child 20 established (server campusthrift.com:443)
[Tue Jun 14 20:19:52.002438 2016] [ssl:info] [pid 21637:tid 140363406694144] [client 173.252.75.115:43163] AH01964: Connection to child 22 established (server campusthrift.com:443)
[Wed Jun 15 00:23:47.492494 2016] [:info] [pid 21636:tid 140363767515008] mod_wsgi (pid=21636): Shutdown requested 'campusthrift.com'.
[Wed Jun 15 00:23:47.492798 2016] [:info] [pid 21636:tid 140363767515008] mod_wsgi (pid=21636): Stopping process 'campusthrift.com'.
[Wed Jun 15 00:23:47.492832 2016] [:info] [pid 21636:tid 140363767515008] mod_wsgi (pid=21636): Destroying interpreters.
[Wed Jun 15 00:23:47.492907 2016] [:info] [pid 21636:tid 140363767515008] mod_wsgi (pid=21636): Destroy interpreter 'campusthrift.com|'.
[Wed Jun 15 00:23:47.521222 2016] [:info] [pid 21636:tid 140363767515008] mod_wsgi (pid=21636): Cleanup interpreter ''.
[Wed Jun 15 00:23:47.523623 2016] [:info] [pid 21636:tid 140363767515008] mod_wsgi (pid=21636): Terminating Python.
[Wed Jun 15 00:23:47.556076 2016] [:info] [pid 21636:tid 140363767515008] mod_wsgi (pid=21636): Python has shutdown.
[Tue Jun 14 20:23:48.569487 2016] [ssl:info] [pid 22020:tid 140500601874304] AH02200: Loading certificate & private key of SSL-aware server 'campusthrift.com:443'
[Tue Jun 14 20:23:48.570854 2016] [ssl:info] [pid 22020:tid 140500601874304] AH01914: Configuring server campusthrift.com:443 for SSL protocol
[Tue Jun 14 20:23:48.601901 2016] [ssl:info] [pid 22021:tid 140500601874304] AH02200: Loading certificate & private key of SSL-aware server 'campusthrift.com:443'
[Tue Jun 14 20:23:48.604652 2016] [ssl:info] [pid 22021:tid 140500601874304] AH01914: Configuring server campusthrift.com:443 for SSL protocol
[Tue Jun 14 20:23:48.683029 2016] [:info] [pid 22024:tid 140500601874304] mod_wsgi (pid=22024): Attach interpreter ''.
[Tue Jun 14 20:23:48.683414 2016] [:info] [pid 22024:tid 140500601874304] mod_wsgi (pid=22024): Adding '/var/www/campusthrift.com' to path.
[Tue Jun 14 20:23:48.683853 2016] [:info] [pid 22024:tid 140500601874304] mod_wsgi (pid=22024): Adding '/usr/local/lib/python2.7/site-packages' to path.
[Tue Jun 14 20:23:54.894492 2016] [ssl:info] [pid 22026:tid 140500325594880] [client 74.110.162.236:56116] AH01964: Connection to child 76 established (server campusthrift.com:443)
[Tue Jun 14 20:23:54.898960 2016] [ssl:info] [pid 22025:tid 140500468340480] [client 74.110.162.236:56117] AH01964: Connection to child 3 established (server campusthrift.com:443)
[Tue Jun 14 20:23:54.930860 2016] [ssl:info] [pid 22025:tid 140500384343808] [client 74.110.162.236:56118] AH01964: Connection to child 5 established (server campusthrift.com:443)
[Tue Jun 14 20:23:54.931330 2016] [ssl:info] [pid 22025:tid 140500325594880] [client 74.110.162.236:56121] AH01964: Connection to child 12 established (server campusthrift.com:443)
[Tue Jun 14 20:23:54.931938 2016] [ssl:info] [pid 22025:tid 140500493518592] [client 74.110.162.236:56120] AH01964: Connection to child 0 established (server campusthrift.com:443)
[Tue Jun 14 20:23:54.935765 2016] [ssl:info] [pid 22025:tid 140500375951104] [client 74.110.162.236:56119] AH01964: Connection to child 6 established (server campusthrift.com:443)
[Tue Jun 14 20:23:54.935605 2016] [:info] [pid 22024:tid 140500485125888] mod_wsgi (pid=22024): Create interpreter 'campusthrift.com|'.
[Tue Jun 14 20:23:54.937577 2016] [:info] [pid 22024:tid 140500485125888] mod_wsgi (pid=22024): Adding '/var/www/campusthrift.com' to path.
[Tue Jun 14 20:23:54.937767 2016] [:info] [pid 22024:tid 140500485125888] mod_wsgi (pid=22024): Adding '/usr/local/lib/python2.7/site-packages' to path.
[Tue Jun 14 20:23:54.938169 2016] [:info] [pid 22024:tid 140500485125888] [remote 74.110.162.236:29912] mod_wsgi (pid=22024, process='campusthrift.com', application='campusthrift.com|'): Loading WSGI script '/var/www/campusthrift.com/campusthrift/wsgi.py'.
[Tue Jun 14 20:23:55.787452 2016] [core:info] [pid 22026:tid 140500308809472] [client 74.110.162.236:56116] AH00128: File does not exist: /var/www/campusthrift.com/static/images/img-sprite.png, referer: https://campusthrift.com/static/css/style.css
[Tue Jun 14 20:24:35.603451 2016] [ssl:info] [pid 22025:tid 140500325594880] (70014)End of file found: [client 74.110.162.236:56121] AH01991: SSL input filter read failed.
[Tue Jun 14 20:24:35.604659 2016] [ssl:info] [pid 22025:tid 140500384343808] (70014)End of file found: [client 74.110.162.236:56118] AH01991: SSL input filter read failed.
[Tue Jun 14 20:24:35.604836 2016] [ssl:info] [pid 22025:tid 140500493518592] (70014)End of file found: [client 74.110.162.236:56120] AH01991: SSL input filter read failed.
[Tue Jun 14 20:24:35.604971 2016] [ssl:info] [pid 22025:tid 140500468340480] (70014)End of file found: [client 74.110.162.236:56117] AH01991: SSL input filter read failed.
[Tue Jun 14 20:24:35.605512 2016] [ssl:info] [pid 22025:tid 140500375951104] (70014)End of file found: [client 74.110.162.236:56119] AH01991: SSL input filter read failed.
[Tue Jun 14 20:36:14.255704 2016] [ssl:info] [pid 22026:tid 140500392736512] [client 174.127.133.21:11421] AH01964: Connection to child 68 established (server campusthrift.com:443)
[Tue Jun 14 20:48:41.984148 2016] [ssl:info] [pid 22025:tid 140500359165696] [client 208.91.115.10:59932] AH01964: Connection to child 8 established (server campusthrift.com:443)
[Tue Jun 14 20:48:42.142492 2016] [ssl:info] [pid 22025:tid 140500359165696] (70014)End of file found: [client 208.91.115.10:59932] AH01991: SSL input filter read failed.
[Tue Jun 14 20:49:08.768066 2016] [ssl:info] [pid 22026:tid 140500493518592] [client 201.210.66.105:53360] AH01964: Connection to child 64 established (server campusthrift.com:443)
[Tue Jun 14 20:49:11.408492 2016] [ssl:info] [pid 22026:tid 140500493518592] (70014)End of file found: [client 201.210.66.105:53360] AH01991: SSL input filter read failed.
[Tue Jun 14 21:08:42.233008 2016] [ssl:info] [pid 22025:tid 140500350772992] [client 71.170.112.36:57876] AH01964: Connection to child 9 established (server campusthrift.com:443)
[Tue Jun 14 21:08:44.091614 2016] [ssl:info] [pid 22026:tid 140500468340480] [client 71.170.112.36:57880] AH01964: Connection to child 67 established (server campusthrift.com:443)
[Tue Jun 14 21:08:44.091985 2016] [ssl:info] [pid 22026:tid 140500384343808] [client 71.170.112.36:57881] AH01964: Connection to child 69 established (server campusthrift.com:443)
[Tue Jun 14 21:08:44.092752 2016] [ssl:info] [pid 22026:tid 140500350772992] [client 71.170.112.36:57883] AH01964: Connection to child 73 established (server campusthrift.com:443)
[Tue Jun 14 21:08:44.093472 2016] [ssl:info] [pid 22025:tid 140500300416768] [client 71.170.112.36:57882] AH01964: Connection to child 15 established (server campusthrift.com:443)
[Tue Jun 14 21:08:44.093945 2016] [ssl:info] [pid 22025:tid 140500283631360] [client 71.170.112.36:57879] AH01964: Connection to child 17 established (server campusthrift.com:443)
[Tue Jun 14 21:08:44.644699 2016] [core:info] [pid 22026:tid 140500485125888] [client 71.170.112.36:57883] AH00128: File does not exist: /var/www/campusthrift.com/static/images/img-sprite.png, referer: https://campusthrift.com/
[Tue Jun 14 21:08:47.560318 2016] [ssl:info] [pid 22025:tid 140500241667840] [client 71.170.112.36:57886] AH01964: Connection to child 22 established (server campusthrift.com:443)
[Wed Jun 15 01:08:47.613170 2016] [:error] [pid 22024:tid 140500367628032] Not Found: /favicon.ico
[Tue Jun 14 21:09:33.844958 2016] [ssl:info] [pid 22026:tid 140500292024064] [client 71.170.112.36:57890] AH01964: Connection to child 80 established (server campusthrift.com:443)
[Tue Jun 14 21:09:35.332501 2016] [ssl:info] [pid 22025:tid 140500233275136] [client 71.170.112.36:57894] AH01964: Connection to child 23 established (server campusthrift.com:443)
[Tue Jun 14 21:09:35.339458 2016] [ssl:info] [pid 22026:tid 140500266845952] [client 71.170.112.36:57893] AH01964: Connection to child 83 established (server campusthrift.com:443)
[Tue Jun 14 21:09:35.376884 2016] [core:info] [pid 22025:tid 140500233275136] [client 71.170.112.36:57894] AH00128: File does not exist: /var/www/campusthrift.com/static/images/img-sprite.png, referer: https://campusthrift.com/shop/
[Tue Jun 14 21:10:49.444114 2016] [ssl:info] [pid 22025:tid 140500224882432] [client 71.170.112.36:57899] AH01964: Connection to child 24 established (server campusthrift.com:443)
[Tue Jun 14 21:10:49.842079 2016] [core:info] [pid 22025:tid 140500493518592] [client 71.170.112.36:57899] AH00128: File does not exist: /var/www/campusthrift.com/static/images/img-sprite.png, referer: https://campusthrift.com/shop/category/Clothing/Dresses/
[Tue Jun 14 21:10:52.779806 2016] [core:info] [pid 22025:tid 140500384343808] [client 71.170.112.36:57899] AH00128: File does not exist: /var/www/campusthrift.com/static/images/img-sprite.png, referer: https://campusthrift.com/shop/category/Clothing/Women's%20Shirts/
[Tue Jun 14 21:10:54.648621 2016] [core:info] [pid 22025:tid 140500476733184] [client 71.170.112.36:57899] AH00128: File does not exist: /var/www/campusthrift.com/static/images/img-sprite.png, referer: https://campusthrift.com/shop/category/Accessories/Bags%20&%20Purses/
[Tue Jun 14 21:12:22.841696 2016] [ssl:info] [pid 22025:tid 140500359165696] [client 24.16.11.34:59463] AH01964: Connection to child 8 established (server campusthrift.com:443)
[Tue Jun 14 21:12:23.535521 2016] [ssl:info] [pid 22025:tid 140500308809472] [client 24.16.11.34:59468] AH01964: Connection to child 14 established (server campusthrift.com:443)
[Tue Jun 14 21:12:23.536024 2016] [ssl:info] [pid 22025:tid 140500292024064] [client 24.16.11.34:59469] AH01964: Connection to child 16 established (server campusthrift.com:443)
[Tue Jun 14 21:12:23.540970 2016] [ssl:info] [pid 22026:tid 140500258453248] [client 24.16.11.34:59467] AH01964: Connection to child 84 established (server campusthrift.com:443)
[Tue Jun 14 21:12:23.541800 2016] [ssl:info] [pid 22026:tid 140500250060544] [client 24.16.11.34:59470] AH01964: Connection to child 85 established (server campusthrift.com:443)
[Tue Jun 14 21:12:23.542163 2016] [ssl:info] [pid 22026:tid 140500241667840] [client 24.16.11.34:59471] AH01964: Connection to child 86 established (server campusthrift.com:443)
[Tue Jun 14 21:12:24.221199 2016] [core:info] [pid 22025:tid 140500342380288] [client 24.16.11.34:59469] AH00128: File does not exist: /var/www/campusthrift.com/static/images/img-sprite.png, referer: https://campusthrift.com/register
[Tue Jun 14 21:12:28.788996 2016] [ssl:info] [pid 22025:tid 140500275238656] (70014)End of file found: [client 24.16.11.34:59463] AH01991: SSL input filter read failed.
[Tue Jun 14 21:12:28.789297 2016] [ssl:info] [pid 22025:tid 140500283631360] (70014)End of file found: [client 24.16.11.34:59469] AH01991: SSL input filter read failed.
[Tue Jun 14 21:19:52.819810 2016] [ssl:info] [pid 22025:tid 140500241667840] [client 46.165.197.141:35889] AH01964: Connection to child 22 established (server campusthrift.com:443)
[Wed Jun 15 01:20:10.146857 2016] [:error] [pid 22024:tid 140500367628032] Not Found: /robots.txt
[Tue Jun 14 21:20:18.553174 2016] [ssl:info] [pid 22025:tid 140500233275136] [client 46.165.197.141:45181] AH01964: Connection to child 23 established (server campusthrift.com:443)
[Tue Jun 14 21:23:55.629943 2016] [ssl:info] [pid 22025:tid 140500493518592] [client 174.127.133.28:60051] AH01964: Connection to child 0 established (server campusthrift.com:443)
[Tue Jun 14 21:27:56.135245 2016] [ssl:info] [pid 22026:tid 140500224882432] [client 66.220.146.23:35584] AH01964: Connection to child 88 established (server campusthrift.com:443)
[Tue Jun 14 21:27:56.388963 2016] [ssl:info] [pid 22026:tid 140500325594880] [client 174.127.133.65:54079] AH01964: Connection to child 76 established (server campusthrift.com:443)
[Tue Jun 14 21:28:00.585144 2016] [ssl:info] [pid 22025:tid 140500468340480] [client 99.43.164.146:52489] AH01964: Connection to child 3 established (server campusthrift.com:443)
[Tue Jun 14 21:28:01.720718 2016] [ssl:info] [pid 22025:tid 140500384343808] [client 99.43.164.146:52493] AH01964: Connection to child 5 established (server campusthrift.com:443)
[Tue Jun 14 21:28:01.721074 2016] [ssl:info] [pid 22026:tid 140500392736512] [client 99.43.164.146:52494] AH01964: Connection to child 68 established (server campusthrift.com:443)
[Tue Jun 14 21:28:01.721844 2016] [ssl:info] [pid 22026:tid 140500367558400] [client 99.43.164.146:52495] AH01964: Connection to child 71 established (server campusthrift.com:443)
[Tue Jun 14 21:28:01.724526 2016] [ssl:info] [pid 22026:tid 140500359165696] [client 99.43.164.146:52497] AH01964: Connection to child 72 established (server campusthrift.com:443)
[Tue Jun 14 21:28:01.727053 2016] [ssl:info] [pid 22025:tid 140500325594880] [client 99.43.164.146:52496] AH01964: Connection to child 12 established (server campusthrift.com:443)
[Tue Jun 14 21:28:02.159326 2016] [core:info] [pid 22025:tid 140500308809472] [client 99.43.164.146:52493] AH00128: File does not exist: /var/www/campusthrift.com/static/images/img-sprite.png, referer: https://campusthrift.com/contact
[Tue Jun 14 21:28:19.435259 2016] [ssl:info] [pid 22026:tid 140500375951104] [client 174.127.133.27:35962] AH01964: Connection to child 70 established (server campusthrift.com:443)
[Tue Jun 14 21:28:43.939861 2016] [ssl:info] [pid 22025:tid 140500292024064] [client 174.127.133.65:41279] AH01964: Connection to child 16 established (server campusthrift.com:443)
[Tue Jun 14 21:28:52.324871 2016] [ssl:info] [pid 22025:tid 140500350772992] [client 174.127.133.61:39287] AH01964: Connection to child 9 established (server campusthrift.com:443)
[Tue Jun 14 21:28:54.607077 2016] [ssl:info] [pid 22026:tid 140500493518592] [client 174.127.133.61:58511] AH01964: Connection to child 64 established (server campusthrift.com:443)
[Tue Jun 14 21:29:05.411200 2016] [ssl:info] [pid 22026:tid 140500476733184] [client 174.127.133.28:56814] AH01964: Connection to child 66 established (server campusthrift.com:443)
[Tue Jun 14 21:29:13.307286 2016] [ssl:info] [pid 22026:tid 140500384343808] [client 174.127.133.28:52176] AH01964: Connection to child 69 established (server campusthrift.com:443)
[Tue Jun 14 21:29:31.188628 2016] [ssl:info] [pid 22025:tid 140500342380288] [client 174.127.133.26:45494] AH01964: Connection to child 10 established (server campusthrift.com:443)
[Tue Jun 14 21:30:43.204697 2016] [ssl:info] [pid 22025:tid 140500275238656] [client 174.127.133.62:34424] AH01964: Connection to child 18 established (server campusthrift.com:443)
[Tue Jun 14 21:31:09.166684 2016] [ssl:info] [pid 22025:tid 140500283631360] [client 174.127.133.65:47886] AH01964: Connection to child 17 established (server campusthrift.com:443)
[Tue Jun 14 21:31:14.321248 2016] [ssl:info] [pid 22025:tid 140500300416768] [client 174.127.133.28:58142] AH01964: Connection to child 15 established (server campusthrift.com:443)
[Tue Jun 14 21:32:33.054559 2016] [ssl:info] [pid 22025:tid 140500266845952] [client 174.127.133.26:55400] AH01964: Connection to child 19 established (server campusthrift.com:443)
[Tue Jun 14 21:32:59.405275 2016] [ssl:info] [pid 22025:tid 140500258453248] [client 174.127.133.27:37947] AH01964: Connection to child 20 established (server campusthrift.com:443)
[Tue Jun 14 21:33:11.675475 2016] [ssl:info] [pid 22025:tid 140500250060544] [client 174.127.133.26:38354] AH01964: Connection to child 21 established (server campusthrift.com:443)
[Tue Jun 14 21:34:07.778019 2016] [ssl:info] [pid 22025:tid 140500241667840] [client 174.127.133.61:46461] AH01964: Connection to child 22 established (server campusthrift.com:443)
[Tue Jun 14 21:34:59.152134 2016] [ssl:info] [pid 22025:tid 140500233275136] [client 174.127.133.28:60141] AH01964: Connection to child 23 established (server campusthrift.com:443)
[Tue Jun 14 21:35:29.741739 2016] [ssl:info] [pid 22025:tid 140500224882432] [client 174.127.133.28:36242] AH01964: Connection to child 24 established (server campusthrift.com:443)
[Tue Jun 14 21:36:55.617032 2016] [ssl:info] [pid 22025:tid 140500317202176] [client 174.127.133.27:48660] AH01964: Connection to child 13 established (server campusthrift.com:443)
[Tue Jun 14 21:55:21.899221 2016] [ssl:info] [pid 22025:tid 140500493518592] [client 174.127.133.61:38154] AH01964: Connection to child 0 established (server campusthrift.com:443)
[Wed Jun 15 01:59:48.925285 2016] [:info] [pid 22024:tid 140500601874304] mod_wsgi (pid=22024): Shutdown requested 'campusthrift.com'.
[Wed Jun 15 01:59:48.925713 2016] [:info] [pid 22024:tid 140500601874304] mod_wsgi (pid=22024): Stopping process 'campusthrift.com'.
[Wed Jun 15 01:59:48.925747 2016] [:info] [pid 22024:tid 140500601874304] mod_wsgi (pid=22024): Destroying interpreters.
[Wed Jun 15 01:59:48.925832 2016] [:info] [pid 22024:tid 140500601874304] mod_wsgi (pid=22024): Destroy interpreter 'campusthrift.com|'.
[Wed Jun 15 01:59:48.977786 2016] [:info] [pid 22024:tid 140500601874304] mod_wsgi (pid=22024): Cleanup interpreter ''.
[Wed Jun 15 01:59:48.982630 2016] [:info] [pid 22024:tid 140500601874304] mod_wsgi (pid=22024): Terminating Python.
[Wed Jun 15 01:59:49.029903 2016] [:info] [pid 22024:tid 140500601874304] mod_wsgi (pid=22024): Python has shutdown.
[Tue Jun 14 21:59:49.996781 2016] [ssl:info] [pid 22669:tid 140015800100736] AH02200: Loading certificate & private key of SSL-aware server 'campusthrift.com:443'
[Tue Jun 14 21:59:49.997545 2016] [ssl:info] [pid 22669:tid 140015800100736] AH01914: Configuring server campusthrift.com:443 for SSL protocol
[Tue Jun 14 21:59:50.020069 2016] [ssl:info] [pid 22670:tid 140015800100736] AH02200: Loading certificate & private key of SSL-aware server 'campusthrift.com:443'
[Tue Jun 14 21:59:50.020764 2016] [ssl:info] [pid 22670:tid 140015800100736] AH01914: Configuring server campusthrift.com:443 for SSL protocol
[Tue Jun 14 21:59:50.091849 2016] [:info] [pid 22673:tid 140015800100736] mod_wsgi (pid=22673): Attach interpreter ''.
[Tue Jun 14 21:59:50.092208 2016] [:info] [pid 22673:tid 140015800100736] mod_wsgi (pid=22673): Adding '/var/www/campusthrift.com' to path.
[Tue Jun 14 21:59:50.092598 2016] [:info] [pid 22673:tid 140015800100736] mod_wsgi (pid=22673): Adding '/usr/local/lib/python2.7/site-packages' to path.
[Tue Jun 14 22:00:03.736302 2016] [ssl:info] [pid 22674:tid 140015691745024] [client 74.110.162.236:56837] AH01964: Connection to child 0 established (server campusthrift.com:443)
[Tue Jun 14 22:00:03.740278 2016] [ssl:info] [pid 22675:tid 140015691745024] [client 74.110.162.236:56838] AH01964: Connection to child 64 established (server campusthrift.com:443)
[Tue Jun 14 22:00:03.810614 2016] [ssl:info] [pid 22674:tid 140015683352320] [client 74.110.162.236:56841] AH01964: Connection to child 1 established (server campusthrift.com:443)
[Tue Jun 14 22:00:03.813722 2016] [ssl:info] [pid 22675:tid 140015674959616] [client 74.110.162.236:56842] AH01964: Connection to child 66 established (server campusthrift.com:443)
[Tue Jun 14 22:00:03.816505 2016] [ssl:info] [pid 22674:tid 140015674959616] [client 74.110.162.236:56843] AH01964: Connection to child 2 established (server campusthrift.com:443)
[Tue Jun 14 22:00:03.818104 2016] [ssl:info] [pid 22675:tid 140015598302976] [client 74.110.162.236:56840] AH01964: Connection to child 67 established (server campusthrift.com:443)
[Tue Jun 14 22:00:04.139869 2016] [:info] [pid 22673:tid 140015674959616] mod_wsgi (pid=22673): Create interpreter 'campusthrift.com|'.
[Tue Jun 14 22:00:04.141246 2016] [:info] [pid 22673:tid 140015674959616] mod_wsgi (pid=22673): Adding '/var/www/campusthrift.com' to path.
[Tue Jun 14 22:00:04.141445 2016] [:info] [pid 22673:tid 140015674959616] mod_wsgi (pid=22673): Adding '/usr/local/lib/python2.7/site-packages' to path.
[Tue Jun 14 22:00:04.141816 2016] [:info] [pid 22673:tid 140015674959616] [remote 74.110.162.236:1272] mod_wsgi (pid=22673, process='campusthrift.com', application='campusthrift.com|'): Loading WSGI script '/var/www/campusthrift.com/campusthrift/wsgi.py'.
[Tue Jun 14 22:00:05.068210 2016] [core:info] [pid 22674:tid 140015598302976] [client 74.110.162.236:56837] AH00128: File does not exist: /var/www/campusthrift.com/static/images/img-sprite.png, referer: https://campusthrift.com/static/css/style.css
[Tue Jun 14 22:00:08.328771 2016] [core:info] [pid 22674:tid 140015581517568] [client 74.110.162.236:56837] AH00128: File does not exist: /var/www/campusthrift.com/static/images/img-sprite.png, referer: https://campusthrift.com/static/css/style.css
[Tue Jun 14 22:00:35.544174 2016] [ssl:info] [pid 22675:tid 140015674959616] (70014)End of file found: [client 74.110.162.236:56842] AH01991: SSL input filter read failed.
[Tue Jun 14 22:00:35.546231 2016] [ssl:info] [pid 22674:tid 140015683352320] (70014)End of file found: [client 74.110.162.236:56841] AH01991: SSL input filter read failed.
[Tue Jun 14 22:00:35.546634 2016] [ssl:info] [pid 22675:tid 140015598302976] (70014)End of file found: [client 74.110.162.236:56840] AH01991: SSL input filter read failed.
[Tue Jun 14 22:00:35.547270 2016] [ssl:info] [pid 22675:tid 140015691745024] (70014)End of file found: [client 74.110.162.236:56838] AH01991: SSL input filter read failed.
[Tue Jun 14 22:00:35.547458 2016] [ssl:info] [pid 22674:tid 140015674959616] (70014)End of file found: [client 74.110.162.236:56843] AH01991: SSL input filter read failed.
[Tue Jun 14 22:00:59.665957 2016] [ssl:info] [pid 22675:tid 140015589910272] [client 174.127.133.61:54814] AH01964: Connection to child 68 established (server campusthrift.com:443)
[Tue Jun 14 22:02:22.449408 2016] [ssl:info] [pid 22675:tid 140015581517568] [client 174.127.133.28:54176] AH01964: Connection to child 69 established (server campusthrift.com:443)
[Tue Jun 14 22:02:22.584150 2016] [core:info] [pid 22675:tid 140015581517568] [client 174.127.133.28:54176] AH00128: File does not exist: /var/www/campusthrift.com/static/js/3.3.6
[Tue Jun 14 22:04:41.717129 2016] [ssl:info] [pid 22674:tid 140015573124864] [client 174.127.133.28:33656] AH01964: Connection to child 6 established (server campusthrift.com:443)
[Tue Jun 14 22:04:41.785114 2016] [core:info] [pid 22674:tid 140015573124864] [client 174.127.133.28:33656] AH00128: File does not exist: /var/www/campusthrift.com/static/js/bs.tab
[Tue Jun 14 22:07:51.403543 2016] [ssl:info] [pid 22675:tid 140015573124864] [client 174.127.133.65:35512] AH01964: Connection to child 70 established (server campusthrift.com:443)
[Tue Jun 14 22:12:15.950364 2016] [ssl:info] [pid 22675:tid 140015564732160] [client 174.127.133.29:37513] AH01964: Connection to child 71 established (server campusthrift.com:443)
[Tue Jun 14 22:16:28.816114 2016] [ssl:info] [pid 22675:tid 140015464019712] [client 137.116.71.170:16952] AH01964: Connection to child 83 established (server campusthrift.com:443)
[Wed Jun 15 02:16:29.596976 2016] [:error] [pid 22673:tid 140015565854464] Not Found: /robots.txt
