[Tue Jun 14 22:16:49.116698 2016] [ssl:info] [pid 22675:tid 140015514375936] [client 174.127.133.29:51954] AH01964: Connection to child 77 established (server campusthrift.com:443)
[Tue Jun 14 22:33:45.757315 2016] [ssl:info] [pid 22675:tid 140015522768640] [client 66.87.73.180:19058] AH01964: Connection to child 76 established (server campusthrift.com:443)
[Tue Jun 14 22:33:46.426520 2016] [ssl:info] [pid 22675:tid 140015531161344] [client 66.87.73.180:30300] AH01964: Connection to child 75 established (server campusthrift.com:443)
[Tue Jun 14 22:33:46.440558 2016] [ssl:info] [pid 22674:tid 140015564732160] [client 66.87.73.180:27948] AH01964: Connection to child 7 established (server campusthrift.com:443)
[Tue Jun 14 22:33:46.441247 2016] [ssl:info] [pid 22675:tid 140015505983232] [client 66.87.73.180:25398] AH01964: Connection to child 78 established (server campusthrift.com:443)
[Tue Jun 14 22:33:46.442192 2016] [ssl:info] [pid 22675:tid 140015489197824] [client 66.87.73.180:25898] AH01964: Connection to child 80 established (server campusthrift.com:443)
[Tue Jun 14 22:33:46.473065 2016] [ssl:info] [pid 22674:tid 140015480805120] [client 66.87.73.180:27885] AH01964: Connection to child 17 established (server campusthrift.com:443)
[Tue Jun 14 22:33:47.135879 2016] [core:info] [pid 22675:tid 140015430448896] [client 66.87.73.180:19058] AH00128: File does not exist: /var/www/campusthrift.com/static/images/img-sprite.png, referer: https://campusthrift.com/shop/category/Clothing/Women's%20Shirts/
[Tue Jun 14 22:33:48.144384 2016] [ssl:info] [pid 22675:tid 140015547946752] (70014)End of file found: [client 66.87.73.180:25398] AH01991: SSL input filter read failed.
[Tue Jun 14 22:33:48.144877 2016] [ssl:info] [pid 22674:tid 140015464019712] (70014)End of file found: [client 66.87.73.180:27885] AH01991: SSL input filter read failed.
[Tue Jun 14 22:33:48.146853 2016] [ssl:info] [pid 22674:tid 140015438841600] (70014)End of file found: [client 66.87.73.180:27948] AH01991: SSL input filter read failed.
[Tue Jun 14 22:33:48.147838 2016] [ssl:info] [pid 22675:tid 140015539554048] (70014)End of file found: [client 66.87.73.180:25898] AH01991: SSL input filter read failed.
[Tue Jun 14 22:33:48.153199 2016] [ssl:info] [pid 22675:tid 140015497590528] (70014)End of file found: [client 66.87.73.180:30300] AH01991: SSL input filter read failed.
[Tue Jun 14 22:33:49.227904 2016] [ssl:info] [pid 22675:tid 140015455627008] (70014)End of file found: [client 66.87.73.180:19058] AH01991: SSL input filter read failed.
[Tue Jun 14 22:41:28.304297 2016] [ssl:info] [pid 22674:tid 140015522768640] [client 74.110.162.236:57283] AH01964: Connection to child 12 established (server campusthrift.com:443)
[Tue Jun 14 22:41:28.310314 2016] [ssl:info] [pid 22675:tid 140015447234304] [client 74.110.162.236:57282] AH01964: Connection to child 85 established (server campusthrift.com:443)
[Tue Jun 14 22:41:28.463329 2016] [ssl:info] [pid 22675:tid 140015438841600] [client 74.110.162.236:57288] AH01964: Connection to child 86 established (server campusthrift.com:443)
[Tue Jun 14 22:41:28.465892 2016] [ssl:info] [pid 22674:tid 140015447234304] [client 74.110.162.236:57286] AH01964: Connection to child 21 established (server campusthrift.com:443)
[Tue Jun 14 22:41:28.466111 2016] [ssl:info] [pid 22674:tid 140015430448896] [client 74.110.162.236:57285] AH01964: Connection to child 23 established (server campusthrift.com:443)
[Tue Jun 14 22:41:28.468366 2016] [ssl:info] [pid 22675:tid 140015683352320] [client 74.110.162.236:57287] AH01964: Connection to child 65 established (server campusthrift.com:443)
[Tue Jun 14 22:41:29.201691 2016] [core:info] [pid 22675:tid 140015674959616] [client 74.110.162.236:57282] AH00128: File does not exist: /var/www/campusthrift.com/static/images/img-sprite.png, referer: https://campusthrift.com/static/css/style.css
[Tue Jun 14 22:41:31.844276 2016] [core:info] [pid 22675:tid 140015691745024] [client 74.110.162.236:57282] AH00128: File does not exist: /var/www/campusthrift.com/static/images/img-sprite.png, referer: https://campusthrift.com/static/css/style.css
[Tue Jun 14 22:41:45.684014 2016] [ssl:info] [pid 22674:tid 140015522768640] (70014)End of file found: [client 74.110.162.236:57283] AH01991: SSL input filter read failed.
[Tue Jun 14 22:41:45.684390 2016] [ssl:info] [pid 22675:tid 140015438841600] (70014)End of file found: [client 74.110.162.236:57288] AH01991: SSL input filter read failed.
[Tue Jun 14 22:41:45.685201 2016] [ssl:info] [pid 22674:tid 140015447234304] (70014)End of file found: [client 74.110.162.236:57286] AH01991: SSL input filter read failed.
[Tue Jun 14 22:41:45.685790 2016] [ssl:info] [pid 22674:tid 140015430448896] (70014)End of file found: [client 74.110.162.236:57285] AH01991: SSL input filter read failed.
[Tue Jun 14 22:41:45.687426 2016] [ssl:info] [pid 22675:tid 140015683352320] (70014)End of file found: [client 74.110.162.236:57287] AH01991: SSL input filter read failed.
[Tue Jun 14 22:41:45.700517 2016] [ssl:info] [pid 22674:tid 140015531161344] [client 74.110.162.236:57298] AH01964: Connection to child 11 established (server campusthrift.com:443)
[Wed Jun 15 02:41:45.738890 2016] [:error] [pid 22673:tid 140015674959616] 
[Wed Jun 15 02:41:45.739308 2016] [:error] [pid 22673:tid 140015674959616]  Shoes 
[Tue Jun 14 22:41:54.407676 2016] [ssl:info] [pid 22675:tid 140015589910272] [client 74.110.162.236:57301] AH01964: Connection to child 68 established (server campusthrift.com:443)
[Wed Jun 15 02:41:54.545197 2016] [:error] [pid 22673:tid 140015565854464] <tr><td colspan="2"><ul class="errorlist nonfield"><li>(Hidden field rotation) This field is required.</li></ul></td></tr>
[Wed Jun 15 02:41:54.545275 2016] [:error] [pid 22673:tid 140015565854464] <tr><th><label for="id_image">Image:</label></th><td><ul class="errorlist"><li>This field is required.</li></ul><input id="id_image" name="image" type="file" /><input id="id_rotation" name="rotation" type="hidden" /></td></tr>
[Tue Jun 14 22:41:56.618794 2016] [core:info] [pid 22675:tid 140015556339456] [client 74.110.162.236:57301] AH00128: File does not exist: /var/www/campusthrift.com/static/images/img-sprite.png, referer: https://campusthrift.com/static/css/style.css
[Tue Jun 14 22:41:58.432117 2016] [ssl:info] [pid 22674:tid 140015422056192] [client 74.110.162.236:57303] AH01964: Connection to child 24 established (server campusthrift.com:443)
[Tue Jun 14 22:41:58.541584 2016] [core:info] [pid 22675:tid 140015472412416] [client 74.110.162.236:57301] AH00128: File does not exist: /var/www/campusthrift.com/static/images/img-sprite.png, referer: https://campusthrift.com/static/css/style.css
[Tue Jun 14 22:42:00.562336 2016] [core:info] [pid 22675:tid 140015480805120] [client 74.110.162.236:57301] AH00128: File does not exist: /var/www/campusthrift.com/static/images/img-sprite.png, referer: https://campusthrift.com/static/css/style.css
[Tue Jun 14 22:42:01.586869 2016] [core:info] [pid 22675:tid 140015539554048] [client 74.110.162.236:57301] AH00128: File does not exist: /var/www/campusthrift.com/static/images/close_1.png, referer: https://campusthrift.com/static/css/style.css
[Tue Jun 14 22:42:01.587753 2016] [core:info] [pid 22674:tid 140015422056192] [client 74.110.162.236:57303] AH00128: File does not exist: /var/www/campusthrift.com/static/images/img-sprite.png, referer: https://campusthrift.com/static/css/style.css
[Tue Jun 14 22:42:03.801332 2016] [core:info] [pid 22675:tid 140015674959616] [client 74.110.162.236:57301] AH00128: File does not exist: /var/www/campusthrift.com/static/images/img-sprite.png, referer: https://campusthrift.com/static/css/style.css
[Tue Jun 14 22:42:08.948138 2016] [ssl:info] [pid 22674:tid 140015556339456] [client 74.110.162.236:57310] AH01964: Connection to child 8 established (server campusthrift.com:443)
[Wed Jun 15 02:42:08.975347 2016] [:error] [pid 22673:tid 140015674959616] <QueryDict: {u'city': [u'Cameron'], u'first_name': [u'Omar'], u'last_name': [u'Ansari'], u'6_ship_method': [u'1'], u'zip': [u'29030'], u'state': [u'SC'], u'address': [u'8250 Old State Rd'], u'csrfmiddlewaretoken': [u'1QtDJrIAStpgRl3XLOiwUeEY7pjdElAL']}>
[Wed Jun 15 02:42:08.975485 2016] [:error] [pid 22673:tid 140015674959616] {u'6': 1}
[Wed Jun 15 02:42:08.975510 2016] [:error] [pid 22673:tid 140015674959616] {u'6': 1}
[Wed Jun 15 02:42:09.001912 2016] [:error] [pid 22673:tid 140015674959616] /usr/local/lib/python2.7/dist-packages/django/db/models/fields/__init__.py:1453: RuntimeWarning: DateTimeField Order.date received a naive datetime (2016-06-15 02:00:04.417071) while time zone support is active.
[Wed Jun 15 02:42:09.001978 2016] [:error] [pid 22673:tid 140015674959616]   RuntimeWarning)
[Wed Jun 15 02:42:09.002002 2016] [:error] [pid 22673:tid 140015674959616] 
[Tue Jun 14 22:42:09.340290 2016] [core:info] [pid 22674:tid 140015505983232] [client 74.110.162.236:57310] AH00128: File does not exist: /var/www/campusthrift.com/static/images/img-sprite.png, referer: https://campusthrift.com/static/css/style.css
[Tue Jun 14 22:42:12.766022 2016] [core:info] [pid 22674:tid 140015472412416] [client 74.110.162.236:57310] AH00128: File does not exist: /var/www/campusthrift.com/static/images/img-sprite.png, referer: https://campusthrift.com/static/css/style.css
[Tue Jun 14 22:42:45.523642 2016] [ssl:info] [pid 22675:tid 140015598302976] [client 74.110.162.236:57350] AH01964: Connection to child 67 established (server campusthrift.com:443)
[Tue Jun 14 22:42:47.001833 2016] [core:info] [pid 22675:tid 140015691745024] [client 74.110.162.236:57350] AH00128: File does not exist: /var/www/campusthrift.com/static/images/img-sprite.png, referer: https://campusthrift.com/static/css/style.css
[Tue Jun 14 22:42:57.433650 2016] [ssl:info] [pid 22675:tid 140015438841600] [client 74.110.162.236:57352] AH01964: Connection to child 86 established (server campusthrift.com:443)
[Tue Jun 14 22:43:00.151872 2016] [core:info] [pid 22675:tid 140015581517568] [client 74.110.162.236:57352] AH00128: File does not exist: /var/www/campusthrift.com/static/images/img-sprite.png, referer: https://campusthrift.com/static/css/style.css
[Wed Jun 15 01:12:03.671542 2016] [ssl:info] [pid 22675:tid 140015598302976] [client 40.77.167.29:15871] AH01964: Connection to child 67 established (server campusthrift.com:443)
[Wed Jun 15 05:12:03.934674 2016] [:error] [pid 22673:tid 140015674959616] Not Found: /robots.txt
[Wed Jun 15 01:12:04.699993 2016] [ssl:info] [pid 22675:tid 140015691745024] (70014)End of file found: [client 40.77.167.29:15871] AH01991: SSL input filter read failed.
[Wed Jun 15 01:12:05.158511 2016] [ssl:info] [pid 22674:tid 140015464019712] [client 40.77.167.29:16587] AH01964: Connection to child 19 established (server campusthrift.com:443)
[Wed Jun 15 01:12:05.226447 2016] [ssl:info] [pid 22674:tid 140015438841600] (70014)End of file found: [client 40.77.167.29:16587] AH01991: SSL input filter read failed.
[Wed Jun 15 01:22:00.050592 2016] [ssl:info] [pid 22675:tid 140015581517568] [client 199.58.86.209:24913] AH01964: Connection to child 69 established (server campusthrift.com:443)
[Wed Jun 15 05:22:00.082082 2016] [:error] [pid 22673:tid 140015674959616] Not Found: /robots.txt
[Wed Jun 15 01:22:01.973177 2016] [ssl:info] [pid 22674:tid 140015514375936] [client 199.58.86.209:25291] AH01964: Connection to child 13 established (server campusthrift.com:443)
[Wed Jun 15 01:45:01.356598 2016] [ssl:info] [pid 22674:tid 140015455627008] [client 123.125.71.115:13114] AH01964: Connection to child 20 established (server campusthrift.com:443)
[Wed Jun 15 01:49:02.481645 2016] [ssl:info] [pid 22674:tid 140015556339456] [client 184.105.247.196:33395] AH01964: Connection to child 8 established (server campusthrift.com:443)
[Wed Jun 15 01:49:06.636627 2016] [ssl:info] [pid 22674:tid 140015539554048] (104)Connection reset by peer: [client 184.105.247.196:33395] AH01991: SSL input filter read failed.
[Wed Jun 15 01:50:11.463562 2016] [ssl:info] [pid 22675:tid 140015573124864] [client 184.105.247.196:52742] AH01964: Connection to child 70 established (server campusthrift.com:443)
[Wed Jun 15 01:50:13.170764 2016] [ssl:info] [pid 22675:tid 140015564732160] (104)Connection reset by peer: [client 184.105.247.196:52742] AH01991: SSL input filter read failed.
[Wed Jun 15 01:52:31.315700 2016] [ssl:info] [pid 22675:tid 140015556339456] [client 184.105.247.196:60769] AH01964: Connection to child 72 established (server campusthrift.com:443)
[Wed Jun 15 01:52:31.316626 2016] [ssl:info] [pid 22675:tid 140015556339456] [client 184.105.247.196:60769] AH02008: SSL library error 1 in handshake (server campusthrift.com:443)
[Wed Jun 15 01:52:31.316922 2016] [ssl:info] [pid 22675:tid 140015556339456] SSL Library Error: error:1408A0C1:SSL routines:SSL3_GET_CLIENT_HELLO:no shared cipher -- Too restrictive SSLCipherSuite or using DSA server certificate?
[Wed Jun 15 01:52:31.316992 2016] [ssl:info] [pid 22675:tid 140015556339456] [client 184.105.247.196:60769] AH01998: Connection closed to child 72 with abortive shutdown (server campusthrift.com:443)
[Wed Jun 15 01:56:11.966043 2016] [ssl:info] [pid 22675:tid 140015464019712] [client 123.125.71.72:22198] AH01964: Connection to child 83 established (server campusthrift.com:443)
[Wed Jun 15 04:32:30.583635 2016] [ssl:info] [pid 22674:tid 140015573124864] [client 198.245.49.215:45943] AH01964: Connection to child 6 established (server campusthrift.com:443)
[Wed Jun 15 08:32:30.628480 2016] [:error] [pid 22673:tid 140015674959616] Not Found: /robots.txt
[Wed Jun 15 04:32:39.045354 2016] [ssl:info] [pid 22675:tid 140015497590528] [client 198.245.49.215:46745] AH01964: Connection to child 79 established (server campusthrift.com:443)
[Wed Jun 15 07:10:26.930932 2016] [ssl:info] [pid 22675:tid 140015547946752] [client 167.114.209.28:63000] AH01964: Connection to child 73 established (server campusthrift.com:443)
[Wed Jun 15 07:10:29.195268 2016] [ssl:info] [pid 22675:tid 140015539554048] [client 167.114.209.28:63143] AH01964: Connection to child 74 established (server campusthrift.com:443)
[Wed Jun 15 11:10:29.547528 2016] [:error] [pid 22673:tid 140015565854464] Not Found: /robots.txt
[Wed Jun 15 07:10:30.619156 2016] [ssl:info] [pid 22675:tid 140015539554048] (104)Connection reset by peer: [client 167.114.209.28:63143] AH01991: SSL input filter read failed.
[Wed Jun 15 07:12:59.535252 2016] [ssl:info] [pid 22675:tid 140015556339456] [client 66.249.69.161:43350] AH01964: Connection to child 72 established (server campusthrift.com:443)
[Wed Jun 15 11:12:59.595909 2016] [:error] [pid 22673:tid 140015565854464] Not Found: /robots.txt
[Wed Jun 15 07:13:03.634738 2016] [ssl:info] [pid 22675:tid 140015514375936] (70014)End of file found: [client 66.249.69.161:43350] AH01991: SSL input filter read failed.
[Wed Jun 15 07:13:11.635902 2016] [ssl:info] [pid 22675:tid 140015522768640] [client 66.249.69.149:65196] AH01964: Connection to child 76 established (server campusthrift.com:443)
[Wed Jun 15 07:13:16.580505 2016] [ssl:info] [pid 22675:tid 140015472412416] (70014)End of file found: [client 66.249.69.149:65196] AH01991: SSL input filter read failed.
[Wed Jun 15 07:18:00.039083 2016] [ssl:info] [pid 22675:tid 140015489197824] [client 66.249.75.221:58937] AH01964: Connection to child 80 established (server campusthrift.com:443)
[Wed Jun 15 07:18:04.369797 2016] [ssl:info] [pid 22675:tid 140015531161344] (70014)End of file found: [client 66.249.75.221:58937] AH01991: SSL input filter read failed.
[Wed Jun 15 08:12:07.974740 2016] [ssl:info] [pid 22674:tid 140015514375936] [client 66.249.75.229:63076] AH01964: Connection to child 13 established (server campusthrift.com:443)
[Wed Jun 15 08:12:20.471992 2016] [ssl:info] [pid 22675:tid 140015480805120] [client 66.249.75.229:45339] AH01964: Connection to child 81 established (server campusthrift.com:443)
[Wed Jun 15 08:12:25.017217 2016] [ssl:info] [pid 22675:tid 140015430448896] (70014)End of file found: [client 66.249.75.229:45339] AH01991: SSL input filter read failed.
[Wed Jun 15 08:12:30.458420 2016] [ssl:info] [pid 22674:tid 140015522768640] [client 103.253.14.43:38155] AH01964: Connection to child 12 established (server campusthrift.com:443)
[Wed Jun 15 12:12:31.076830 2016] [:error] [pid 22673:tid 140015674959616] Not Found: /index.php
[Wed Jun 15 08:12:31.377593 2016] [ssl:info] [pid 22674:tid 140015447234304] (70014)End of file found: [client 103.253.14.43:38155] AH01991: SSL input filter read failed.
[Wed Jun 15 08:13:10.172055 2016] [ssl:info] [pid 22675:tid 140015547946752] [client 66.249.75.237:60359] AH01964: Connection to child 73 established (server campusthrift.com:443)
[Wed Jun 15 08:13:14.715856 2016] [ssl:info] [pid 22675:tid 140015497590528] (70014)End of file found: [client 66.249.75.237:60359] AH01991: SSL input filter read failed.
[Wed Jun 15 08:13:16.211977 2016] [ssl:info] [pid 22675:tid 140015455627008] [client 66.249.75.221:59664] AH01964: Connection to child 84 established (server campusthrift.com:443)
[Wed Jun 15 08:13:20.607449 2016] [ssl:info] [pid 22675:tid 140015447234304] (70014)End of file found: [client 66.249.75.221:59664] AH01991: SSL input filter read failed.
[Wed Jun 15 08:13:22.428253 2016] [ssl:info] [pid 22674:tid 140015430448896] [client 66.249.75.221:64850] AH01964: Connection to child 23 established (server campusthrift.com:443)
[Wed Jun 15 08:13:26.611808 2016] [ssl:info] [pid 22674:tid 140015531161344] (70014)End of file found: [client 66.249.75.221:64850] AH01991: SSL input filter read failed.
[Wed Jun 15 08:13:28.745844 2016] [ssl:info] [pid 22675:tid 140015539554048] [client 66.249.75.221:58910] AH01964: Connection to child 74 established (server campusthrift.com:443)
[Wed Jun 15 08:13:33.618163 2016] [ssl:info] [pid 22675:tid 140015674959616] (70014)End of file found: [client 66.249.75.221:58910] AH01991: SSL input filter read failed.
[Wed Jun 15 08:13:35.177306 2016] [ssl:info] [pid 22674:tid 140015455627008] [client 66.249.75.221:59760] AH01964: Connection to child 20 established (server campusthrift.com:443)
[Wed Jun 15 08:13:39.600105 2016] [ssl:info] [pid 22674:tid 140015422056192] (70014)End of file found: [client 66.249.75.221:59760] AH01991: SSL input filter read failed.
[Wed Jun 15 08:13:41.715758 2016] [ssl:info] [pid 22675:tid 140015598302976] [client 66.249.75.221:57653] AH01964: Connection to child 67 established (server campusthrift.com:443)
[Wed Jun 15 08:13:46.587153 2016] [ssl:info] [pid 22675:tid 140015691745024] (70014)End of file found: [client 66.249.75.221:57653] AH01991: SSL input filter read failed.
[Wed Jun 15 08:13:48.359499 2016] [ssl:info] [pid 22675:tid 140015438841600] [client 66.249.75.221:38025] AH01964: Connection to child 86 established (server campusthrift.com:443)
[Wed Jun 15 08:13:52.592036 2016] [ssl:info] [pid 22675:tid 140015683352320] (70014)End of file found: [client 66.249.75.221:38025] AH01991: SSL input filter read failed.
[Wed Jun 15 08:13:55.091726 2016] [ssl:info] [pid 22674:tid 140015556339456] [client 66.249.75.221:50293] AH01964: Connection to child 8 established (server campusthrift.com:443)
[Wed Jun 15 08:13:59.607357 2016] [ssl:info] [pid 22674:tid 140015539554048] (70014)End of file found: [client 66.249.75.221:50293] AH01991: SSL input filter read failed.
[Wed Jun 15 08:14:01.905357 2016] [ssl:info] [pid 22675:tid 140015589910272] [client 66.249.75.221:53091] AH01964: Connection to child 68 established (server campusthrift.com:443)
[Wed Jun 15 08:14:06.594581 2016] [ssl:info] [pid 22675:tid 140015581517568] (70014)End of file found: [client 66.249.75.221:53091] AH01991: SSL input filter read failed.
[Wed Jun 15 08:14:08.813789 2016] [ssl:info] [pid 22674:tid 140015505983232] [client 66.249.75.221:50978] AH01964: Connection to child 14 established (server campusthrift.com:443)
[Wed Jun 15 08:14:13.600844 2016] [ssl:info] [pid 22674:tid 140015497590528] (70014)End of file found: [client 66.249.75.221:50978] AH01991: SSL input filter read failed.
[Wed Jun 15 08:14:15.800775 2016] [ssl:info] [pid 22675:tid 140015573124864] [client 66.249.69.149:57756] AH01964: Connection to child 70 established (server campusthrift.com:443)
[Wed Jun 15 08:14:20.219160 2016] [ssl:info] [pid 22675:tid 140015564732160] (70014)End of file found: [client 66.249.69.149:57756] AH01991: SSL input filter read failed.
[Wed Jun 15 08:14:22.868974 2016] [ssl:info] [pid 22674:tid 140015489197824] [client 66.249.75.221:61006] AH01964: Connection to child 16 established (server campusthrift.com:443)
[Wed Jun 15 08:14:27.612352 2016] [ssl:info] [pid 22674:tid 140015472412416] (70014)End of file found: [client 66.249.75.221:61006] AH01991: SSL input filter read failed.
[Wed Jun 15 08:14:30.004182 2016] [ssl:info] [pid 22675:tid 140015556339456] [client 66.249.69.149:38340] AH01964: Connection to child 72 established (server campusthrift.com:443)
[Wed Jun 15 08:14:34.253384 2016] [ssl:info] [pid 22675:tid 140015422056192] (70014)End of file found: [client 66.249.69.149:38340] AH01991: SSL input filter read failed.
[Wed Jun 15 08:14:37.208954 2016] [ssl:info] [pid 22675:tid 140015464019712] [client 66.249.69.149:48180] AH01964: Connection to child 83 established (server campusthrift.com:443)
[Wed Jun 15 08:14:44.481020 2016] [ssl:info] [pid 22674:tid 140015691745024] [client 66.249.75.221:33107] AH01964: Connection to child 0 established (server campusthrift.com:443)
[Wed Jun 15 08:14:48.591705 2016] [ssl:info] [pid 22674:tid 140015598302976] (70014)End of file found: [client 66.249.75.221:33107] AH01991: SSL input filter read failed.
[Wed Jun 15 08:14:51.816906 2016] [ssl:info] [pid 22675:tid 140015514375936] [client 66.249.75.221:63573] AH01964: Connection to child 77 established (server campusthrift.com:443)
[Wed Jun 15 08:14:56.622898 2016] [ssl:info] [pid 22675:tid 140015522768640] (70014)End of file found: [client 66.249.75.221:63573] AH01991: SSL input filter read failed.
[Wed Jun 15 08:14:59.211813 2016] [ssl:info] [pid 22675:tid 140015472412416] [client 66.249.75.221:52073] AH01964: Connection to child 82 established (server campusthrift.com:443)
[Wed Jun 15 08:15:03.632283 2016] [ssl:info] [pid 22675:tid 140015489197824] (70014)End of file found: [client 66.249.75.221:52073] AH01991: SSL input filter read failed.
[Wed Jun 15 08:15:06.660228 2016] [ssl:info] [pid 22675:tid 140015531161344] [client 66.249.75.221:46070] AH01964: Connection to child 75 established (server campusthrift.com:443)
[Wed Jun 15 08:15:11.650891 2016] [ssl:info] [pid 22675:tid 140015505983232] (70014)End of file found: [client 66.249.75.221:46070] AH01991: SSL input filter read failed.
[Wed Jun 15 08:15:14.168387 2016] [ssl:info] [pid 22675:tid 140015480805120] [client 66.249.75.221:43256] AH01964: Connection to child 81 established (server campusthrift.com:443)
[Wed Jun 15 08:15:18.653868 2016] [ssl:info] [pid 22675:tid 140015430448896] (70014)End of file found: [client 66.249.75.221:43256] AH01991: SSL input filter read failed.
[Wed Jun 15 08:15:21.729870 2016] [ssl:info] [pid 22674:tid 140015589910272] [client 66.249.75.221:38150] AH01964: Connection to child 4 established (server campusthrift.com:443)
[Wed Jun 15 08:15:26.640567 2016] [ssl:info] [pid 22674:tid 140015581517568] (70014)End of file found: [client 66.249.75.221:38150] AH01991: SSL input filter read failed.
[Wed Jun 15 08:15:29.324407 2016] [ssl:info] [pid 22674:tid 140015683352320] [client 66.249.75.221:42067] AH01964: Connection to child 1 established (server campusthrift.com:443)
[Wed Jun 15 08:15:33.625323 2016] [ssl:info] [pid 22674:tid 140015674959616] (70014)End of file found: [client 66.249.75.221:42067] AH01991: SSL input filter read failed.
[Wed Jun 15 08:15:36.981543 2016] [ssl:info] [pid 22675:tid 140015547946752] [client 66.249.75.221:45821] AH01964: Connection to child 73 established (server campusthrift.com:443)
[Wed Jun 15 08:15:41.644429 2016] [ssl:info] [pid 22675:tid 140015497590528] (70014)End of file found: [client 66.249.75.221:45821] AH01991: SSL input filter read failed.
[Wed Jun 15 08:15:44.670575 2016] [ssl:info] [pid 22675:tid 140015455627008] [client 66.249.75.221:54325] AH01964: Connection to child 84 established (server campusthrift.com:443)
[Wed Jun 15 08:15:49.663066 2016] [ssl:info] [pid 22675:tid 140015447234304] (70014)End of file found: [client 66.249.75.221:54325] AH01991: SSL input filter read failed.
[Wed Jun 15 08:15:52.401745 2016] [ssl:info] [pid 22675:tid 140015539554048] [client 66.249.75.221:47812] AH01964: Connection to child 74 established (server campusthrift.com:443)
[Wed Jun 15 08:15:56.685271 2016] [ssl:info] [pid 22675:tid 140015674959616] (70014)End of file found: [client 66.249.75.221:47812] AH01991: SSL input filter read failed.
[Wed Jun 15 08:16:00.311444 2016] [ssl:info] [pid 22675:tid 140015598302976] [client 66.249.75.221:58216] AH01964: Connection to child 67 established (server campusthrift.com:443)
[Wed Jun 15 08:16:04.704149 2016] [ssl:info] [pid 22675:tid 140015691745024] (70014)End of file found: [client 66.249.75.221:58216] AH01991: SSL input filter read failed.
[Wed Jun 15 08:16:07.988251 2016] [ssl:info] [pid 22675:tid 140015438841600] [client 66.249.69.149:47737] AH01964: Connection to child 86 established (server campusthrift.com:443)
[Wed Jun 15 08:16:12.330152 2016] [ssl:info] [pid 22675:tid 140015683352320] (70014)End of file found: [client 66.249.69.149:47737] AH01991: SSL input filter read failed.
[Wed Jun 15 08:16:15.834980 2016] [ssl:info] [pid 22675:tid 140015589910272] [client 66.249.75.221:55514] AH01964: Connection to child 68 established (server campusthrift.com:443)
[Wed Jun 15 08:16:20.733678 2016] [ssl:info] [pid 22675:tid 140015581517568] (70014)End of file found: [client 66.249.75.221:55514] AH01991: SSL input filter read failed.
[Wed Jun 15 08:16:23.714316 2016] [ssl:info] [pid 22674:tid 140015573124864] [client 66.249.69.149:55925] AH01964: Connection to child 6 established (server campusthrift.com:443)
[Wed Jun 15 08:16:28.333824 2016] [ssl:info] [pid 22674:tid 140015564732160] (70014)End of file found: [client 66.249.69.149:55925] AH01991: SSL input filter read failed.
[Wed Jun 15 08:16:31.628137 2016] [ssl:info] [pid 22675:tid 140015573124864] [client 66.249.75.221:57733] AH01964: Connection to child 70 established (server campusthrift.com:443)
[Wed Jun 15 08:16:35.774390 2016] [ssl:info] [pid 22675:tid 140015564732160] (70014)End of file found: [client 66.249.75.221:57733] AH01991: SSL input filter read failed.
[Wed Jun 15 08:16:39.572054 2016] [ssl:info] [pid 22675:tid 140015556339456] [client 66.249.75.221:57839] AH01964: Connection to child 72 established (server campusthrift.com:443)
[Wed Jun 15 08:16:43.775550 2016] [ssl:info] [pid 22675:tid 140015422056192] (70014)End of file found: [client 66.249.75.221:57839] AH01991: SSL input filter read failed.
[Wed Jun 15 08:16:47.546992 2016] [ssl:info] [pid 22675:tid 140015464019712] [client 66.249.75.221:57414] AH01964: Connection to child 83 established (server campusthrift.com:443)
[Wed Jun 15 08:16:51.784965 2016] [ssl:info] [pid 22675:tid 140015514375936] (70014)End of file found: [client 66.249.75.221:57414] AH01991: SSL input filter read failed.
[Wed Jun 15 08:16:55.582887 2016] [ssl:info] [pid 22675:tid 140015522768640] [client 66.249.75.221:37557] AH01964: Connection to child 76 established (server campusthrift.com:443)
[Wed Jun 15 08:16:59.789597 2016] [ssl:info] [pid 22675:tid 140015472412416] (70014)End of file found: [client 66.249.75.221:37557] AH01991: SSL input filter read failed.
[Wed Jun 15 08:17:03.569238 2016] [ssl:info] [pid 22674:tid 140015464019712] [client 66.249.75.221:45007] AH01964: Connection to child 19 established (server campusthrift.com:443)
[Wed Jun 15 08:17:07.801373 2016] [ssl:info] [pid 22674:tid 140015438841600] (70014)End of file found: [client 66.249.75.221:45007] AH01991: SSL input filter read failed.
[Wed Jun 15 09:04:16.577302 2016] [ssl:info] [pid 22675:tid 140015547946752] [client 93.189.26.18:48361] AH01964: Connection to child 73 established (server campusthrift.com:443)
[Wed Jun 15 09:04:16.945122 2016] [ssl:info] [pid 22675:tid 140015547946752] [client 93.189.26.18:48361] AH01998: Connection closed to child 73 with abortive shutdown (server campusthrift.com:443)
[Wed Jun 15 09:05:54.621373 2016] [ssl:info] [pid 22675:tid 140015497590528] [client 66.249.75.237:58188] AH01964: Connection to child 79 established (server campusthrift.com:443)
[Wed Jun 15 09:05:59.602666 2016] [ssl:info] [pid 22675:tid 140015455627008] (70014)End of file found: [client 66.249.75.237:58188] AH01991: SSL input filter read failed.
[Wed Jun 15 09:06:07.111354 2016] [ssl:info] [pid 22674:tid 140015531161344] [client 66.249.75.221:43741] AH01964: Connection to child 11 established (server campusthrift.com:443)
[Wed Jun 15 09:06:11.858926 2016] [ssl:info] [pid 22674:tid 140015455627008] (70014)End of file found: [client 66.249.75.221:43741] AH01991: SSL input filter read failed.
[Wed Jun 15 09:12:34.203049 2016] [ssl:info] [pid 22674:tid 140015422056192] [client 158.69.228.18:62288] AH01964: Connection to child 24 established (server campusthrift.com:443)
[Wed Jun 15 10:22:12.756985 2016] [ssl:info] [pid 22675:tid 140015438841600] [client 66.249.66.186:62067] AH01964: Connection to child 86 established (server campusthrift.com:443)
[Wed Jun 15 10:22:17.196322 2016] [ssl:info] [pid 22675:tid 140015683352320] (70014)End of file found: [client 66.249.66.186:62067] AH01991: SSL input filter read failed.
[Wed Jun 15 10:22:25.255822 2016] [ssl:info] [pid 22675:tid 140015589910272] [client 66.249.66.186:62832] AH01964: Connection to child 68 established (server campusthrift.com:443)
[Wed Jun 15 10:22:30.161368 2016] [ssl:info] [pid 22675:tid 140015581517568] (70014)End of file found: [client 66.249.66.186:62832] AH01991: SSL input filter read failed.
[Wed Jun 15 10:38:12.590438 2016] [ssl:info] [pid 22675:tid 140015573124864] [client 38.70.1.189:48451] AH01964: Connection to child 70 established (server campusthrift.com:443)
[Wed Jun 15 10:38:12.594209 2016] [ssl:info] [pid 22675:tid 140015564732160] [client 38.70.1.189:40715] AH01964: Connection to child 71 established (server campusthrift.com:443)
[Wed Jun 15 10:38:12.917622 2016] [ssl:info] [pid 22675:tid 140015422056192] [client 38.70.1.189:65452] AH01964: Connection to child 88 established (server campusthrift.com:443)
[Wed Jun 15 10:38:12.918007 2016] [ssl:info] [pid 22675:tid 140015464019712] [client 38.70.1.189:57530] AH01964: Connection to child 83 established (server campusthrift.com:443)
[Wed Jun 15 10:38:12.920182 2016] [ssl:info] [pid 22675:tid 140015514375936] [client 38.70.1.189:50851] AH01964: Connection to child 77 established (server campusthrift.com:443)
[Wed Jun 15 10:38:12.920840 2016] [ssl:info] [pid 22675:tid 140015522768640] [client 38.70.1.189:14993] AH01964: Connection to child 76 established (server campusthrift.com:443)
[Wed Jun 15 10:38:13.131438 2016] [core:info] [pid 22675:tid 140015455627008] [client 38.70.1.189:14993] AH00128: File does not exist: /var/www/campusthrift.com/static/images/img-sprite.png, referer: https://campusthrift.com/static/css/style.css
[Wed Jun 15 14:38:14.384482 2016] [:error] [pid 22673:tid 140015674959616] Not Found: /favicon.ico
[Wed Jun 15 11:03:26.170309 2016] [ssl:info] [pid 22675:tid 140015691745024] [client 66.87.73.107:8421] AH01964: Connection to child 64 established (server campusthrift.com:443)
[Wed Jun 15 11:03:26.803352 2016] [core:info] [pid 22675:tid 140015691745024] [client 66.87.73.107:8421] AH00128: File does not exist: /var/www/campusthrift.com/static/images/img-sprite.png, referer: https://campusthrift.com/shop/category/Clothing/Women's%20Shirts/
[Wed Jun 15 11:03:28.979049 2016] [ssl:info] [pid 22675:tid 140015438841600] (70014)End of file found: [client 66.87.73.107:8421] AH01991: SSL input filter read failed.
[Wed Jun 15 11:13:35.758919 2016] [ssl:info] [pid 22675:tid 140015683352320] [client 96.243.146.127:54239] AH01964: Connection to child 65 established (server campusthrift.com:443)
[Wed Jun 15 11:13:40.216391 2016] [ssl:info] [pid 22675:tid 140015581517568] [client 96.243.146.127:54241] AH01964: Connection to child 69 established (server campusthrift.com:443)
[Wed Jun 15 11:13:40.223919 2016] [ssl:info] [pid 22674:tid 140015497590528] [client 96.243.146.127:54242] AH01964: Connection to child 15 established (server campusthrift.com:443)
[Wed Jun 15 11:13:40.266512 2016] [ssl:info] [pid 22674:tid 140015489197824] [client 96.243.146.127:54243] AH01964: Connection to child 16 established (server campusthrift.com:443)
[Wed Jun 15 11:13:40.270900 2016] [ssl:info] [pid 22675:tid 140015564732160] [client 96.243.146.127:54244] AH01964: Connection to child 71 established (server campusthrift.com:443)
[Wed Jun 15 11:13:40.340751 2016] [ssl:info] [pid 22675:tid 140015573124864] [client 96.243.146.127:54245] AH01964: Connection to child 70 established (server campusthrift.com:443)
[Wed Jun 15 11:13:41.016507 2016] [core:info] [pid 22675:tid 140015531161344] [client 96.243.146.127:54244] AH00128: File does not exist: /var/www/campusthrift.com/static/images/img-sprite.png, referer: https://campusthrift.com/static/css/style.css
[Wed Jun 15 15:13:46.184539 2016] [:error] [pid 22673:tid 140015674959616] Not Found: /favicon.ico
[Wed Jun 15 11:15:09.477342 2016] [ssl:info] [pid 22674:tid 140015589910272] [client 129.192.176.68:57576] AH01964: Connection to child 4 established (server campusthrift.com:443)
[Wed Jun 15 11:15:09.658222 2016] [ssl:info] [pid 22674:tid 140015589910272] (70014)End of file found: [client 129.192.176.68:57576] AH01991: SSL input filter read failed.
[Wed Jun 15 11:21:29.396068 2016] [ssl:info] [pid 22675:tid 140015547946752] [client 66.220.158.105:17314] AH01964: Connection to child 73 established (server campusthrift.com:443)
[Wed Jun 15 11:21:29.419611 2016] [ssl:info] [pid 22675:tid 140015497590528] [client 66.220.158.109:25787] AH01964: Connection to child 79 established (server campusthrift.com:443)
[Wed Jun 15 11:21:29.478403 2016] [ssl:info] [pid 22675:tid 140015447234304] [client 66.220.158.113:11359] AH01964: Connection to child 85 established (server campusthrift.com:443)
[Wed Jun 15 11:21:29.975084 2016] [ssl:info] [pid 22675:tid 140015691745024] [client 66.220.158.118:56058] AH01964: Connection to child 64 established (server campusthrift.com:443)
[Wed Jun 15 11:37:28.858935 2016] [ssl:info] [pid 22674:tid 140015683352320] [client 66.249.66.186:47812] AH01964: Connection to child 1 established (server campusthrift.com:443)
[Wed Jun 15 11:37:33.318283 2016] [ssl:info] [pid 22674:tid 140015674959616] (70014)End of file found: [client 66.249.66.186:47812] AH01991: SSL input filter read failed.
[Wed Jun 15 11:37:41.357600 2016] [ssl:info] [pid 22675:tid 140015683352320] [client 66.249.66.186:48891] AH01964: Connection to child 65 established (server campusthrift.com:443)
[Wed Jun 15 11:37:46.339628 2016] [ssl:info] [pid 22675:tid 140015589910272] (70014)End of file found: [client 66.249.66.186:48891] AH01991: SSL input filter read failed.
[Wed Jun 15 12:15:55.151278 2016] [ssl:info] [pid 22674:tid 140015573124864] [client 78.46.174.55:51385] AH01964: Connection to child 6 established (server campusthrift.com:443)
[Wed Jun 15 12:15:55.238472 2016] [ssl:info] [pid 22674:tid 140015573124864] [client 78.46.174.55:51385] AH02008: SSL library error 1 in handshake (server campusthrift.com:443)
[Wed Jun 15 12:15:55.238665 2016] [ssl:info] [pid 22674:tid 140015573124864] SSL Library Error: error:14094418:SSL routines:SSL3_READ_BYTES:tlsv1 alert unknown ca (SSL alert number 48)
[Wed Jun 15 12:15:55.238695 2016] [ssl:info] [pid 22674:tid 140015573124864] [client 78.46.174.55:51385] AH01998: Connection closed to child 6 with abortive shutdown (server campusthrift.com:443)
[Wed Jun 15 12:53:15.612282 2016] [ssl:info] [pid 22674:tid 140015564732160] [client 66.249.66.183:56927] AH01964: Connection to child 7 established (server campusthrift.com:443)
[Wed Jun 15 12:53:20.491690 2016] [ssl:info] [pid 22674:tid 140015480805120] (70014)End of file found: [client 66.249.66.183:56927] AH01991: SSL input filter read failed.
[Wed Jun 15 12:53:28.108764 2016] [ssl:info] [pid 22674:tid 140015464019712] [client 66.249.66.186:58769] AH01964: Connection to child 19 established (server campusthrift.com:443)
[Wed Jun 15 12:53:32.285017 2016] [ssl:info] [pid 22674:tid 140015438841600] (70014)End of file found: [client 66.249.66.186:58769] AH01991: SSL input filter read failed.
[Wed Jun 15 14:09:02.560246 2016] [ssl:info] [pid 22674:tid 140015547946752] [client 66.249.66.88:60291] AH01964: Connection to child 9 established (server campusthrift.com:443)
[Wed Jun 15 14:09:07.457514 2016] [ssl:info] [pid 22674:tid 140015514375936] (70014)End of file found: [client 66.249.66.88:60291] AH01991: SSL input filter read failed.
[Wed Jun 15 14:09:15.068558 2016] [ssl:info] [pid 22675:tid 140015531161344] [client 66.249.66.85:45211] AH01964: Connection to child 75 established (server campusthrift.com:443)
[Wed Jun 15 14:09:19.760876 2016] [ssl:info] [pid 22675:tid 140015522768640] (70014)End of file found: [client 66.249.66.85:45211] AH01991: SSL input filter read failed.
[Wed Jun 15 14:30:47.640495 2016] [ssl:info] [pid 22675:tid 140015472412416] [client 204.45.61.218:54005] AH01964: Connection to child 82 established (server campusthrift.com:443)
[Wed Jun 15 18:30:47.802706 2016] [:error] [pid 22673:tid 140015574247168] Not Found: /index.php
[Wed Jun 15 14:30:47.865551 2016] [ssl:info] [pid 22675:tid 140015505983232] (70014)End of file found: [client 204.45.61.218:54005] AH01991: SSL input filter read failed.
[Wed Jun 15 14:35:41.195896 2016] [ssl:info] [pid 22674:tid 140015447234304] [client 198.24.6.220:45258] AH01964: Connection to child 21 established (server campusthrift.com:443)
[Wed Jun 15 14:35:42.373648 2016] [ssl:info] [pid 22675:tid 140015430448896] [client 198.24.6.220:52414] AH01964: Connection to child 87 established (server campusthrift.com:443)
[Wed Jun 15 14:35:42.374246 2016] [ssl:info] [pid 22674:tid 140015531161344] [client 198.24.6.220:62681] AH01964: Connection to child 11 established (server campusthrift.com:443)
[Wed Jun 15 14:35:42.375284 2016] [ssl:info] [pid 22674:tid 140015455627008] [client 198.24.6.220:44950] AH01964: Connection to child 20 established (server campusthrift.com:443)
[Wed Jun 15 14:35:42.376129 2016] [ssl:info] [pid 22674:tid 140015422056192] [client 198.24.6.220:5385] AH01964: Connection to child 24 established (server campusthrift.com:443)
[Wed Jun 15 14:35:42.377177 2016] [ssl:info] [pid 22675:tid 140015455627008] [client 198.24.6.220:57158] AH01964: Connection to child 84 established (server campusthrift.com:443)
[Wed Jun 15 14:35:42.912544 2016] [core:info] [pid 22674:tid 140015489197824] [client 198.24.6.220:5385] AH00128: File does not exist: /var/www/campusthrift.com/static/images/img-sprite.png, referer: https://campusthrift.com/
[Wed Jun 15 18:35:43.620017 2016] [:error] [pid 22673:tid 140015574247168] Not Found: /favicon.ico
[Wed Jun 15 14:35:43.671490 2016] [ssl:info] [pid 22675:tid 140015598302976] (70014)End of file found: [client 198.24.6.220:52414] AH01991: SSL input filter read failed.
[Wed Jun 15 14:35:46.446381 2016] [core:info] [pid 22674:tid 140015472412416] [client 198.24.6.220:5385] AH00128: File does not exist: /var/www/campusthrift.com/static/images/img-sprite.png, referer: https://campusthrift.com/shop/
[Wed Jun 15 18:35:46.509013 2016] [:error] [pid 22673:tid 140015674959616] Not Found: /favicon.ico
[Wed Jun 15 14:35:46.562971 2016] [ssl:info] [pid 22674:tid 140015598302976] (70014)End of file found: [client 198.24.6.220:5385] AH01991: SSL input filter read failed.
[Wed Jun 15 14:35:50.559038 2016] [core:info] [pid 22675:tid 140015464019712] [client 198.24.6.220:57158] AH00128: File does not exist: /var/www/campusthrift.com/static/images/img-sprite.png, referer: https://campusthrift.com/shop/category/Clothing/Men's%20Shirts/
[Wed Jun 15 14:35:53.020349 2016] [core:info] [pid 22675:tid 140015573124864] [client 198.24.6.220:57158] AH00128: File does not exist: /var/www/campusthrift.com/static/images/img-sprite.png, referer: https://campusthrift.com/shop/category/Shoes/Men's/
[Wed Jun 15 15:24:49.545910 2016] [ssl:info] [pid 22675:tid 140015472412416] [client 66.249.66.189:39544] AH01964: Connection to child 82 established (server campusthrift.com:443)
[Wed Jun 15 15:24:54.529144 2016] [ssl:info] [pid 22675:tid 140015505983232] (70014)End of file found: [client 66.249.66.189:39544] AH01991: SSL input filter read failed.
[Wed Jun 15 15:25:02.044342 2016] [ssl:info] [pid 22674:tid 140015581517568] [client 66.249.66.183:39977] AH01964: Connection to child 5 established (server campusthrift.com:443)
[Wed Jun 15 15:25:06.180277 2016] [ssl:info] [pid 22674:tid 140015683352320] (70014)End of file found: [client 66.249.66.183:39977] AH01991: SSL input filter read failed.
[Wed Jun 15 15:42:01.994390 2016] [ssl:info] [pid 22675:tid 140015497590528] [client 169.229.3.91:37007] AH01964: Connection to child 79 established (server campusthrift.com:443)
[Wed Jun 15 15:42:01.995183 2016] [ssl:info] [pid 22675:tid 140015497590528] [client 169.229.3.91:37007] AH02008: SSL library error 1 in handshake (server campusthrift.com:443)
[Wed Jun 15 15:42:01.995261 2016] [ssl:info] [pid 22675:tid 140015497590528] SSL Library Error: error:140760FC:SSL routines:SSL23_GET_CLIENT_HELLO:unknown protocol -- speaking not SSL to HTTPS port!?
[Wed Jun 15 15:42:01.995296 2016] [ssl:info] [pid 22675:tid 140015497590528] [client 169.229.3.91:37007] AH01998: Connection closed to child 79 with abortive shutdown (server campusthrift.com:443)
[Wed Jun 15 15:47:08.480004 2016] [ssl:info] [pid 22675:tid 140015674959616] [client 66.249.75.221:49506] AH01964: Connection to child 66 established (server campusthrift.com:443)
[Wed Jun 15 15:47:13.384957 2016] [ssl:info] [pid 22675:tid 140015598302976] (70014)End of file found: [client 66.249.75.221:49506] AH01991: SSL input filter read failed.
[Wed Jun 15 15:49:30.759771 2016] [ssl:info] [pid 22675:tid 140015691745024] [client 66.249.75.237:44428] AH01964: Connection to child 64 established (server campusthrift.com:443)
[Wed Jun 15 15:49:35.436454 2016] [ssl:info] [pid 22675:tid 140015438841600] (70014)End of file found: [client 66.249.75.237:44428] AH01991: SSL input filter read failed.
[Wed Jun 15 16:40:36.515253 2016] [ssl:info] [pid 22674:tid 140015522768640] [client 66.249.66.189:59467] AH01964: Connection to child 12 established (server campusthrift.com:443)
[Wed Jun 15 16:40:41.248615 2016] [ssl:info] [pid 22674:tid 140015447234304] (70014)End of file found: [client 66.249.66.189:59467] AH01991: SSL input filter read failed.
[Wed Jun 15 16:40:49.014219 2016] [ssl:info] [pid 22675:tid 140015505983232] [client 66.249.66.186:35611] AH01964: Connection to child 78 established (server campusthrift.com:443)
[Wed Jun 15 16:40:53.519844 2016] [ssl:info] [pid 22675:tid 140015480805120] (70014)End of file found: [client 66.249.66.186:35611] AH01991: SSL input filter read failed.
[Wed Jun 15 17:56:23.497983 2016] [ssl:info] [pid 22675:tid 140015674959616] [client 66.249.66.189:46595] AH01964: Connection to child 66 established (server campusthrift.com:443)
[Wed Jun 15 17:56:27.872665 2016] [ssl:info] [pid 22675:tid 140015447234304] (70014)End of file found: [client 66.249.66.189:46595] AH01991: SSL input filter read failed.
[Wed Jun 15 17:56:35.996386 2016] [ssl:info] [pid 22674:tid 140015430448896] [client 66.249.66.186:34776] AH01964: Connection to child 23 established (server campusthrift.com:443)
[Wed Jun 15 17:56:40.635948 2016] [ssl:info] [pid 22674:tid 140015556339456] (70014)End of file found: [client 66.249.66.186:34776] AH01991: SSL input filter read failed.
[Wed Jun 15 18:17:27.832843 2016] [ssl:info] [pid 22674:tid 140015497590528] [client 91.209.51.22:53054] AH01964: Connection to child 15 established (server campusthrift.com:443)
[Wed Jun 15 22:17:28.113751 2016] [:error] [pid 22673:tid 140015574247168] Not Found: /robots.txt
[Wed Jun 15 18:17:29.706597 2016] [ssl:info] [pid 22675:tid 140015438841600] [client 91.209.51.22:53314] AH01964: Connection to child 86 established (server campusthrift.com:443)
[Wed Jun 15 19:12:15.864092 2016] [ssl:info] [pid 22674:tid 140015683352320] [client 66.249.66.186:46174] AH01964: Connection to child 1 established (server campusthrift.com:443)
[Wed Jun 15 19:12:20.176566 2016] [ssl:info] [pid 22674:tid 140015674959616] (70014)End of file found: [client 66.249.66.186:46174] AH01991: SSL input filter read failed.
[Wed Jun 15 19:12:28.365024 2016] [ssl:info] [pid 22675:tid 140015564732160] [client 66.249.66.183:59785] AH01964: Connection to child 71 established (server campusthrift.com:443)
[Wed Jun 15 19:12:32.777283 2016] [ssl:info] [pid 22675:tid 140015514375936] (70014)End of file found: [client 66.249.66.183:59785] AH01991: SSL input filter read failed.
[Wed Jun 15 20:17:47.188393 2016] [ssl:info] [pid 22674:tid 140015480805120] [client 173.252.115.12:60134] AH01964: Connection to child 17 established (server campusthrift.com:443)
[Wed Jun 15 20:17:47.215818 2016] [ssl:info] [pid 22674:tid 140015480805120] [client 173.252.115.12:60134] AH02008: SSL library error 1 in handshake (server campusthrift.com:443)
[Wed Jun 15 20:17:47.216004 2016] [ssl:info] [pid 22674:tid 140015480805120] SSL Library Error: error:14094418:SSL routines:SSL3_READ_BYTES:tlsv1 alert unknown ca (SSL alert number 48)
[Wed Jun 15 20:17:47.216224 2016] [ssl:info] [pid 22674:tid 140015480805120] [client 173.252.115.12:60134] AH01998: Connection closed to child 17 with abortive shutdown (server campusthrift.com:443)
[Wed Jun 15 20:27:59.541525 2016] [ssl:info] [pid 22675:tid 140015422056192] [client 66.249.66.183:49935] AH01964: Connection to child 88 established (server campusthrift.com:443)
[Thu Jun 16 00:27:59.578282 2016] [:error] [pid 22673:tid 140015574247168] Not Found: /robots.txt
[Wed Jun 15 20:28:12.125228 2016] [ssl:info] [pid 22675:tid 140015522768640] [client 66.249.66.186:58741] AH01964: Connection to child 76 established (server campusthrift.com:443)
[Wed Jun 15 20:28:16.834983 2016] [ssl:info] [pid 22675:tid 140015489197824] (70014)End of file found: [client 66.249.66.186:58741] AH01991: SSL input filter read failed.
[Wed Jun 15 21:39:54.413133 2016] [ssl:info] [pid 22675:tid 140015547946752] [client 178.140.107.228:42116] AH01964: Connection to child 73 established (server campusthrift.com:443)
[Wed Jun 15 21:40:03.939819 2016] [ssl:info] [pid 22675:tid 140015497590528] (70014)End of file found: [client 178.140.107.228:42116] AH01991: SSL input filter read failed.
[Wed Jun 15 21:40:04.697779 2016] [ssl:info] [pid 22674:tid 140015505983232] [client 176.77.20.32:42040] AH01964: Connection to child 14 established (server campusthrift.com:443)
[Wed Jun 15 21:40:04.700724 2016] [ssl:info] [pid 22674:tid 140015497590528] [client 2.92.170.15:45668] AH01964: Connection to child 15 established (server campusthrift.com:443)
[Wed Jun 15 21:40:04.715857 2016] [ssl:info] [pid 22675:tid 140015539554048] [client 93.80.209.130:53369] AH01964: Connection to child 74 established (server campusthrift.com:443)
[Wed Jun 15 21:40:04.798564 2016] [ssl:info] [pid 22674:tid 140015539554048] [client 176.77.20.11:54567] AH01964: Connection to child 10 established (server campusthrift.com:443)
[Wed Jun 15 21:40:06.202960 2016] [ssl:info] [pid 22674:tid 140015489197824] (70014)End of file found: [client 176.77.20.32:42040] AH01991: SSL input filter read failed.
[Wed Jun 15 21:40:06.204933 2016] [ssl:info] [pid 22674:tid 140015472412416] (70014)End of file found: [client 2.92.170.15:45668] AH01991: SSL input filter read failed.
[Wed Jun 15 21:40:06.214479 2016] [ssl:info] [pid 22675:tid 140015674959616] (70014)End of file found: [client 93.80.209.130:53369] AH01991: SSL input filter read failed.
[Wed Jun 15 21:40:06.264256 2016] [ssl:info] [pid 22674:tid 140015691745024] (70014)End of file found: [client 176.77.20.11:54567] AH01991: SSL input filter read failed.
[Wed Jun 15 21:40:06.837048 2016] [ssl:info] [pid 22675:tid 140015447234304] [client 95.24.49.115:62091] AH01964: Connection to child 85 established (server campusthrift.com:443)
[Wed Jun 15 21:40:06.852282 2016] [ssl:info] [pid 22674:tid 140015598302976] [client 95.24.53.37:61226] AH01964: Connection to child 3 established (server campusthrift.com:443)
[Wed Jun 15 21:40:06.855991 2016] [ssl:info] [pid 22675:tid 140015598302976] [client 46.73.218.41:50529] AH01964: Connection to child 67 established (server campusthrift.com:443)
[Wed Jun 15 21:40:07.061432 2016] [ssl:info] [pid 22675:tid 140015691745024] [client 46.147.98.137:59604] AH01964: Connection to child 64 established (server campusthrift.com:443)
[Wed Jun 15 21:40:08.224535 2016] [ssl:info] [pid 22675:tid 140015438841600] (70014)End of file found: [client 46.73.218.41:50529] AH01991: SSL input filter read failed.
[Wed Jun 15 21:40:08.229432 2016] [ssl:info] [pid 22675:tid 140015683352320] (70014)End of file found: [client 95.24.49.115:62091] AH01991: SSL input filter read failed.
[Wed Jun 15 21:40:08.291085 2016] [ssl:info] [pid 22674:tid 140015589910272] (70014)End of file found: [client 95.24.53.37:61226] AH01991: SSL input filter read failed.
[Wed Jun 15 21:40:08.367190 2016] [ssl:info] [pid 22675:tid 140015589910272] (70014)End of file found: [client 46.147.98.137:59604] AH01991: SSL input filter read failed.
[Wed Jun 15 21:40:08.789021 2016] [ssl:info] [pid 22674:tid 140015581517568] [client 95.25.14.47:53766] AH01964: Connection to child 5 established (server campusthrift.com:443)
[Wed Jun 15 21:40:08.835391 2016] [ssl:info] [pid 22674:tid 140015683352320] [client 109.173.22.148:60049] AH01964: Connection to child 1 established (server campusthrift.com:443)
