[Wed Jun 15 21:40:08.870147 2016] [ssl:info] [pid 22674:tid 140015674959616] [client 2.94.158.32:62778] AH01964: Connection to child 2 established (server campusthrift.com:443)
[Wed Jun 15 21:40:09.025129 2016] [ssl:info] [pid 22675:tid 140015581517568] [client 176.77.19.131:58745] AH01964: Connection to child 69 established (server campusthrift.com:443)
[Wed Jun 15 21:40:10.048814 2016] [ssl:info] [pid 22674:tid 140015573124864] (70014)End of file found: [client 109.173.22.148:60049] AH01991: SSL input filter read failed.
[Wed Jun 15 21:40:10.052546 2016] [ssl:info] [pid 22674:tid 140015564732160] (70014)End of file found: [client 95.25.14.47:53766] AH01991: SSL input filter read failed.
[Wed Jun 15 21:40:10.140783 2016] [ssl:info] [pid 22675:tid 140015556339456] (70014)End of file found: [client 176.77.19.131:58745] AH01991: SSL input filter read failed.
[Wed Jun 15 21:40:10.159887 2016] [ssl:info] [pid 22674:tid 140015480805120] (70014)End of file found: [client 2.94.158.32:62778] AH01991: SSL input filter read failed.
[Wed Jun 15 21:40:10.613035 2016] [ssl:info] [pid 22675:tid 140015464019712] [client 176.77.108.196:33229] AH01964: Connection to child 83 established (server campusthrift.com:443)
[Wed Jun 15 21:40:10.642376 2016] [ssl:info] [pid 22675:tid 140015564732160] [client 95.25.250.94:34025] AH01964: Connection to child 71 established (server campusthrift.com:443)
[Wed Jun 15 21:40:10.665276 2016] [ssl:info] [pid 22675:tid 140015514375936] [client 176.77.19.156:45099] AH01964: Connection to child 77 established (server campusthrift.com:443)
[Wed Jun 15 21:40:11.353762 2016] [core:info] [pid 22675:tid 140015464019712] [client 176.77.108.196:33229] AH00128: File does not exist: /var/www/campusthrift.com/static/fonts/Corben-Regular.ttf) format('truetype', referer: https://campusthrift.com/
[Wed Jun 15 21:40:11.421815 2016] [core:info] [pid 22675:tid 140015514375936] [client 176.77.19.156:45099] AH00128: File does not exist: /var/www/campusthrift.com/static/fonts/webfonts/flexslider-icon.eot, referer: https://campusthrift.com/
[Wed Jun 15 21:40:11.464100 2016] [core:info] [pid 22675:tid 140015564732160] [client 95.25.250.94:34025] AH00128: File does not exist: /var/www/campusthrift.com/static/fonts/OpenSans-Regular.ttf) format('truetype', referer: https://campusthrift.com/
[Wed Jun 15 21:40:12.224149 2016] [ssl:info] [pid 22675:tid 140015573124864] (70014)End of file found: [client 176.77.108.196:33229] AH01991: SSL input filter read failed.
[Wed Jun 15 21:43:45.238514 2016] [ssl:info] [pid 22674:tid 140015464019712] [client 66.249.66.183:46134] AH01964: Connection to child 19 established (server campusthrift.com:443)
[Wed Jun 15 21:43:49.819691 2016] [ssl:info] [pid 22674:tid 140015438841600] (70014)End of file found: [client 66.249.66.183:46134] AH01991: SSL input filter read failed.
[Wed Jun 15 21:43:57.738660 2016] [ssl:info] [pid 22674:tid 140015547946752] [client 66.249.66.186:52062] AH01964: Connection to child 9 established (server campusthrift.com:443)
[Wed Jun 15 21:44:02.562983 2016] [ssl:info] [pid 22674:tid 140015514375936] (70014)End of file found: [client 66.249.66.186:52062] AH01991: SSL input filter read failed.
[Wed Jun 15 21:58:55.646268 2016] [ssl:info] [pid 22675:tid 140015522768640] [client 180.76.15.162:26388] AH01964: Connection to child 76 established (server campusthrift.com:443)
[Wed Jun 15 22:59:32.490507 2016] [ssl:info] [pid 22674:tid 140015447234304] [client 66.249.66.189:60868] AH01964: Connection to child 21 established (server campusthrift.com:443)
[Wed Jun 15 22:59:37.063249 2016] [ssl:info] [pid 22674:tid 140015430448896] (70014)End of file found: [client 66.249.66.189:60868] AH01991: SSL input filter read failed.
[Wed Jun 15 22:59:44.989998 2016] [ssl:info] [pid 22675:tid 140015430448896] [client 66.249.66.183:45768] AH01964: Connection to child 87 established (server campusthrift.com:443)
[Wed Jun 15 22:59:49.150650 2016] [ssl:info] [pid 22675:tid 140015455627008] (70014)End of file found: [client 66.249.66.183:45768] AH01991: SSL input filter read failed.
[Thu Jun 16 00:15:19.487369 2016] [ssl:info] [pid 22674:tid 140015455627008] [client 66.249.66.186:45890] AH01964: Connection to child 20 established (server campusthrift.com:443)
[Thu Jun 16 00:15:24.050605 2016] [ssl:info] [pid 22674:tid 140015531161344] (70014)End of file found: [client 66.249.66.186:45890] AH01991: SSL input filter read failed.
[Thu Jun 16 00:15:31.986065 2016] [ssl:info] [pid 22675:tid 140015674959616] [client 66.249.66.183:58692] AH01964: Connection to child 66 established (server campusthrift.com:443)
[Thu Jun 16 00:15:36.976101 2016] [ssl:info] [pid 22675:tid 140015447234304] (70014)End of file found: [client 66.249.66.183:58692] AH01991: SSL input filter read failed.
[Thu Jun 16 01:31:06.642261 2016] [ssl:info] [pid 22674:tid 140015497590528] [client 66.249.66.186:43500] AH01964: Connection to child 15 established (server campusthrift.com:443)
[Thu Jun 16 01:31:10.873615 2016] [ssl:info] [pid 22674:tid 140015539554048] (70014)End of file found: [client 66.249.66.186:43500] AH01991: SSL input filter read failed.
[Thu Jun 16 01:31:19.143571 2016] [ssl:info] [pid 22675:tid 140015683352320] [client 66.249.66.183:46781] AH01964: Connection to child 65 established (server campusthrift.com:443)
[Thu Jun 16 01:31:23.944998 2016] [ssl:info] [pid 22675:tid 140015589910272] (70014)End of file found: [client 66.249.66.183:46781] AH01991: SSL input filter read failed.
[Thu Jun 16 01:49:29.193967 2016] [ssl:info] [pid 22675:tid 140015581517568] [client 184.105.139.68:37946] AH01964: Connection to child 69 established (server campusthrift.com:443)
[Thu Jun 16 01:49:36.574349 2016] [ssl:info] [pid 22675:tid 140015556339456] (104)Connection reset by peer: [client 184.105.139.68:37946] AH01991: SSL input filter read failed.
[Thu Jun 16 01:55:58.832193 2016] [ssl:info] [pid 22675:tid 140015464019712] [client 184.105.139.68:51014] AH01964: Connection to child 83 established (server campusthrift.com:443)
[Thu Jun 16 01:56:00.367158 2016] [ssl:info] [pid 22675:tid 140015514375936] (104)Connection reset by peer: [client 184.105.139.68:51014] AH01991: SSL input filter read failed.
[Thu Jun 16 01:57:02.427186 2016] [ssl:info] [pid 22675:tid 140015564732160] [client 184.105.139.68:56087] AH01964: Connection to child 71 established (server campusthrift.com:443)
[Thu Jun 16 01:57:02.428691 2016] [ssl:info] [pid 22675:tid 140015564732160] [client 184.105.139.68:56087] AH02008: SSL library error 1 in handshake (server campusthrift.com:443)
[Thu Jun 16 01:57:02.428999 2016] [ssl:info] [pid 22675:tid 140015564732160] SSL Library Error: error:1408A0C1:SSL routines:SSL3_GET_CLIENT_HELLO:no shared cipher -- Too restrictive SSLCipherSuite or using DSA server certificate?
[Thu Jun 16 01:57:02.429041 2016] [ssl:info] [pid 22675:tid 140015564732160] [client 184.105.139.68:56087] AH01998: Connection closed to child 71 with abortive shutdown (server campusthrift.com:443)
[Thu Jun 16 02:46:53.493053 2016] [ssl:info] [pid 22674:tid 140015489197824] [client 66.249.66.189:50344] AH01964: Connection to child 16 established (server campusthrift.com:443)
[Thu Jun 16 02:46:58.113549 2016] [ssl:info] [pid 22674:tid 140015472412416] (70014)End of file found: [client 66.249.66.189:50344] AH01991: SSL input filter read failed.
[Thu Jun 16 02:47:05.991567 2016] [ssl:info] [pid 22675:tid 140015531161344] [client 66.249.66.183:51290] AH01964: Connection to child 75 established (server campusthrift.com:443)
[Thu Jun 16 02:47:10.845634 2016] [ssl:info] [pid 22675:tid 140015522768640] (70014)End of file found: [client 66.249.66.183:51290] AH01991: SSL input filter read failed.
[Thu Jun 16 04:02:40.492688 2016] [ssl:info] [pid 22674:tid 140015683352320] [client 66.249.66.189:41029] AH01964: Connection to child 1 established (server campusthrift.com:443)
[Thu Jun 16 08:02:40.544715 2016] [:error] [pid 22673:tid 140015674959616] Not Found: /shop/view/1/contact
[Thu Jun 16 04:34:25.199584 2016] [ssl:info] [pid 22675:tid 140015539554048] [client 66.249.69.155:50495] AH01964: Connection to child 74 established (server campusthrift.com:443)
[Thu Jun 16 04:34:29.583732 2016] [ssl:info] [pid 22675:tid 140015674959616] (70014)End of file found: [client 66.249.69.155:50495] AH01991: SSL input filter read failed.
[Thu Jun 16 05:12:11.223068 2016] [ssl:info] [pid 22675:tid 140015691745024] [client 180.76.15.150:11121] AH01964: Connection to child 64 established (server campusthrift.com:443)
[Thu Jun 16 05:18:27.512868 2016] [ssl:info] [pid 22675:tid 140015581517568] [client 66.249.66.183:60774] AH01964: Connection to child 69 established (server campusthrift.com:443)
[Thu Jun 16 09:18:27.550578 2016] [:error] [pid 22673:tid 140015574247168] Not Found: /shop/view/4/contact
[Thu Jun 16 05:18:31.940737 2016] [ssl:info] [pid 22675:tid 140015556339456] (70014)End of file found: [client 66.249.66.183:60774] AH01991: SSL input filter read failed.
[Thu Jun 16 06:34:14.507243 2016] [ssl:info] [pid 22674:tid 140015438841600] [client 66.249.66.186:56157] AH01964: Connection to child 22 established (server campusthrift.com:443)
[Thu Jun 16 10:34:14.544686 2016] [:error] [pid 22673:tid 140015674959616] Not Found: /shop/view/5/contact
[Thu Jun 16 06:34:18.893700 2016] [ssl:info] [pid 22674:tid 140015547946752] (70014)End of file found: [client 66.249.66.186:56157] AH01991: SSL input filter read failed.
[Thu Jun 16 07:02:19.789978 2016] [ssl:info] [pid 22674:tid 140015514375936] [client 66.249.69.149:46718] AH01964: Connection to child 13 established (server campusthrift.com:443)
[Thu Jun 16 07:02:23.998198 2016] [ssl:info] [pid 22674:tid 140015522768640] (70014)End of file found: [client 66.249.69.149:46718] AH01991: SSL input filter read failed.
[Thu Jun 16 07:50:01.586367 2016] [ssl:info] [pid 22674:tid 140015556339456] [client 66.249.66.189:62784] AH01964: Connection to child 8 established (server campusthrift.com:443)
[Thu Jun 16 11:50:01.628548 2016] [:error] [pid 22673:tid 140015674959616] Not Found: /shop/view/2/contact
[Thu Jun 16 07:50:06.007376 2016] [ssl:info] [pid 22674:tid 140015455627008] (70014)End of file found: [client 66.249.66.189:62784] AH01991: SSL input filter read failed.
[Thu Jun 16 09:05:48.714078 2016] [ssl:info] [pid 22674:tid 140015531161344] [client 66.249.66.183:38261] AH01964: Connection to child 11 established (server campusthrift.com:443)
[Thu Jun 16 13:05:48.753410 2016] [:error] [pid 22673:tid 140015574247168] Not Found: /robots.txt
[Thu Jun 16 09:05:48.799885 2016] [ssl:info] [pid 22675:tid 140015505983232] [client 66.249.66.189:59088] AH01964: Connection to child 78 established (server campusthrift.com:443)
[Thu Jun 16 13:05:48.836008 2016] [:error] [pid 22673:tid 140015674959616] Not Found: /shop/view/3/contact
[Thu Jun 16 09:05:53.228413 2016] [ssl:info] [pid 22675:tid 140015480805120] (70014)End of file found: [client 66.249.66.189:59088] AH01991: SSL input filter read failed.
[Thu Jun 16 09:05:53.454004 2016] [ssl:info] [pid 22674:tid 140015422056192] (70014)End of file found: [client 66.249.66.183:38261] AH01991: SSL input filter read failed.
[Thu Jun 16 09:51:21.392093 2016] [ssl:info] [pid 22675:tid 140015674959616] [client 66.249.75.237:54157] AH01964: Connection to child 66 established (server campusthrift.com:443)
[Thu Jun 16 09:51:23.305088 2016] [ssl:info] [pid 22674:tid 140015539554048] [client 66.249.75.221:48269] AH01964: Connection to child 10 established (server campusthrift.com:443)
[Thu Jun 16 09:51:27.082772 2016] [ssl:info] [pid 22675:tid 140015438841600] (70014)End of file found: [client 66.249.75.237:54157] AH01991: SSL input filter read failed.
[Thu Jun 16 09:51:27.970175 2016] [ssl:info] [pid 22674:tid 140015472412416] (70014)End of file found: [client 66.249.75.221:48269] AH01991: SSL input filter read failed.
[Thu Jun 16 10:21:35.500180 2016] [ssl:info] [pid 22674:tid 140015598302976] [client 66.249.66.186:64818] AH01964: Connection to child 3 established (server campusthrift.com:443)
[Thu Jun 16 10:21:39.991186 2016] [ssl:info] [pid 22674:tid 140015589910272] (70014)End of file found: [client 66.249.66.186:64818] AH01991: SSL input filter read failed.
[Thu Jun 16 10:21:48.000822 2016] [ssl:info] [pid 22674:tid 140015683352320] [client 66.249.66.186:59019] AH01964: Connection to child 1 established (server campusthrift.com:443)
[Thu Jun 16 10:21:52.984142 2016] [ssl:info] [pid 22674:tid 140015581517568] (70014)End of file found: [client 66.249.66.186:59019] AH01991: SSL input filter read failed.
[Thu Jun 16 11:37:22.780589 2016] [ssl:info] [pid 22675:tid 140015464019712] [client 66.249.75.221:55067] AH01964: Connection to child 83 established (server campusthrift.com:443)
[Thu Jun 16 11:37:27.040557 2016] [ssl:info] [pid 22675:tid 140015514375936] (70014)End of file found: [client 66.249.75.221:55067] AH01991: SSL input filter read failed.
[Thu Jun 16 11:37:35.272971 2016] [ssl:info] [pid 22674:tid 140015564732160] [client 66.249.75.221:58255] AH01964: Connection to child 7 established (server campusthrift.com:443)
[Thu Jun 16 11:37:40.030941 2016] [ssl:info] [pid 22674:tid 140015480805120] (70014)End of file found: [client 66.249.75.221:58255] AH01991: SSL input filter read failed.
[Thu Jun 16 11:38:41.519278 2016] [ssl:info] [pid 22675:tid 140015422056192] [client 66.249.64.243:45701] AH01964: Connection to child 88 established (server campusthrift.com:443)
[Thu Jun 16 12:08:32.339390 2016] [ssl:info] [pid 22674:tid 140015464019712] [client 66.249.64.149:41063] AH01964: Connection to child 19 established (server campusthrift.com:443)
[Thu Jun 16 12:08:36.993279 2016] [ssl:info] [pid 22674:tid 140015438841600] (70014)End of file found: [client 66.249.64.149:41063] AH01991: SSL input filter read failed.
[Thu Jun 16 13:19:50.345571 2016] [ssl:info] [pid 22674:tid 140015447234304] [client 99.43.164.146:60334] AH01964: Connection to child 21 established (server campusthrift.com:443)
[Thu Jun 16 13:19:50.350143 2016] [ssl:info] [pid 22674:tid 140015430448896] [client 99.43.164.146:60335] AH01964: Connection to child 23 established (server campusthrift.com:443)
[Thu Jun 16 13:19:51.706539 2016] [ssl:info] [pid 22675:tid 140015480805120] [client 99.43.164.146:60340] AH01964: Connection to child 81 established (server campusthrift.com:443)
[Thu Jun 16 13:19:51.707093 2016] [ssl:info] [pid 22674:tid 140015455627008] [client 99.43.164.146:60342] AH01964: Connection to child 20 established (server campusthrift.com:443)
[Thu Jun 16 13:19:51.709022 2016] [ssl:info] [pid 22674:tid 140015531161344] [client 99.43.164.146:60341] AH01964: Connection to child 11 established (server campusthrift.com:443)
[Thu Jun 16 13:19:51.710901 2016] [ssl:info] [pid 22675:tid 140015430448896] [client 99.43.164.146:60343] AH01964: Connection to child 87 established (server campusthrift.com:443)
[Thu Jun 16 13:19:54.096919 2016] [core:info] [pid 22674:tid 140015691745024] [client 99.43.164.146:60341] AH00128: File does not exist: /var/www/campusthrift.com/static/images/img-sprite.png, referer: https://campusthrift.com/static/css/style.css
[Thu Jun 16 13:20:07.681819 2016] [ssl:info] [pid 22674:tid 140015589910272] [client 99.43.164.146:60355] AH01964: Connection to child 4 established (server campusthrift.com:443)
[Thu Jun 16 13:20:07.682845 2016] [ssl:info] [pid 22674:tid 140015683352320] [client 99.43.164.146:60356] AH01964: Connection to child 1 established (server campusthrift.com:443)
[Thu Jun 16 13:20:08.239510 2016] [ssl:info] [pid 22675:tid 140015497590528] [client 99.43.164.146:60357] AH01964: Connection to child 79 established (server campusthrift.com:443)
[Thu Jun 16 13:20:08.242942 2016] [ssl:info] [pid 22674:tid 140015674959616] [client 99.43.164.146:60358] AH01964: Connection to child 2 established (server campusthrift.com:443)
[Thu Jun 16 13:20:08.244138 2016] [ssl:info] [pid 22674:tid 140015573124864] [client 99.43.164.146:60360] AH01964: Connection to child 6 established (server campusthrift.com:443)
[Thu Jun 16 13:20:08.245342 2016] [ssl:info] [pid 22674:tid 140015564732160] [client 99.43.164.146:60359] AH01964: Connection to child 7 established (server campusthrift.com:443)
[Thu Jun 16 13:20:08.704156 2016] [core:info] [pid 22674:tid 140015480805120] [client 99.43.164.146:60355] AH00128: File does not exist: /var/www/campusthrift.com/static/images/img-sprite.png, referer: https://campusthrift.com/static/css/style.css
[Thu Jun 16 13:20:31.213505 2016] [ssl:info] [pid 22674:tid 140015683352320] (70014)End of file found: [client 99.43.164.146:60356] AH01991: SSL input filter read failed.
[Thu Jun 16 13:20:31.214137 2016] [ssl:info] [pid 22675:tid 140015497590528] (70014)End of file found: [client 99.43.164.146:60357] AH01991: SSL input filter read failed.
[Thu Jun 16 13:20:31.214352 2016] [ssl:info] [pid 22674:tid 140015674959616] (70014)End of file found: [client 99.43.164.146:60358] AH01991: SSL input filter read failed.
[Thu Jun 16 13:20:31.214503 2016] [ssl:info] [pid 22674:tid 140015573124864] (70014)End of file found: [client 99.43.164.146:60360] AH01991: SSL input filter read failed.
[Thu Jun 16 13:20:31.214747 2016] [ssl:info] [pid 22674:tid 140015564732160] (70014)End of file found: [client 99.43.164.146:60359] AH01991: SSL input filter read failed.
[Thu Jun 16 13:20:31.296116 2016] [ssl:info] [pid 22675:tid 140015539554048] [client 99.43.164.146:60361] AH01964: Connection to child 74 established (server campusthrift.com:443)
[Thu Jun 16 13:20:31.875903 2016] [core:info] [pid 22675:tid 140015598302976] [client 99.43.164.146:60361] AH00128: File does not exist: /var/www/campusthrift.com/static/images/img-sprite.png, referer: https://campusthrift.com/static/css/style.css
[Thu Jun 16 13:20:31.879979 2016] [ssl:info] [pid 22674:tid 140015464019712] [client 99.43.164.146:60362] AH01964: Connection to child 19 established (server campusthrift.com:443)
[Thu Jun 16 13:25:32.045998 2016] [ssl:info] [pid 22674:tid 140015464019712] (70007)The timeout specified has expired: [client 99.43.164.146:60362] AH01991: SSL input filter read failed.
[Thu Jun 16 13:58:39.870945 2016] [ssl:info] [pid 22675:tid 140015438841600] [client 66.249.64.161:46772] AH01964: Connection to child 86 established (server campusthrift.com:443)
[Thu Jun 16 13:58:44.840299 2016] [ssl:info] [pid 22675:tid 140015691745024] (70014)End of file found: [client 66.249.64.161:46772] AH01991: SSL input filter read failed.
[Thu Jun 16 14:08:56.567660 2016] [ssl:info] [pid 22675:tid 140015683352320] [client 66.249.75.237:40139] AH01964: Connection to child 65 established (server campusthrift.com:443)
[Thu Jun 16 14:09:00.713996 2016] [ssl:info] [pid 22675:tid 140015589910272] (70014)End of file found: [client 66.249.75.237:40139] AH01991: SSL input filter read failed.
[Thu Jun 16 14:09:09.068259 2016] [ssl:info] [pid 22675:tid 140015581517568] [client 66.249.75.221:50585] AH01964: Connection to child 69 established (server campusthrift.com:443)
[Thu Jun 16 14:09:13.280590 2016] [ssl:info] [pid 22675:tid 140015556339456] (70014)End of file found: [client 66.249.75.221:50585] AH01991: SSL input filter read failed.
[Thu Jun 16 14:18:30.209838 2016] [ssl:info] [pid 22675:tid 140015564732160] [client 54.155.197.183:35914] AH01964: Connection to child 71 established (server campusthrift.com:443)
[Thu Jun 16 14:18:30.390966 2016] [ssl:info] [pid 22675:tid 140015564732160] (70014)End of file found: [client 54.155.197.183:35914] AH01991: SSL input filter read failed.
[Thu Jun 16 14:26:59.616320 2016] [ssl:info] [pid 22675:tid 140015573124864] [client 169.229.3.91:60775] AH01964: Connection to child 70 established (server campusthrift.com:443)
[Thu Jun 16 14:26:59.617079 2016] [ssl:info] [pid 22675:tid 140015573124864] [client 169.229.3.91:60775] AH02008: SSL library error 1 in handshake (server campusthrift.com:443)
[Thu Jun 16 14:26:59.617201 2016] [ssl:info] [pid 22675:tid 140015573124864] SSL Library Error: error:140760FC:SSL routines:SSL23_GET_CLIENT_HELLO:unknown protocol -- speaking not SSL to HTTPS port!?
[Thu Jun 16 14:26:59.617233 2016] [ssl:info] [pid 22675:tid 140015573124864] [client 169.229.3.91:60775] AH01998: Connection closed to child 70 with abortive shutdown (server campusthrift.com:443)
[Thu Jun 16 14:37:24.019820 2016] [ssl:info] [pid 22675:tid 140015522768640] [client 5.9.85.4:50355] AH01964: Connection to child 76 established (server campusthrift.com:443)
[Thu Jun 16 18:37:24.205454 2016] [:error] [pid 22673:tid 140015674959616] Not Found: /robots.txt
[Thu Jun 16 14:37:25.914269 2016] [ssl:info] [pid 22674:tid 140015556339456] [client 5.9.85.4:52262] AH01964: Connection to child 8 established (server campusthrift.com:443)
[Thu Jun 16 15:24:43.510874 2016] [ssl:info] [pid 22674:tid 140015430448896] [client 66.249.75.229:34795] AH01964: Connection to child 23 established (server campusthrift.com:443)
[Thu Jun 16 15:24:48.093699 2016] [ssl:info] [pid 22674:tid 140015422056192] (70014)End of file found: [client 66.249.75.229:34795] AH01991: SSL input filter read failed.
[Thu Jun 16 15:24:56.008628 2016] [ssl:info] [pid 22674:tid 140015531161344] [client 66.249.75.229:46774] AH01964: Connection to child 11 established (server campusthrift.com:443)
[Thu Jun 16 16:31:37.989615 2016] [ssl:info] [pid 22675:tid 140015598302976] [client 173.208.157.186:40858] AH01964: Connection to child 67 established (server campusthrift.com:443)
[Thu Jun 16 20:31:38.070577 2016] [:error] [pid 22673:tid 140015674959616] Not Found: /robots.txt
[Thu Jun 16 16:31:39.915418 2016] [ssl:info] [pid 22674:tid 140015497590528] [client 173.208.157.186:43648] AH01964: Connection to child 15 established (server campusthrift.com:443)
[Thu Jun 16 16:31:45.924701 2016] [ssl:info] [pid 22675:tid 140015683352320] [client 173.208.157.186:51698] AH01964: Connection to child 65 established (server campusthrift.com:443)
[Thu Jun 16 16:40:30.513509 2016] [ssl:info] [pid 22675:tid 140015581517568] [client 66.249.75.229:35897] AH01964: Connection to child 69 established (server campusthrift.com:443)
[Thu Jun 16 16:40:34.673183 2016] [ssl:info] [pid 22675:tid 140015556339456] (70014)End of file found: [client 66.249.75.229:35897] AH01991: SSL input filter read failed.
[Thu Jun 16 16:40:43.014426 2016] [ssl:info] [pid 22675:tid 140015464019712] [client 66.249.75.229:54723] AH01964: Connection to child 83 established (server campusthrift.com:443)
[Thu Jun 16 16:40:47.656871 2016] [ssl:info] [pid 22675:tid 140015514375936] (70014)End of file found: [client 66.249.75.229:54723] AH01991: SSL input filter read failed.
[Thu Jun 16 16:43:53.563359 2016] [ssl:info] [pid 22674:tid 140015539554048] [client 66.249.64.155:57377] AH01964: Connection to child 10 established (server campusthrift.com:443)
[Thu Jun 16 16:43:58.065120 2016] [ssl:info] [pid 22674:tid 140015505983232] (70014)End of file found: [client 66.249.64.155:57377] AH01991: SSL input filter read failed.
[Thu Jun 16 16:44:13.860218 2016] [ssl:info] [pid 22674:tid 140015489197824] [client 66.249.64.71:48330] AH01964: Connection to child 16 established (server campusthrift.com:443)
[Thu Jun 16 16:44:18.245138 2016] [ssl:info] [pid 22674:tid 140015472412416] (70014)End of file found: [client 66.249.64.71:48330] AH01991: SSL input filter read failed.
[Thu Jun 16 17:56:19.491084 2016] [ssl:info] [pid 22674:tid 140015573124864] [client 66.249.75.237:63739] AH01964: Connection to child 6 established (server campusthrift.com:443)
[Thu Jun 16 17:56:23.601452 2016] [ssl:info] [pid 22674:tid 140015564732160] (70014)End of file found: [client 66.249.75.237:63739] AH01991: SSL input filter read failed.
[Thu Jun 16 17:56:31.991972 2016] [ssl:info] [pid 22675:tid 140015489197824] [client 66.249.75.221:38114] AH01964: Connection to child 80 established (server campusthrift.com:443)
[Thu Jun 16 17:56:36.657855 2016] [ssl:info] [pid 22675:tid 140015472412416] (70014)End of file found: [client 66.249.75.221:38114] AH01991: SSL input filter read failed.
[Thu Jun 16 18:35:47.202575 2016] [ssl:info] [pid 22674:tid 140015438841600] [client 69.63.188.198:64661] AH01964: Connection to child 22 established (server campusthrift.com:443)
